interactions:
- request:
    body: null
    headers:
      accept:
      - '*/*'
      accept-encoding:
      - gzip, deflate
      connection:
      - keep-alive
      content-type:
      - application/json
      date:
      - Mon, 28 Jun 2021 22:20:09 GMT
      host:
      - dns.us-ashburn-1.oraclecloud.com
      user-agent:
      - python-requests/2.25.1
    method: GET
    uri: https://dns.us-ashburn-1.oraclecloud.com/20180115/zones/lexicon-test.com
  response:
    body:
      string: '{"zoneType":"PRIMARY","name":"lexicon-test.com","externalMasters":[],"self":"https://dns.us-ashburn-1.oraclecloud.com/20180115/zones/lexicon-test.com","timeCreated":"2021-06-23T10:07:46Z","version":"443","serial":443,"nameservers":[{"hostname":"ns1.p68.dns.oraclecloud.net"},{"hostname":"ns2.p68.dns.oraclecloud.net"},{"hostname":"ns3.p68.dns.oraclecloud.net"},{"hostname":"ns4.p68.dns.oraclecloud.net"}],"compartmentId":"OCI-COMPARTMENT-ID","id":"DNS-ZONE-ID","lifecycleState":"ACTIVE","scope":"GLOBAL","viewId":null,"isProtected":false}

        '
    headers:
      Connection:
      - keep-alive
      Content-Type:
      - application/json
      Date:
      - Mon, 28 Jun 2021 22:20:11 GMT
      ETag:
      - '"443ocid1.dns-zone.oc1..847c27f48092401b867140660ee2168docid1.compartment.oc1..aaaaaaaakklh3onuoqfzgpe4tlflbmabkytrmmukcllef5vfc65quvqhtfsq164374825086dc65cd5dc548c248f61328b5d668#application/json--gzip"'
      Vary:
      - Accept-Encoding
      content-length:
      - '645'
      opc-request-id:
      - /65DA190726890A4C138264B590C0B702/50892FB62F0AC570CF5F660296015EA1
    status:
      code: 200
      message: OK
- request:
    body: '{"items": [{"operation": "ADD", "rtype": "TXT", "rdata": "challengetoken1",
      "ttl": 3600}]}'
    headers:
      Content-Length:
      - '90'
      accept:
      - '*/*'
      accept-encoding:
      - gzip, deflate
      connection:
      - keep-alive
      content-type:
      - application/json
      date:
      - Mon, 28 Jun 2021 22:20:11 GMT
      host:
      - dns.us-ashburn-1.oraclecloud.com
      user-agent:
      - python-requests/2.25.1
    method: PATCH
    uri: https://dns.us-ashburn-1.oraclecloud.com/20180115/zones/lexicon-test.com/records/_acme-challenge.deleterecordinset.lexicon-test.com
  response:
    body:
      string: '{"items":[{"domain":"_acme-challenge.deleterecordinset.lexicon-test.com","recordHash":"05a878f361773a0bcaa7ac0b74900b7f","isProtected":false,"rdata":"\"challengetoken2\"","rrsetVersion":"444","rtype":"TXT","ttl":3600},{"domain":"_acme-challenge.deleterecordinset.lexicon-test.com","recordHash":"b2d70b65b5a4ad3bcf9a62dec59860b0","isProtected":false,"rdata":"\"challengetoken1\"","rrsetVersion":"444","rtype":"TXT","ttl":3600}]}

        '
    headers:
      Connection:
      - keep-alive
      Content-Length:
      - '428'
      Content-Type:
      - application/json
      Date:
      - Mon, 28 Jun 2021 22:20:16 GMT
      ETag:
      - '"444ocid1.dns-zone.oc1..847c27f48092401b867140660ee2168d#application/json"'
      opc-request-id:
      - /93520F40E5E22F173F4A2919DBE7BCAF/2498271707BDCCA691EECEFB19FA1520
      opc-total-items:
      - '2'
    status:
      code: 200
      message: OK
- request:
    body: '{"items": [{"operation": "ADD", "rtype": "TXT", "rdata": "challengetoken2",
      "ttl": 3600}]}'
    headers:
      Content-Length:
      - '90'
      accept:
      - '*/*'
      accept-encoding:
      - gzip, deflate
      connection:
      - keep-alive
      content-type:
      - application/json
      date:
      - Mon, 28 Jun 2021 22:20:17 GMT
      host:
      - dns.us-ashburn-1.oraclecloud.com
      user-agent:
      - python-requests/2.25.1
    method: PATCH
    uri: https://dns.us-ashburn-1.oraclecloud.com/20180115/zones/lexicon-test.com/records/_acme-challenge.deleterecordinset.lexicon-test.com
  response:
    body:
      string: '{"items":[{"domain":"_acme-challenge.deleterecordinset.lexicon-test.com","recordHash":"05a878f361773a0bcaa7ac0b74900b7f","isProtected":false,"rdata":"\"challengetoken2\"","rrsetVersion":"444","rtype":"TXT","ttl":3600},{"domain":"_acme-challenge.deleterecordinset.lexicon-test.com","recordHash":"b2d70b65b5a4ad3bcf9a62dec59860b0","isProtected":false,"rdata":"\"challengetoken1\"","rrsetVersion":"444","rtype":"TXT","ttl":3600}]}

        '
    headers:
      Connection:
      - keep-alive
      Content-Length:
      - '428'
      Content-Type:
      - application/json
      Date:
      - Mon, 28 Jun 2021 22:20:19 GMT
      ETag:
      - '"444ocid1.dns-zone.oc1..847c27f48092401b867140660ee2168d#application/json"'
      opc-request-id:
      - /EDAF4E6C4C8730F354F380C7B67AF8EB/4ED71E5CAE149C21F3BA380847D59266
      opc-total-items:
      - '2'
    status:
      code: 200
      message: OK
- request:
    body: null
    headers:
      accept:
      - '*/*'
      accept-encoding:
      - gzip, deflate
      connection:
      - keep-alive
      content-type:
      - application/json
      date:
      - Mon, 28 Jun 2021 22:20:19 GMT
      host:
      - dns.us-ashburn-1.oraclecloud.com
      user-agent:
      - python-requests/2.25.1
    method: GET
    uri: https://dns.us-ashburn-1.oraclecloud.com/20180115/zones/lexicon-test.com/records/_acme-challenge.deleterecordinset.lexicon-test.com?limit=100&rtype=TXT
  response:
    body:
      string: '{"items":[{"domain":"_acme-challenge.deleterecordinset.lexicon-test.com","recordHash":"05a878f361773a0bcaa7ac0b74900b7f","isProtected":false,"rdata":"\"challengetoken2\"","rrsetVersion":"444","rtype":"TXT","ttl":3600},{"domain":"_acme-challenge.deleterecordinset.lexicon-test.com","recordHash":"b2d70b65b5a4ad3bcf9a62dec59860b0","isProtected":false,"rdata":"\"challengetoken1\"","rrsetVersion":"444","rtype":"TXT","ttl":3600}]}

        '
    headers:
      Connection:
      - keep-alive
      Content-Type:
      - application/json
      Date:
      - Mon, 28 Jun 2021 22:20:21 GMT
      ETag:
      - '"444ocid1.dns-zone.oc1..847c27f48092401b867140660ee2168d#application/json--gzip"'
      Vary:
      - Accept-Encoding
      content-length:
      - '428'
      opc-request-id:
      - /F70692F130E7686DD25152D7E8472189/E90EE0C7E92AE5D694EB6B1DA180C7C8
      opc-total-items:
      - '2'
    status:
      code: 200
      message: OK
- request:
    body: '{"items": [{"operation": "REMOVE", "recordHash": "b2d70b65b5a4ad3bcf9a62dec59860b0"}]}'
    headers:
      Content-Length:
      - '86'
      accept:
      - '*/*'
      accept-encoding:
      - gzip, deflate
      connection:
      - keep-alive
      content-type:
      - application/json
      date:
      - Mon, 28 Jun 2021 22:20:21 GMT
      host:
      - dns.us-ashburn-1.oraclecloud.com
      user-agent:
      - python-requests/2.25.1
    method: PATCH
    uri: https://dns.us-ashburn-1.oraclecloud.com/20180115/zones/lexicon-test.com/records
  response:
    body:
      string: '{"items":[{"domain":"docs.lexicon-test.com","recordHash":"d6fe36b079d4ac2985b25a5b96882cd7","isProtected":false,"rdata":"docs.example.com.","rrsetVersion":"278","rtype":"CNAME","ttl":3600},{"domain":"lexicon-test.com","recordHash":"5ce9d2cc56bc9db57ba9d998a98d911a","isProtected":true,"rdata":"ns1.p68.dns.oraclecloud.net.
        hostmaster.lexicon-test.com. 445 3600 600 604800 1800","rrsetVersion":"445","rtype":"SOA","ttl":300},{"domain":"lexicon-test.com","recordHash":"8afe5805e230374e4703870ce5e1b362","isProtected":true,"rdata":"ns4.p68.dns.oraclecloud.net.","rrsetVersion":"1","rtype":"NS","ttl":86400},{"domain":"lexicon-test.com","recordHash":"cab28e6a040cdfae00893dad01209480","isProtected":true,"rdata":"ns2.p68.dns.oraclecloud.net.","rrsetVersion":"1","rtype":"NS","ttl":86400},{"domain":"lexicon-test.com","recordHash":"e276958b1b2c5ec312c120f9448f0295","isProtected":true,"rdata":"ns1.p68.dns.oraclecloud.net.","rrsetVersion":"1","rtype":"NS","ttl":86400},{"domain":"lexicon-test.com","recordHash":"fc5e04ede640257ab27fe19e8554c727","isProtected":true,"rdata":"ns3.p68.dns.oraclecloud.net.","rrsetVersion":"1","rtype":"NS","ttl":86400},{"domain":"localhost.lexicon-test.com","recordHash":"20068f94cf294942b1811fd409231dbe","isProtected":false,"rdata":"127.0.0.1","rrsetVersion":"277","rtype":"A","ttl":3600},{"domain":"orig.nameonly.test.lexicon-test.com","recordHash":"896d848b26f834d9c8fe08f83aaa580b","isProtected":false,"rdata":"\"updated\"","rrsetVersion":"321","rtype":"TXT","ttl":3600},{"domain":"orig.nameonly.test.lexicon-test.com","recordHash":"d96871ac7da8df9d246600731475f74a","isProtected":false,"rdata":"\"challengetoken\"","rrsetVersion":"321","rtype":"TXT","ttl":3600},{"domain":"orig.test.lexicon-test.com","recordHash":"c7825b2895d6a22416fe1e807f86d27d","isProtected":false,"rdata":"\"challengetoken\"","rrsetVersion":"304","rtype":"TXT","ttl":3600},{"domain":"orig.testfqdn.lexicon-test.com","recordHash":"b157b0f18514bf637d2da9a60c2d5db7","isProtected":false,"rdata":"\"challengetoken\"","rrsetVersion":"306","rtype":"TXT","ttl":3600},{"domain":"orig.testfull.lexicon-test.com","recordHash":"5812b10f4c43f8ac590a8bd07f5dce3c","isProtected":false,"rdata":"\"challengetoken\"","rrsetVersion":"307","rtype":"TXT","ttl":3600},{"domain":"random.fqdntest.lexicon-test.com","recordHash":"5d5b4b9a09be257562199ec4184d0a93","isProtected":false,"rdata":"\"challengetoken\"","rrsetVersion":"301","rtype":"TXT","ttl":3600},{"domain":"random.fulltest.lexicon-test.com","recordHash":"da642cca98776d00b0f61fad4051e489","isProtected":false,"rdata":"\"challengetoken\"","rrsetVersion":"302","rtype":"TXT","ttl":3600},{"domain":"random.test.lexicon-test.com","recordHash":"5939d233a3249cb1034c6267ee7d1013","isProtected":false,"rdata":"\"challengetoken\"","rrsetVersion":"303","rtype":"TXT","ttl":3600},{"domain":"ttl.fqdn.lexicon-test.com","recordHash":"b1a860728a050a1e193737002a8c392e","isProtected":false,"rdata":"\"ttlshouldbe3600\"","rrsetVersion":"298","rtype":"TXT","ttl":3600},{"domain":"_acme-challenge.createrecordset.lexicon-test.com","recordHash":"b6ebc41fde88500b72e3c74ed37f555e","isProtected":false,"rdata":"\"challengetoken2\"","rrsetVersion":"283","rtype":"TXT","ttl":3600},{"domain":"_acme-challenge.createrecordset.lexicon-test.com","recordHash":"eaca746d30c89bd96cf39ad069a282ce","isProtected":false,"rdata":"\"challengetoken1\"","rrsetVersion":"283","rtype":"TXT","ttl":3600},{"domain":"_acme-challenge.deleterecordinset.lexicon-test.com","recordHash":"05a878f361773a0bcaa7ac0b74900b7f","isProtected":false,"rdata":"\"challengetoken2\"","rrsetVersion":"445","rtype":"TXT","ttl":3600},{"domain":"_acme-challenge.fqdn.lexicon-test.com","recordHash":"2e1d5026438c46441999c0ed61cb6450","isProtected":false,"rdata":"\"challengetoken\"","rrsetVersion":"279","rtype":"TXT","ttl":3600},{"domain":"_acme-challenge.full.lexicon-test.com","recordHash":"92f11feb1c17981adef50d1c93ec3c5e","isProtected":false,"rdata":"\"challengetoken\"","rrsetVersion":"280","rtype":"TXT","ttl":3600},{"domain":"_acme-challenge.listrecordset.lexicon-test.com","recordHash":"06c966e4438fe15715878d4105682b58","isProtected":false,"rdata":"\"challengetoken1\"","rrsetVersion":"300","rtype":"TXT","ttl":3600},{"domain":"_acme-challenge.listrecordset.lexicon-test.com","recordHash":"cc91cf484d8cd148c3e9ddd3fd4018c0","isProtected":false,"rdata":"\"challengetoken2\"","rrsetVersion":"300","rtype":"TXT","ttl":3600},{"domain":"_acme-challenge.noop.lexicon-test.com","recordHash":"575c16c67d0a8ec908f50cca7bc8c0cb","isProtected":false,"rdata":"\"challengetoken\"","rrsetVersion":"284","rtype":"TXT","ttl":3600},{"domain":"_acme-challenge.test.lexicon-test.com","recordHash":"768ea81c2972b69ac41fd65fe5bb53be","isProtected":false,"rdata":"\"challengetoken\"","rrsetVersion":"281","rtype":"TXT","ttl":3600}]}

        '
    headers:
      Connection:
      - keep-alive
      Content-Length:
      - '4802'
      Content-Type:
      - application/json
      Date:
      - Mon, 28 Jun 2021 22:20:24 GMT
      ETag:
      - '"445ocid1.dns-zone.oc1..847c27f48092401b867140660ee2168d#application/json"'
      opc-request-id:
      - /94272C80F135003B6096B108AB9DD75B/9E74A69FD4671EE2FDAEA5BD9CE22466
      opc-total-items:
      - '25'
    status:
      code: 200
      message: OK
- request:
    body: null
    headers:
      accept:
      - '*/*'
      accept-encoding:
      - gzip, deflate
      connection:
      - keep-alive
      content-type:
      - application/json
      date:
      - Mon, 28 Jun 2021 22:20:24 GMT
      host:
      - dns.us-ashburn-1.oraclecloud.com
      user-agent:
      - python-requests/2.25.1
    method: GET
    uri: https://dns.us-ashburn-1.oraclecloud.com/20180115/zones/lexicon-test.com/records/_acme-challenge.deleterecordinset.lexicon-test.com?limit=100&rtype=TXT
  response:
    body:
      string: '{"items":[{"domain":"_acme-challenge.deleterecordinset.lexicon-test.com","recordHash":"05a878f361773a0bcaa7ac0b74900b7f","isProtected":false,"rdata":"\"challengetoken2\"","rrsetVersion":"445","rtype":"TXT","ttl":3600}]}

        '
    headers:
      Connection:
      - keep-alive
      Content-Length:
      - '220'
      Content-Type:
      - application/json
      Date:
      - Mon, 28 Jun 2021 22:20:25 GMT
      ETag:
      - '"445ocid1.dns-zone.oc1..847c27f48092401b867140660ee2168d#application/json"'
      Vary:
      - Accept-Encoding
      opc-request-id:
      - /85049157EB246F5815BE878D5E7B1B6F/B5E1A82F3B569D6B1C092FBFB32C09FA
      opc-total-items:
      - '1'
    status:
      code: 200
      message: OK
version: 1
