interactions:
- request:
    body: null
    headers:
      accept:
      - '*/*'
      accept-encoding:
      - gzip, deflate
      connection:
      - keep-alive
      content-type:
      - application/json
      date:
      - Fri, 13 May 2022 21:23:41 GMT
      host:
      - dns.us-ashburn-1.oraclecloud.com
      user-agent:
      - python-requests/2.27.1
    method: GET
    uri: https://dns.us-ashburn-1.oraclecloud.com/20180115/zones/lexicon-test.com
  response:
    body:
      string: '{"zoneType":"PRIMARY","name":"lexicon-test.com","externalMasters":[],"self":"https://dns.us-ashburn-1.oraclecloud.com/20180115/zones/lexicon-test.com","timeCreated":"2022-05-13T19:21:39Z","version":"77","serial":77,"nameservers":[{"hostname":"ns1.p68.dns.oraclecloud.net"},{"hostname":"ns2.p68.dns.oraclecloud.net"},{"hostname":"ns3.p68.dns.oraclecloud.net"},{"hostname":"ns4.p68.dns.oraclecloud.net"}],"compartmentId":"OCI-COMPARTMENT-ID","id":"DNS-ZONE-ID","lifecycleState":"ACTIVE","definedTags":{"Oracle-Tags":{"CreatedBy":"USER-ID","CreatedOn":"2022-05-13T19:21:38.526Z"}},"scope":"GLOBAL","viewId":null,"isProtected":false,"dnssecState":"Disabled","dnssecConfig":null}

        '
    headers:
      Connection:
      - keep-alive
      Content-Type:
      - application/json
      Date:
      - Fri, 13 May 2022 21:23:42 GMT
      ETag:
      - '"77ocid1.dns-zone.oc1..cf5fb531cabb4f329118b700b7d89f65-b76469c1df67f3a1078010f356d0d815a13fff620a82562f86461ef12b97119238a13e42#application/json--gzip"'
      Vary:
      - Accept-Encoding
      content-length:
      - '822'
      opc-request-id:
      - /8DD4A382B681B7B94398ECA4E5C18BB9/283A485978DCF13C48A4AAAD3D3E6DB4
    status:
      code: 200
      message: OK
- request:
    body: '{"items": [{"operation": "ADD", "domain": "orig.test.lexicon-test.com",
      "rtype": "TXT", "rdata": "challengetoken", "ttl": 3600}]}'
    headers:
      Content-Length:
      - '129'
      accept:
      - '*/*'
      accept-encoding:
      - gzip, deflate
      connection:
      - keep-alive
      content-type:
      - application/json
      date:
      - Fri, 13 May 2022 21:23:42 GMT
      host:
      - dns.us-ashburn-1.oraclecloud.com
      user-agent:
      - python-requests/2.27.1
    method: PATCH
    uri: https://dns.us-ashburn-1.oraclecloud.com/20180115/zones/lexicon-test.com/records/orig.test.lexicon-test.com
  response:
    body:
      string: '{"items":[{"domain":"orig.test.lexicon-test.com","recordHash":"dfc05ad57f1aad758f9d4e3b1590d6c7","isProtected":false,"rdata":"\"challengetoken\"","rrsetVersion":"30","rtype":"TXT","ttl":3600}]}

        '
    headers:
      Connection:
      - keep-alive
      Content-Length:
      - '194'
      Content-Type:
      - application/json
      Date:
      - Fri, 13 May 2022 21:23:43 GMT
      ETag:
      - '"30ocid1.dns-zone.oc1..cf5fb531cabb4f329118b700b7d89f65#application/json"'
      opc-request-id:
      - /E7409F0F079070EA4818327118B0DC83/AB51E969D8D291D9CA4BF8B72BBEAFE8
      opc-total-items:
      - '1'
    status:
      code: 200
      message: OK
- request:
    body: null
    headers:
      accept:
      - '*/*'
      accept-encoding:
      - gzip, deflate
      connection:
      - keep-alive
      content-type:
      - application/json
      date:
      - Fri, 13 May 2022 21:23:43 GMT
      host:
      - dns.us-ashburn-1.oraclecloud.com
      user-agent:
      - python-requests/2.27.1
    method: GET
    uri: https://dns.us-ashburn-1.oraclecloud.com/20180115/zones/lexicon-test.com/records/orig.test.lexicon-test.com?limit=100&rtype=TXT
  response:
    body:
      string: '{"items":[{"domain":"orig.test.lexicon-test.com","recordHash":"dfc05ad57f1aad758f9d4e3b1590d6c7","isProtected":false,"rdata":"\"challengetoken\"","rrsetVersion":"30","rtype":"TXT","ttl":3600}]}

        '
    headers:
      Connection:
      - keep-alive
      Content-Length:
      - '194'
      Content-Type:
      - application/json
      Date:
      - Fri, 13 May 2022 21:23:44 GMT
      ETag:
      - '"30ocid1.dns-zone.oc1..cf5fb531cabb4f329118b700b7d89f65#application/json"'
      Vary:
      - Accept-Encoding
      opc-request-id:
      - /38CCADCCEB70F2BD0B70D98509902E1D/98957A78B5D0EC14FE41B75981FE8D17
      opc-total-items:
      - '1'
    status:
      code: 200
      message: OK
- request:
    body: null
    headers:
      accept:
      - '*/*'
      accept-encoding:
      - gzip, deflate
      connection:
      - keep-alive
      content-type:
      - application/json
      date:
      - Fri, 13 May 2022 21:23:44 GMT
      host:
      - dns.us-ashburn-1.oraclecloud.com
      user-agent:
      - python-requests/2.27.1
    method: GET
    uri: https://dns.us-ashburn-1.oraclecloud.com/20180115/zones/lexicon-test.com/records?limit=100&rtype=TXT
  response:
    body:
      string: '{"items":[{"domain":"orig.nameonly.test.lexicon-test.com","recordHash":"b7cc5b46f09925b4216d3ad16b8cbf78","isProtected":false,"rdata":"\"updated\"","rrsetVersion":"64","rtype":"TXT","ttl":3600},{"domain":"orig.test.lexicon-test.com","recordHash":"dfc05ad57f1aad758f9d4e3b1590d6c7","isProtected":false,"rdata":"\"challengetoken\"","rrsetVersion":"30","rtype":"TXT","ttl":3600},{"domain":"orig.testfqdn.lexicon-test.com","recordHash":"b0ebc5aa3fa1999d275cfca021fbe8a0","isProtected":false,"rdata":"\"challengetoken\"","rrsetVersion":"33","rtype":"TXT","ttl":3600},{"domain":"orig.testfull.lexicon-test.com","recordHash":"01003d82d88ebce5edd385f05ee73716","isProtected":false,"rdata":"\"challengetoken\"","rrsetVersion":"34","rtype":"TXT","ttl":3600},{"domain":"random.fqdntest.lexicon-test.com","recordHash":"ed57e7dc9d4c358ae9522a3148b4b6ff","isProtected":false,"rdata":"\"challengetoken\"","rrsetVersion":"27","rtype":"TXT","ttl":3600},{"domain":"random.fulltest.lexicon-test.com","recordHash":"ba24163967a8b8699b2ed550f0861ac4","isProtected":false,"rdata":"\"challengetoken\"","rrsetVersion":"28","rtype":"TXT","ttl":3600},{"domain":"random.test.lexicon-test.com","recordHash":"66c3ff7200d225bc381c30bbbf81671b","isProtected":false,"rdata":"\"challengetoken\"","rrsetVersion":"29","rtype":"TXT","ttl":3600},{"domain":"ttl.fqdn.lexicon-test.com","recordHash":"acf590302d4c44f8e70b904dc0f7764f","isProtected":false,"rdata":"\"ttlshouldbe3600\"","rrsetVersion":"24","rtype":"TXT","ttl":3600},{"domain":"_acme-challenge.createrecordset.lexicon-test.com","recordHash":"1817c099caf4a83d3488b04646e8a9af","isProtected":false,"rdata":"\"challengetoken2\"","rrsetVersion":"8","rtype":"TXT","ttl":3600},{"domain":"_acme-challenge.createrecordset.lexicon-test.com","recordHash":"769fa3708e340219ddce0fb0bf90df13","isProtected":false,"rdata":"\"challengetoken1\"","rrsetVersion":"8","rtype":"TXT","ttl":3600},{"domain":"_acme-challenge.deleterecordinset.lexicon-test.com","recordHash":"6f873a8d4526663515c66450b6b2b3dd","isProtected":false,"rdata":"\"challengetoken2\"","rrsetVersion":"74","rtype":"TXT","ttl":3600},{"domain":"_acme-challenge.fqdn.lexicon-test.com","recordHash":"495fb7907b335dbb06acec4856920767","isProtected":false,"rdata":"\"challengetoken\"","rrsetVersion":"4","rtype":"TXT","ttl":3600},{"domain":"_acme-challenge.full.lexicon-test.com","recordHash":"ffdf9e5dda5e0ba0895117a2996efead","isProtected":false,"rdata":"\"challengetoken\"","rrsetVersion":"5","rtype":"TXT","ttl":3600},{"domain":"_acme-challenge.listrecordset.lexicon-test.com","recordHash":"15004456198ea9400cda40e72165cf24","isProtected":false,"rdata":"\"challengetoken1\"","rrsetVersion":"26","rtype":"TXT","ttl":3600},{"domain":"_acme-challenge.listrecordset.lexicon-test.com","recordHash":"56b3dadc9142176a2b6eea46967043c6","isProtected":false,"rdata":"\"challengetoken2\"","rrsetVersion":"26","rtype":"TXT","ttl":3600},{"domain":"_acme-challenge.noop.lexicon-test.com","recordHash":"70936d5fe8494b180e575095c0e11d66","isProtected":false,"rdata":"\"challengetoken\"","rrsetVersion":"9","rtype":"TXT","ttl":3600},{"domain":"_acme-challenge.test.lexicon-test.com","recordHash":"fd914b8514d6c145b9cf007105536b0a","isProtected":false,"rdata":"\"challengetoken\"","rrsetVersion":"6","rtype":"TXT","ttl":3600}]}

        '
    headers:
      Connection:
      - keep-alive
      Content-Type:
      - application/json
      Date:
      - Fri, 13 May 2022 21:23:45 GMT
      ETag:
      - '"77ocid1.dns-zone.oc1..cf5fb531cabb4f329118b700b7d89f65#application/json--gzip"'
      Vary:
      - Accept-Encoding
      content-length:
      - '3281'
      opc-request-id:
      - /088E086A3B86184D1D81A0445A4C0234/7200E782FF06F2383397C50B4BF1E0E4
      opc-total-items:
      - '17'
    status:
      code: 200
      message: OK
- request:
    body: '{"items": [{"operation": "REMOVE", "recordHash": "dfc05ad57f1aad758f9d4e3b1590d6c7"},
      {"operation": "ADD", "rtype": "TXT", "rdata": "challengetoken", "ttl": 3600}]}'
    headers:
      Content-Length:
      - '164'
      accept:
      - '*/*'
      accept-encoding:
      - gzip, deflate
      connection:
      - keep-alive
      content-type:
      - application/json
      date:
      - Fri, 13 May 2022 21:23:45 GMT
      host:
      - dns.us-ashburn-1.oraclecloud.com
      user-agent:
      - python-requests/2.27.1
    method: PATCH
    uri: https://dns.us-ashburn-1.oraclecloud.com/20180115/zones/lexicon-test.com/records/orig.test.lexicon-test.com
  response:
    body:
      string: '{"items":[{"domain":"orig.test.lexicon-test.com","recordHash":"dfc05ad57f1aad758f9d4e3b1590d6c7","isProtected":false,"rdata":"\"challengetoken\"","rrsetVersion":"30","rtype":"TXT","ttl":3600}]}

        '
    headers:
      Connection:
      - keep-alive
      Content-Length:
      - '194'
      Content-Type:
      - application/json
      Date:
      - Fri, 13 May 2022 21:23:52 GMT
      ETag:
      - '"30ocid1.dns-zone.oc1..cf5fb531cabb4f329118b700b7d89f65#application/json"'
      opc-request-id:
      - /176356C292EFB4318F23BF39F2021A45/E27870ED74090934B0CB33A140B3C65A
      opc-total-items:
      - '1'
    status:
      code: 200
      message: OK
version: 1
