interactions:
- request:
    body: '{}'
    headers:
      Accept:
      - application/json
      Accept-Encoding:
      - gzip, deflate
      Connection:
      - keep-alive
      Content-Length:
      - '2'
      Content-Type:
      - application/json
      User-Agent:
      - python-requests/2.27.1
    method: GET
    uri: https://pddimp.yandex.ru/api2/admin/dns/list?domain=example.com
  response:
    body:
      string: '{"domain": "example.com", "records": [{"record_id": 33346411, "ttl":
        3600, "content": "challengetoken", "domain": "example.com", "fqdn": "_acme-challenge.fqdn.example.com",
        "subdomain": "_acme-challenge.fqdn", "type": "TXT", "priority": ""}, {"record_id":
        33346413, "ttl": 3600, "content": "challengetoken", "domain": "example.com",
        "fqdn": "_acme-challenge.test.example.com", "subdomain": "_acme-challenge.test",
        "type": "TXT", "priority": ""}, {"record_id": 33346414, "ttl": 3600, "content":
        "challengetoken1", "domain": "example.com", "fqdn": "_acme-challenge.createrecordset.example.com",
        "subdomain": "_acme-challenge.createrecordset", "type": "TXT", "priority":
        ""}, {"record_id": 33346415, "ttl": 3600, "content": "challengetoken2", "domain":
        "example.com", "fqdn": "_acme-challenge.createrecordset.example.com", "subdomain":
        "_acme-challenge.createrecordset", "type": "TXT", "priority": ""}, {"record_id":
        33346423, "ttl": 3600, "content": "challengetoken2", "domain": "example.com",
        "fqdn": "_acme-challenge.deleterecordinset.example.com", "subdomain": "_acme-challenge.deleterecordinset",
        "type": "TXT", "priority": ""}, {"record_id": 33346409, "ttl": 3600, "content":
        "127.0.0.1", "domain": "example.com", "fqdn": "localhost.example.com", "subdomain":
        "localhost", "type": "A", "priority": ""}, {"record_id": 33346410, "ttl":
        3600, "content": "docs.example.com.", "domain": "example.com", "fqdn": "docs.example.com",
        "subdomain": "docs", "type": "CNAME", "priority": ""}, {"record_id": 33346412,
        "ttl": 3600, "content": "challengetoken", "domain": "example.com", "fqdn":
        "_acme-challenge.full.example.com", "subdomain": "_acme-challenge.full", "type":
        "TXT", "priority": ""}, {"record_id": 33346416, "ttl": 3600, "content": "challengetoken",
        "domain": "example.com", "fqdn": "_acme-challenge.noop.example.com", "subdomain":
        "_acme-challenge.noop", "type": "TXT", "priority": ""}], "success": "ok"}'
    headers:
      Connection:
      - keep-alive
      Content-Type:
      - application/json; charset=utf-8
      Date:
      - Mon, 16 May 2022 17:48:41 GMT
      Keep-Alive:
      - timeout=120
      Server:
      - nginx
      Transfer-Encoding:
      - chunked
      content-length:
      - '1889'
    status:
      code: 200
      message: OK
- request:
    body: '{}'
    headers:
      Accept:
      - application/json
      Accept-Encoding:
      - gzip, deflate
      Connection:
      - keep-alive
      Content-Length:
      - '2'
      Content-Type:
      - application/json
      User-Agent:
      - python-requests/2.27.1
    method: POST
    uri: https://pddimp.yandex.ru/api2/admin/dns/add?domain=example.com&type=TXT&subdomain=ttl.fqdn&content=ttlshouldbe3600&ttl=3600
  response:
    body:
      string: '{"record": {"content": "ttlshouldbe3600", "fqdn": "ttl.fqdn.example.com",
        "subdomain": "ttl.fqdn", "domain": "example.com", "priority": "", "type": "TXT",
        "ttl": 3600, "record_id": 33346426}, "domain": "example.com", "success": "ok"}'
    headers:
      Connection:
      - keep-alive
      Content-Length:
      - '230'
      Content-Type:
      - application/json; charset=utf-8
      Date:
      - Mon, 16 May 2022 17:48:42 GMT
      Keep-Alive:
      - timeout=120
      Server:
      - nginx
    status:
      code: 200
      message: OK
- request:
    body: '{}'
    headers:
      Accept:
      - application/json
      Accept-Encoding:
      - gzip, deflate
      Connection:
      - keep-alive
      Content-Length:
      - '2'
      Content-Type:
      - application/json
      User-Agent:
      - python-requests/2.27.1
    method: GET
    uri: https://pddimp.yandex.ru/api2/admin/dns/list?domain=example.com
  response:
    body:
      string: '{"domain": "example.com", "records": [{"content": "challengetoken",
        "fqdn": "_acme-challenge.fqdn.example.com", "subdomain": "_acme-challenge.fqdn",
        "domain": "example.com", "priority": "", "type": "TXT", "ttl": 3600, "record_id":
        33346411}, {"content": "challengetoken", "fqdn": "_acme-challenge.test.example.com",
        "subdomain": "_acme-challenge.test", "domain": "example.com", "priority": "",
        "type": "TXT", "ttl": 3600, "record_id": 33346413}, {"content": "challengetoken1",
        "fqdn": "_acme-challenge.createrecordset.example.com", "subdomain": "_acme-challenge.createrecordset",
        "domain": "example.com", "priority": "", "type": "TXT", "ttl": 3600, "record_id":
        33346414}, {"content": "challengetoken2", "fqdn": "_acme-challenge.createrecordset.example.com",
        "subdomain": "_acme-challenge.createrecordset", "domain": "example.com", "priority":
        "", "type": "TXT", "ttl": 3600, "record_id": 33346415}, {"content": "challengetoken2",
        "fqdn": "_acme-challenge.deleterecordinset.example.com", "subdomain": "_acme-challenge.deleterecordinset",
        "domain": "example.com", "priority": "", "type": "TXT", "ttl": 3600, "record_id":
        33346423}, {"content": "ttlshouldbe3600", "fqdn": "ttl.fqdn.example.com", "subdomain":
        "ttl.fqdn", "domain": "example.com", "priority": "", "type": "TXT", "ttl":
        3600, "record_id": 33346426}, {"content": "127.0.0.1", "fqdn": "localhost.example.com",
        "subdomain": "localhost", "domain": "example.com", "priority": "", "type":
        "A", "ttl": 3600, "record_id": 33346409}, {"content": "docs.example.com.",
        "fqdn": "docs.example.com", "subdomain": "docs", "domain": "example.com", "priority":
        "", "type": "CNAME", "ttl": 3600, "record_id": 33346410}, {"content": "challengetoken",
        "fqdn": "_acme-challenge.full.example.com", "subdomain": "_acme-challenge.full",
        "domain": "example.com", "priority": "", "type": "TXT", "ttl": 3600, "record_id":
        33346412}, {"content": "challengetoken", "fqdn": "_acme-challenge.noop.example.com",
        "subdomain": "_acme-challenge.noop", "domain": "example.com", "priority": "",
        "type": "TXT", "ttl": 3600, "record_id": 33346416}], "success": "ok"}'
    headers:
      Connection:
      - keep-alive
      Content-Type:
      - application/json; charset=utf-8
      Date:
      - Mon, 16 May 2022 17:48:43 GMT
      Keep-Alive:
      - timeout=120
      Server:
      - nginx
      Transfer-Encoding:
      - chunked
      content-length:
      - '2068'
    status:
      code: 200
      message: OK
version: 1
