interactions:
- request:
    body: '{}'
    headers:
      Accept: [application/json]
      Accept-Encoding: ['gzip, deflate']
      Connection: [keep-alive]
      Content-Length: ['2']
      Content-Type: [application/json]
      User-Agent: [python-requests/2.19.1]
    method: GET
    uri: https://api.sandbox.dnsimple.com/v2/accounts
  response:
    body: {string: '{"data":[{"id":731,"email":"yoan.blanc@exoscale.ch","plan_identifier":"dnsimple-business","created_at":"2018-02-20T06:44:26Z","updated_at":"2018-02-20T06:47:12Z"}]}'}
    headers:
      Cache-Control: ['max-age=0, private, must-revalidate']
      Connection: [keep-alive]
      Content-Type: [application/json; charset=utf-8]
      Date: ['Mon, 09 Jul 2018 05:38:54 GMT']
      ETag: [W/"72de87500fef8e7f6ff19729e509d6a3"]
      Server: [nginx]
      Strict-Transport-Security: [max-age=31536000]
      Transfer-Encoding: [chunked]
      X-Content-Type-Options: [nosniff]
      X-Download-Options: [noopen]
      X-Frame-Options: [DENY]
      X-Permitted-Cross-Domain-Policies: [none]
      X-RateLimit-Limit: ['2400']
      X-RateLimit-Remaining: ['2181']
      X-RateLimit-Reset: ['1531117887']
      X-Request-Id: [42f37580-e8ea-4769-9c09-8ddecd2b9545]
      X-Runtime: ['0.015331']
      X-XSS-Protection: [1; mode=block]
      content-length: ['164']
    status: {code: 200, message: OK}
- request:
    body: '{}'
    headers:
      Accept: [application/json]
      Accept-Encoding: ['gzip, deflate']
      Connection: [keep-alive]
      Content-Length: ['2']
      Content-Type: [application/json]
      User-Agent: [python-requests/2.19.1]
    method: GET
    uri: https://api.sandbox.dnsimple.com/v2/731/domains?name_like=lexicontest.us
  response:
    body: {string: '{"data":[{"id":57894,"account_id":731,"registrant_id":null,"name":"lexicontest.us","unicode_name":"lexicontest.us","state":"hosted","auto_renew":false,"private_whois":false,"expires_on":null,"created_at":"2018-07-09T05:29:54Z","updated_at":"2018-07-09T05:29:54Z"}],"pagination":{"current_page":1,"per_page":30,"total_entries":1,"total_pages":1}}'}
    headers:
      Cache-Control: ['max-age=0, private, must-revalidate']
      Connection: [keep-alive]
      Content-Type: [application/json; charset=utf-8]
      Date: ['Mon, 09 Jul 2018 05:38:55 GMT']
      ETag: [W/"04f25ecf6f530c2d8d38ef8bdbb24738"]
      Server: [nginx]
      Strict-Transport-Security: [max-age=31536000]
      Transfer-Encoding: [chunked]
      X-Content-Type-Options: [nosniff]
      X-Download-Options: [noopen]
      X-Frame-Options: [DENY]
      X-Permitted-Cross-Domain-Policies: [none]
      X-RateLimit-Limit: ['2400']
      X-RateLimit-Remaining: ['2180']
      X-RateLimit-Reset: ['1531117888']
      X-Request-Id: [303594e6-ca26-4b44-a360-a13c489fa971]
      X-Runtime: ['0.013869']
      X-XSS-Protection: [1; mode=block]
      content-length: ['345']
    status: {code: 200, message: OK}
- request:
    body: '{}'
    headers:
      Accept: [application/json]
      Accept-Encoding: ['gzip, deflate']
      Connection: [keep-alive]
      Content-Length: ['2']
      Content-Type: [application/json]
      User-Agent: [python-requests/2.19.1]
    method: GET
    uri: https://api.sandbox.dnsimple.com/v2/731/zones/lexicontest.us/records?type=TXT&name=_acme-challenge.listrecordset
  response:
    body: {string: '{"data":[{"id":502878,"zone_id":"lexicontest.us","parent_id":null,"name":"_acme-challenge.listrecordset","content":"challengetoken1","ttl":3600,"priority":null,"type":"TXT","regions":["global"],"system_record":false,"created_at":"2018-07-09T05:32:41Z","updated_at":"2018-07-09T05:32:41Z"},{"id":502879,"zone_id":"lexicontest.us","parent_id":null,"name":"_acme-challenge.listrecordset","content":"challengetoken2","ttl":3600,"priority":null,"type":"TXT","regions":["global"],"system_record":false,"created_at":"2018-07-09T05:32:43Z","updated_at":"2018-07-09T05:32:43Z"}],"pagination":{"current_page":1,"per_page":30,"total_entries":2,"total_pages":1}}'}
    headers:
      Cache-Control: ['max-age=0, private, must-revalidate']
      Connection: [keep-alive]
      Content-Type: [application/json; charset=utf-8]
      Date: ['Mon, 09 Jul 2018 05:38:55 GMT']
      ETag: [W/"07ca7dc4a13018fefb83afdf4545793b"]
      Server: [nginx]
      Strict-Transport-Security: [max-age=31536000]
      Transfer-Encoding: [chunked]
      X-Content-Type-Options: [nosniff]
      X-Download-Options: [noopen]
      X-Frame-Options: [DENY]
      X-Permitted-Cross-Domain-Policies: [none]
      X-RateLimit-Limit: ['2400']
      X-RateLimit-Remaining: ['2179']
      X-RateLimit-Reset: ['1531117887']
      X-Request-Id: [744659da-22fb-4987-bdef-94adfbb78fac]
      X-Runtime: ['0.021064']
      X-XSS-Protection: [1; mode=block]
      content-length: ['650']
    status: {code: 200, message: OK}
- request:
    body: '{}'
    headers:
      Accept: [application/json]
      Accept-Encoding: ['gzip, deflate']
      Connection: [keep-alive]
      Content-Length: ['2']
      Content-Type: [application/json]
      User-Agent: [python-requests/2.19.1]
    method: GET
    uri: https://api.sandbox.dnsimple.com/v2/731/zones/lexicontest.us/records?type=TXT&name=_acme-challenge.listrecordset
  response:
    body: {string: '{"data":[{"id":502878,"zone_id":"lexicontest.us","parent_id":null,"name":"_acme-challenge.listrecordset","content":"challengetoken1","ttl":3600,"priority":null,"type":"TXT","regions":["global"],"system_record":false,"created_at":"2018-07-09T05:32:41Z","updated_at":"2018-07-09T05:32:41Z"},{"id":502879,"zone_id":"lexicontest.us","parent_id":null,"name":"_acme-challenge.listrecordset","content":"challengetoken2","ttl":3600,"priority":null,"type":"TXT","regions":["global"],"system_record":false,"created_at":"2018-07-09T05:32:43Z","updated_at":"2018-07-09T05:32:43Z"}],"pagination":{"current_page":1,"per_page":30,"total_entries":2,"total_pages":1}}'}
    headers:
      Cache-Control: ['max-age=0, private, must-revalidate']
      Connection: [keep-alive]
      Content-Type: [application/json; charset=utf-8]
      Date: ['Mon, 09 Jul 2018 05:38:56 GMT']
      ETag: [W/"07ca7dc4a13018fefb83afdf4545793b"]
      Server: [nginx]
      Strict-Transport-Security: [max-age=31536000]
      Transfer-Encoding: [chunked]
      X-Content-Type-Options: [nosniff]
      X-Download-Options: [noopen]
      X-Frame-Options: [DENY]
      X-Permitted-Cross-Domain-Policies: [none]
      X-RateLimit-Limit: ['2400']
      X-RateLimit-Remaining: ['2178']
      X-RateLimit-Reset: ['1531117887']
      X-Request-Id: [9062ddea-bac2-4437-9e7a-00428d7008dc]
      X-Runtime: ['0.030041']
      X-XSS-Protection: [1; mode=block]
      content-length: ['650']
    status: {code: 200, message: OK}
- request:
    body: '{}'
    headers:
      Accept: [application/json]
      Accept-Encoding: ['gzip, deflate']
      Connection: [keep-alive]
      Content-Length: ['2']
      Content-Type: [application/json]
      User-Agent: [python-requests/2.19.1]
    method: GET
    uri: https://api.sandbox.dnsimple.com/v2/731/zones/lexicontest.us/records?type=TXT&name=_acme-challenge.listrecordset
  response:
    body: {string: '{"data":[{"id":502878,"zone_id":"lexicontest.us","parent_id":null,"name":"_acme-challenge.listrecordset","content":"challengetoken1","ttl":3600,"priority":null,"type":"TXT","regions":["global"],"system_record":false,"created_at":"2018-07-09T05:32:41Z","updated_at":"2018-07-09T05:32:41Z"},{"id":502879,"zone_id":"lexicontest.us","parent_id":null,"name":"_acme-challenge.listrecordset","content":"challengetoken2","ttl":3600,"priority":null,"type":"TXT","regions":["global"],"system_record":false,"created_at":"2018-07-09T05:32:43Z","updated_at":"2018-07-09T05:32:43Z"}],"pagination":{"current_page":1,"per_page":30,"total_entries":2,"total_pages":1}}'}
    headers:
      Cache-Control: ['max-age=0, private, must-revalidate']
      Connection: [keep-alive]
      Content-Type: [application/json; charset=utf-8]
      Date: ['Mon, 09 Jul 2018 05:38:57 GMT']
      ETag: [W/"07ca7dc4a13018fefb83afdf4545793b"]
      Server: [nginx]
      Strict-Transport-Security: [max-age=31536000]
      Transfer-Encoding: [chunked]
      X-Content-Type-Options: [nosniff]
      X-Download-Options: [noopen]
      X-Frame-Options: [DENY]
      X-Permitted-Cross-Domain-Policies: [none]
      X-RateLimit-Limit: ['2400']
      X-RateLimit-Remaining: ['2177']
      X-RateLimit-Reset: ['1531117887']
      X-Request-Id: [4a98c810-11d1-4bba-9f42-3ab8bfbd674e]
      X-Runtime: ['0.028012']
      X-XSS-Protection: [1; mode=block]
      content-length: ['650']
    status: {code: 200, message: OK}
version: 1
