interactions:
- request:
    body: null
    headers:
      Accept: ['*/*']
      Accept-Encoding: ['gzip, deflate']
      Connection: [keep-alive]
      User-Agent: [python-requests/2.18.4]
    method: GET
    uri: https://eu.api.ovh.com/1.0/auth/time
  response:
    body: {string: '1528723172'}
    headers:
      Access-Control-Allow-Origin: ['*']
      Cache-Control: [no-cache]
      Connection: [Keep-Alive]
      Content-Type: [application/json; charset=utf-8]
      Date: ['Mon, 11 Jun 2018 13:19:32 GMT']
      Keep-Alive: ['timeout=15, max=100']
      Server: [Apache]
      Transfer-Encoding: [chunked]
      X-OVH-QUERYID: [FR.ws-5.5b1e76e4.31268.7382]
    status: {code: 200, message: OK}
- request:
    body: null
    headers:
      Accept: ['*/*']
      Accept-Encoding: ['gzip, deflate']
      Connection: [keep-alive]
      User-Agent: [python-requests/2.18.4]
      X-Ovh-Timestamp: ['1528723172']
    method: GET
    uri: https://eu.api.ovh.com/1.0/domain/zone/
  response:
    body: {string: '["pacalis.net"]'}
    headers:
      Access-Control-Allow-Origin: ['*']
      Cache-Control: [no-cache]
      Connection: [Keep-Alive]
      Content-Type: [application/json; charset=utf-8]
      Date: ['Mon, 11 Jun 2018 13:19:32 GMT']
      Keep-Alive: ['timeout=15, max=99']
      Server: [Apache]
      Transfer-Encoding: [chunked]
      X-OVH-QUERYID: [FR.ws-5.5b1e76e4.30656.9320]
      X-RECRUITMENT: ['You know how to code? This is a good start, but it may not
          be enough! We are looking for engineers who LOVE coding. Programming enthusiasts,
          code aesthetes, CTF winners, ... In short, geeks eager to learn, obstinate,
          involved. You want to challenge yourself? Join us! http://ovh.jobs']
    status: {code: 200, message: OK}
- request:
    body: null
    headers:
      Accept: ['*/*']
      Accept-Encoding: ['gzip, deflate']
      Connection: [keep-alive]
      User-Agent: [python-requests/2.18.4]
      X-Ovh-Timestamp: ['1528723172']
    method: GET
    uri: https://eu.api.ovh.com/1.0/domain/zone/pacalis.net/status
  response:
    body: {string: '{"warnings":null,"errors":null,"isDeployed":true}'}
    headers:
      Access-Control-Allow-Origin: ['*']
      Cache-Control: [no-cache]
      Connection: [Keep-Alive]
      Content-Type: [application/json; charset=utf-8]
      Date: ['Mon, 11 Jun 2018 13:19:32 GMT']
      Keep-Alive: ['timeout=15, max=98']
      Server: [Apache]
      Transfer-Encoding: [chunked]
      X-OVH-QUERYID: [FR.ws-5.5b1e76e4.30657.9581]
      X-RECRUITMENT: ['You know how to code? This is a good start, but it may not
          be enough! We are looking for engineers who LOVE coding. Programming enthusiasts,
          code aesthetes, CTF winners, ... In short, geeks eager to learn, obstinate,
          involved. You want to challenge yourself? Join us! http://ovh.jobs']
    status: {code: 200, message: OK}
- request:
    body: null
    headers:
      Accept: ['*/*']
      Accept-Encoding: ['gzip, deflate']
      Connection: [keep-alive]
      User-Agent: [python-requests/2.18.4]
      X-Ovh-Timestamp: ['1528723172']
    method: GET
    uri: https://eu.api.ovh.com/1.0/domain/zone/pacalis.net/record?fieldType=CNAME&subDomain=docs
  response:
    body: {string: '[]'}
    headers:
      Access-Control-Allow-Origin: ['*']
      Cache-Control: [no-cache]
      Connection: [Keep-Alive]
      Content-Type: [application/json; charset=utf-8]
      Date: ['Mon, 11 Jun 2018 13:19:32 GMT']
      Keep-Alive: ['timeout=15, max=97']
      Server: [Apache]
      Transfer-Encoding: [chunked]
      X-OVH-QUERYID: [FR.ws-5.5b1e76e4.31233.8955]
      X-RECRUITMENT: ['You know how to code? This is a good start, but it may not
          be enough! We are looking for engineers who LOVE coding. Programming enthusiasts,
          code aesthetes, CTF winners, ... In short, geeks eager to learn, obstinate,
          involved. You want to challenge yourself? Join us! http://ovh.jobs']
    status: {code: 200, message: OK}
- request:
    body: '{"fieldType": "CNAME", "subDomain": "docs", "target": "docs.example.com",
      "ttl": 3600}'
    headers:
      Accept: ['*/*']
      Accept-Encoding: ['gzip, deflate']
      Connection: [keep-alive]
      Content-Length: ['86']
      Content-type: [application/json]
      User-Agent: [python-requests/2.18.4]
      X-Ovh-Timestamp: ['1528723172']
    method: POST
    uri: https://eu.api.ovh.com/1.0/domain/zone/pacalis.net/record
  response:
    body: {string: '{"target":"docs.example.com","ttl":3600,"zone":"pacalis.net","fieldType":"CNAME","id":1553659741,"subDomain":"docs"}'}
    headers:
      Access-Control-Allow-Origin: ['*']
      Cache-Control: [no-cache]
      Connection: [Keep-Alive]
      Content-Type: [application/json; charset=utf-8]
      Date: ['Mon, 11 Jun 2018 13:19:32 GMT']
      Keep-Alive: ['timeout=15, max=96']
      Server: [Apache]
      Transfer-Encoding: [chunked]
      X-OVH-QUERYID: [FR.ws-5.5b1e76e4.31233.6369]
      X-RECRUITMENT: ['You know how to code? This is a good start, but it may not
          be enough! We are looking for engineers who LOVE coding. Programming enthusiasts,
          code aesthetes, CTF winners, ... In short, geeks eager to learn, obstinate,
          involved. You want to challenge yourself? Join us! http://ovh.jobs']
    status: {code: 200, message: OK}
- request:
    body: null
    headers:
      Accept: ['*/*']
      Accept-Encoding: ['gzip, deflate']
      Connection: [keep-alive]
      Content-Length: ['0']
      User-Agent: [python-requests/2.18.4]
      X-Ovh-Timestamp: ['1528723172']
    method: POST
    uri: https://eu.api.ovh.com/1.0/domain/zone/pacalis.net/refresh
  response:
    body: {string: 'null'}
    headers:
      Access-Control-Allow-Origin: ['*']
      Cache-Control: [no-cache]
      Connection: [Keep-Alive]
      Content-Type: [application/json; charset=utf-8]
      Date: ['Mon, 11 Jun 2018 13:19:32 GMT']
      Keep-Alive: ['timeout=15, max=95']
      Server: [Apache]
      Transfer-Encoding: [chunked]
      X-OVH-QUERYID: [FR.ws-5.5b1e76e4.30817.0883]
      X-RECRUITMENT: ['You know how to code? This is a good start, but it may not
          be enough! We are looking for engineers who LOVE coding. Programming enthusiasts,
          code aesthetes, CTF winners, ... In short, geeks eager to learn, obstinate,
          involved. You want to challenge yourself? Join us! http://ovh.jobs']
    status: {code: 200, message: OK}
version: 1
