interactions:
- request:
    body: '{}'
    headers:
      Accept: ['*/*']
      Accept-Encoding: ['gzip, deflate']
      Connection: [keep-alive]
      Content-Length: ['2']
      Content-Type: [application/json]
      User-Agent: [python-requests/2.9.1]
    method: GET
    uri: https://api.cloudflare.com/client/v4/zones?status=active&name=capsulecd.com
  response:
    body: {string: !!python/unicode '{"result":[{"id":"fac516c650e5a737bdc3e1e3dc1047f3","name":"capsulecd.com","status":"active","paused":false,"type":"full","development_mode":0,"name_servers":["dawn.ns.cloudflare.com","owen.ns.cloudflare.com"],"original_name_servers":["ns1glr.name.com","ns2bls.name.com","ns3nrz.name.com","ns4hny.name.com"],"original_registrar":null,"original_dnshost":null,"modified_on":"2016-03-24T17:04:38.265363Z","created_on":"2016-03-09T07:39:40.476430Z","meta":{"step":4,"wildcard_proxiable":false,"custom_certificate_quota":0,"page_rule_quota":"3","phishing_detected":false,"multiple_railguns_allowed":false},"owner":{"type":"user","id":"521a961001d9333c8191f53a9f70eb31","email":"darkmethodz@gmail.com"},"permissions":["#analytics:read","#billing:edit","#billing:read","#cache_purge:edit","#dns_records:edit","#dns_records:read","#lb:edit","#lb:read","#logs:read","#organization:edit","#organization:read","#ssl:edit","#ssl:read","#waf:edit","#waf:read","#zone:edit","#zone:read","#zone_settings:edit","#zone_settings:read"],"plan":{"id":"0feeeeeeeeeeeeeeeeeeeeeeeeeeeeee","name":"Free
        Website","price":0,"currency":"USD","frequency":"","legacy_id":"free","is_subscribed":true,"can_subscribe":true,"externally_managed":false}}],"result_info":{"page":1,"per_page":20,"total_pages":1,"count":1,"total_count":1},"success":true,"errors":[],"messages":[]}'}
    headers:
      cache-control: ['no-store, no-cache, must-revalidate, post-check=0, pre-check=0']
      cf-ray: [28b7f55394471ecb-SJC]
      connection: [keep-alive]
      content-length: ['1343']
      content-type: [application/json]
      date: ['Wed, 30 Mar 2016 01:58:45 GMT']
      expires: ['Sun, 25 Jan 1981 05:00:00 GMT']
      pragma: [no-cache]
      server: [cloudflare-nginx]
      set-cookie: ['__cfduid=dd6f1165f73d2a1eb28e9229d9a82c7561459303125; expires=Thu,
          30-Mar-17 01:58:45 GMT; path=/; domain=.cloudflare.com; HttpOnly']
      strict-transport-security: [max-age=31536000]
      x-content-type-options: [nosniff]
      x-frame-options: [SAMEORIGIN]
    status: {code: 200, message: OK}
- request:
    body: '{"content": "challengetoken", "type": "TXT", "name": "orig.testfull.capsulecd.com"}'
    headers:
      Accept: ['*/*']
      Accept-Encoding: ['gzip, deflate']
      Connection: [keep-alive]
      Content-Length: ['83']
      Content-Type: [application/json]
      User-Agent: [python-requests/2.9.1]
    method: POST
    uri: https://api.cloudflare.com/client/v4/zones/fac516c650e5a737bdc3e1e3dc1047f3/dns_records
  response:
    body: {string: !!python/unicode '{"result":{"id":"e86d7d1486e340f788acfb3af67d0ac8","type":"TXT","name":"orig.testfull.capsulecd.com","content":"challengetoken","proxiable":false,"proxied":false,"ttl":1,"locked":false,"zone_id":"fac516c650e5a737bdc3e1e3dc1047f3","zone_name":"capsulecd.com","modified_on":"2016-03-30T01:59:41.355210Z","created_on":"2016-03-30T01:59:41.355210Z","meta":{"auto_added":false}},"success":true,"errors":[],"messages":[]}'}
    headers:
      cache-control: ['no-store, no-cache, must-revalidate, post-check=0, pre-check=0']
      cf-ray: [28b7f6b3410e070d-SJC]
      connection: [keep-alive]
      content-length: ['415']
      content-type: [application/json]
      date: ['Wed, 30 Mar 2016 01:59:41 GMT']
      expires: ['Sun, 25 Jan 1981 05:00:00 GMT']
      pragma: [no-cache]
      server: [cloudflare-nginx]
      set-cookie: ['__cfduid=dea00dec78e275189de479eec302d32e01459303181; expires=Thu,
          30-Mar-17 01:59:41 GMT; path=/; domain=.cloudflare.com; HttpOnly']
      strict-transport-security: [max-age=31536000]
      x-content-type-options: [nosniff]
      x-frame-options: [SAMEORIGIN]
    status: {code: 200, message: OK}
- request:
    body: '{}'
    headers:
      Accept: ['*/*']
      Accept-Encoding: ['gzip, deflate']
      Connection: [keep-alive]
      Content-Length: ['2']
      Content-Type: [application/json]
      User-Agent: [python-requests/2.9.1]
    method: GET
    uri: https://api.cloudflare.com/client/v4/zones/fac516c650e5a737bdc3e1e3dc1047f3/dns_records?per_page=100&type=TXT&name=orig.testfull.capsulecd.com
  response:
    body: {string: !!python/unicode '{"result":[{"id":"e86d7d1486e340f788acfb3af67d0ac8","type":"TXT","name":"orig.testfull.capsulecd.com","content":"challengetoken","proxiable":false,"proxied":false,"ttl":1,"locked":false,"zone_id":"fac516c650e5a737bdc3e1e3dc1047f3","zone_name":"capsulecd.com","modified_on":"2016-03-30T01:59:41.355210Z","created_on":"2016-03-30T01:59:41.355210Z","meta":{"auto_added":false}}],"result_info":{"page":1,"per_page":100,"total_pages":1,"count":1,"total_count":1},"success":true,"errors":[],"messages":[]}'}
    headers:
      cache-control: ['no-store, no-cache, must-revalidate, post-check=0, pre-check=0']
      cf-ray: [28b7f768e4bc1ecb-SJC]
      connection: [keep-alive]
      content-length: ['499']
      content-type: [application/json]
      date: ['Wed, 30 Mar 2016 02:00:10 GMT']
      expires: ['Sun, 25 Jan 1981 05:00:00 GMT']
      pragma: [no-cache]
      server: [cloudflare-nginx]
      set-cookie: ['__cfduid=d564c7075c527473aa562ed0f2b2a11271459303210; expires=Thu,
          30-Mar-17 02:00:10 GMT; path=/; domain=.cloudflare.com; HttpOnly']
      strict-transport-security: [max-age=31536000]
      x-content-type-options: [nosniff]
      x-frame-options: [SAMEORIGIN]
    status: {code: 200, message: OK}
- request:
    body: '{"content": "challengetoken", "type": "TXT", "name": "updated.testfull.capsulecd.com"}'
    headers:
      Accept: ['*/*']
      Accept-Encoding: ['gzip, deflate']
      Connection: [keep-alive]
      Content-Length: ['86']
      Content-Type: [application/json]
      User-Agent: [python-requests/2.9.1]
    method: PUT
    uri: https://api.cloudflare.com/client/v4/zones/fac516c650e5a737bdc3e1e3dc1047f3/dns_records/e86d7d1486e340f788acfb3af67d0ac8
  response:
    body: {string: !!python/unicode '{"result":{"id":"e86d7d1486e340f788acfb3af67d0ac8","type":"TXT","name":"updated.testfull.capsulecd.com","content":"challengetoken","proxiable":false,"proxied":false,"ttl":1,"locked":false,"zone_id":"fac516c650e5a737bdc3e1e3dc1047f3","zone_name":"capsulecd.com","modified_on":"2016-03-30T02:00:25.310771Z","created_on":"2016-03-30T02:00:25.310771Z","meta":{"auto_added":false}},"success":true,"errors":[],"messages":[]}'}
    headers:
      cache-control: ['no-store, no-cache, must-revalidate, post-check=0, pre-check=0']
      cf-ray: [28b7f7c5f1631e9b-SJC]
      connection: [keep-alive]
      content-length: ['418']
      content-type: [application/json]
      date: ['Wed, 30 Mar 2016 02:00:25 GMT']
      expires: ['Sun, 25 Jan 1981 05:00:00 GMT']
      pragma: [no-cache]
      server: [cloudflare-nginx]
      set-cookie: ['__cfduid=d86cdbe4a47e52c863cec15521be99f221459303225; expires=Thu,
          30-Mar-17 02:00:25 GMT; path=/; domain=.cloudflare.com; HttpOnly']
      strict-transport-security: [max-age=31536000]
      transfer-encoding: [chunked]
      x-content-type-options: [nosniff]
      x-frame-options: [SAMEORIGIN]
    status: {code: 200, message: OK}
version: 1
