interactions:
- request:
    body: null
    headers:
      Accept:
      - '*/*'
      Accept-Encoding:
      - gzip, deflate
      Connection:
      - keep-alive
      User-Agent:
      - python-requests/2.21.0
    method: GET
    uri: https://alidns.aliyuncs.com/?AccessKeyId=DUMMY_KEY_ID&Action=DescribeDomainInfo&DomainName=mean.space&Format=json&Signature=DUMMY_SIGNATURE&SignatureMethod=HMAC-SHA1&SignatureNonce=DUMMY_SIGNATURE_NONCE&SignatureVersion=1.0&Timestamp=DUMMY_TIMESTAMP&Version=2015-01-09
  response:
    body:
      string: '{"RecordLines":{"RecordLine":[]},"PunyCode":"mean.space","AliDomain":true,"DnsServers":{"DnsServer":["dns9.hichina.com","dns10.hichina.com"]},"VersionName":"Alibaba
        Cloud DNS","RequestId":"6C4ECAE9-016C-4B0D-9259-22202DE6A677","VersionCode":"mianfei","DomainName":"mean.space","DomainId":"3926e93f-3f49-405d-9d39-0d226e54b4b1","AvailableTtls":{"AvailableTtl":[]}}'
    headers:
      Access-Control-Allow-Headers:
      - X-Requested-With, X-Sequence, _aop_secret, _aop_signature
      Access-Control-Allow-Methods:
      - POST, GET, OPTIONS
      Access-Control-Allow-Origin:
      - '*'
      Access-Control-Max-Age:
      - '172800'
      Connection:
      - keep-alive
      Content-Length:
      - '363'
      Content-Type:
      - application/json; charset=UTF-8
      Date:
      - Fri, 10 May 2019 10:31:20 GMT
      Server:
      - Jetty(7.2.2.v20101205)
    status:
      code: 200
      message: OK
- request:
    body: null
    headers:
      Accept:
      - '*/*'
      Accept-Encoding:
      - gzip, deflate
      Connection:
      - keep-alive
      User-Agent:
      - python-requests/2.21.0
    method: GET
    uri: https://alidns.aliyuncs.com/?AccessKeyId=DUMMY_KEY_ID&Action=DescribeDomainRecords&DomainName=mean.space&Format=json&RRKeyWord=_acme-challenge.fqdn&Signature=DUMMY_SIGNATURE&SignatureMethod=HMAC-SHA1&SignatureNonce=DUMMY_SIGNATURE_NONCE&SignatureVersion=1.0&Timestamp=DUMMY_TIMESTAMP&TypeKeyWord=TXT&ValueKeyWord=challengetoken&Version=2015-01-09
  response:
    body:
      string: '{"PageNumber":1,"TotalCount":0,"PageSize":20,"RequestId":"FD82F43A-4057-4248-A807-A30DEC3552F5","DomainRecords":{"Record":[]}}'
    headers:
      Access-Control-Allow-Headers:
      - X-Requested-With, X-Sequence, _aop_secret, _aop_signature
      Access-Control-Allow-Methods:
      - POST, GET, OPTIONS
      Access-Control-Allow-Origin:
      - '*'
      Access-Control-Max-Age:
      - '172800'
      Connection:
      - keep-alive
      Content-Length:
      - '126'
      Content-Type:
      - application/json; charset=UTF-8
      Date:
      - Fri, 10 May 2019 10:31:20 GMT
      Server:
      - Jetty(7.2.2.v20101205)
    status:
      code: 200
      message: OK
- request:
    body: null
    headers:
      Accept:
      - '*/*'
      Accept-Encoding:
      - gzip, deflate
      Connection:
      - keep-alive
      User-Agent:
      - python-requests/2.21.0
    method: GET
    uri: https://alidns.aliyuncs.com/?AccessKeyId=DUMMY_KEY_ID&Action=AddDomainRecord&DomainName=mean.space&Format=json&RR=_acme-challenge.fqdn&Signature=DUMMY_SIGNATURE&SignatureMethod=HMAC-SHA1&SignatureNonce=DUMMY_SIGNATURE_NONCE&SignatureVersion=1.0&TTL=3600&Timestamp=DUMMY_TIMESTAMP&Type=TXT&Value=challengetoken&Version=2015-01-09
  response:
    body:
      string: '{"RecordId":"17606200910179328","RequestId":"F0158274-E83D-409F-990B-93A7E3B57C11"}'
    headers:
      Access-Control-Allow-Headers:
      - X-Requested-With, X-Sequence, _aop_secret, _aop_signature
      Access-Control-Allow-Methods:
      - POST, GET, OPTIONS
      Access-Control-Allow-Origin:
      - '*'
      Access-Control-Max-Age:
      - '172800'
      Connection:
      - keep-alive
      Content-Length:
      - '83'
      Content-Type:
      - application/json; charset=UTF-8
      Date:
      - Fri, 10 May 2019 10:31:20 GMT
      Server:
      - Jetty(7.2.2.v20101205)
    status:
      code: 200
      message: OK
version: 1
