interactions:
- request:
    body: '{}'
    headers:
      Accept: [application/json]
      Accept-Encoding: ['gzip, deflate']
      Connection: [keep-alive]
      Content-Length: ['2']
      Content-Type: [application/json]
      User-Agent: [python-requests/2.21.0]
    method: GET
    uri: https://api.exoscale.com/dns/v1/domains/lexicontest.com
  response:
    body: {string: '{"domain":{"name":"lexicontest.com","expires_on":null,"service_count":0,"state":"hosted","unicode_name":"lexicontest.com","record_count":0,"updated_at":"2019-02-01T07:29:38Z","token":"9d30931ed5c454244b50855180e8ca75","id":440987,"whois_protected":false,"created_at":"2019-02-01T07:29:38Z","auto_renew":false}}'}
    headers:
      Connection: [close]
      Content-Type: [application/json; charset=utf-8]
      Date: ['Fri, 01 Feb 2019 07:32:00 GMT']
      Strict-Transport-Security: [max-age=15724800; includeSubDomains]
      Transfer-Encoding: [chunked]
      X-Request-Id: [c1f138e30bfdfe08a9637b13c3626c0c]
      content-length: ['310']
    status: {code: 200, message: OK}
- request:
    body: '{}'
    headers:
      Accept: [application/json]
      Accept-Encoding: ['gzip, deflate']
      Connection: [keep-alive]
      Content-Length: ['2']
      Content-Type: [application/json]
      User-Agent: [python-requests/2.21.0]
    method: GET
    uri: https://api.exoscale.com/dns/v1/domains/lexicontest.com/records?record_type=TXT&name=_acme-challenge.test
  response:
    body: {string: '[]'}
    headers:
      Connection: [close]
      Content-Type: [application/json; charset=utf-8]
      Date: ['Fri, 01 Feb 2019 07:32:01 GMT']
      Strict-Transport-Security: [max-age=15724800; includeSubDomains]
      Transfer-Encoding: [chunked]
      X-Request-Id: [0e90da54a1aecb407665fd31d0e29101]
      content-length: ['2']
    status: {code: 200, message: OK}
- request:
    body: '{"record": {"record_type": "TXT", "name": "_acme-challenge.test", "content":
      "challengetoken", "ttl": 3600}}'
    headers:
      Accept: [application/json]
      Accept-Encoding: ['gzip, deflate']
      Connection: [keep-alive]
      Content-Length: ['108']
      Content-Type: [application/json]
      User-Agent: [python-requests/2.21.0]
    method: POST
    uri: https://api.exoscale.com/dns/v1/domains/lexicontest.com/records
  response:
    body: {string: '{"record":{"record_type":"TXT","content":"challengetoken","name":"_acme-challenge.test","updated_at":"2019-02-01T07:32:02Z","ttl":3600,"id":15204366,"domain_id":440987,"created_at":"2019-02-01T07:32:02Z","prio":null}}'}
    headers:
      Connection: [close]
      Content-Type: [application/json; charset=utf-8]
      Date: ['Fri, 01 Feb 2019 07:32:02 GMT']
      Strict-Transport-Security: [max-age=15724800; includeSubDomains]
      Transfer-Encoding: [chunked]
      X-Request-Id: [c80d9925d20a2056d1cc0594b105755e]
      content-length: ['217']
    status: {code: 201, message: Created}
version: 1
