interactions:
- request:
    body: '{}'
    headers:
      Accept: [application/json]
      Accept-Encoding: ['gzip, deflate']
      Connection: [keep-alive]
      Content-Length: ['2']
      Content-Type: [application/json]
      User-Agent: [python-requests/2.21.0]
    method: GET
    uri: https://api.exoscale.com/dns/v1/domains/lexicontest.com
  response:
    body: {string: '{"domain":{"name":"lexicontest.com","expires_on":null,"service_count":0,"state":"hosted","unicode_name":"lexicontest.com","record_count":0,"updated_at":"2019-02-01T07:29:38Z","token":"9d30931ed5c454244b50855180e8ca75","id":440987,"whois_protected":false,"created_at":"2019-02-01T07:29:38Z","auto_renew":false}}'}
    headers:
      Connection: [close]
      Content-Type: [application/json; charset=utf-8]
      Date: ['Fri, 01 Feb 2019 07:32:08 GMT']
      Strict-Transport-Security: [max-age=15724800; includeSubDomains]
      Transfer-Encoding: [chunked]
      X-Request-Id: [4c6590016014faf4f205b463e8c55781]
      content-length: ['310']
    status: {code: 200, message: OK}
- request:
    body: '{}'
    headers:
      Accept: [application/json]
      Accept-Encoding: ['gzip, deflate']
      Connection: [keep-alive]
      Content-Length: ['2']
      Content-Type: [application/json]
      User-Agent: [python-requests/2.21.0]
    method: GET
    uri: https://api.exoscale.com/dns/v1/domains/lexicontest.com/records?record_type=TXT&name=delete.testfilt
  response:
    body: {string: '[]'}
    headers:
      Connection: [close]
      Content-Type: [application/json; charset=utf-8]
      Date: ['Fri, 01 Feb 2019 07:32:08 GMT']
      Strict-Transport-Security: [max-age=15724800; includeSubDomains]
      Transfer-Encoding: [chunked]
      X-Request-Id: [87945424da6dd5500eb43a0bb7a31563]
      content-length: ['2']
    status: {code: 200, message: OK}
- request:
    body: '{"record": {"record_type": "TXT", "name": "delete.testfilt", "content":
      "challengetoken", "ttl": 3600}}'
    headers:
      Accept: [application/json]
      Accept-Encoding: ['gzip, deflate']
      Connection: [keep-alive]
      Content-Length: ['103']
      Content-Type: [application/json]
      User-Agent: [python-requests/2.21.0]
    method: POST
    uri: https://api.exoscale.com/dns/v1/domains/lexicontest.com/records
  response:
    body: {string: '{"record":{"record_type":"TXT","content":"challengetoken","name":"delete.testfilt","updated_at":"2019-02-01T07:32:09Z","ttl":3600,"id":15204370,"domain_id":440987,"created_at":"2019-02-01T07:32:09Z","prio":null}}'}
    headers:
      Connection: [close]
      Content-Type: [application/json; charset=utf-8]
      Date: ['Fri, 01 Feb 2019 07:32:09 GMT']
      Strict-Transport-Security: [max-age=15724800; includeSubDomains]
      Transfer-Encoding: [chunked]
      X-Request-Id: [58b5e9ce4090d5a47880858b390276cb]
      content-length: ['212']
    status: {code: 201, message: Created}
- request:
    body: '{}'
    headers:
      Accept: [application/json]
      Accept-Encoding: ['gzip, deflate']
      Connection: [keep-alive]
      Content-Length: ['2']
      Content-Type: [application/json]
      User-Agent: [python-requests/2.21.0]
    method: GET
    uri: https://api.exoscale.com/dns/v1/domains/lexicontest.com/records?record_type=TXT&name=delete.testfilt
  response:
    body: {string: '[{"record":{"record_type":"TXT","content":"challengetoken","name":"delete.testfilt","updated_at":"2019-02-01T07:32:09Z","ttl":3600,"id":15204370,"domain_id":440987,"created_at":"2019-02-01T07:32:09Z","prio":null}}]'}
    headers:
      Connection: [close]
      Content-Type: [application/json; charset=utf-8]
      Date: ['Fri, 01 Feb 2019 07:32:10 GMT']
      Strict-Transport-Security: [max-age=15724800; includeSubDomains]
      Transfer-Encoding: [chunked]
      X-Request-Id: [b99804f6c7a3bd22544a25401581062a]
      content-length: ['214']
    status: {code: 200, message: OK}
- request:
    body: '{}'
    headers:
      Accept: [application/json]
      Accept-Encoding: ['gzip, deflate']
      Connection: [keep-alive]
      Content-Length: ['2']
      Content-Type: [application/json]
      User-Agent: [python-requests/2.21.0]
    method: DELETE
    uri: https://api.exoscale.com/dns/v1/domains/lexicontest.com/records/15204370
  response:
    body: {string: '{}'}
    headers:
      Connection: [close]
      Content-Type: [application/json; charset=utf-8]
      Date: ['Fri, 01 Feb 2019 07:32:10 GMT']
      Strict-Transport-Security: [max-age=15724800; includeSubDomains]
      Transfer-Encoding: [chunked]
      X-Request-Id: [501928b90364ea42139a334256b5d2d8]
      content-length: ['2']
    status: {code: 200, message: OK}
- request:
    body: '{}'
    headers:
      Accept: [application/json]
      Accept-Encoding: ['gzip, deflate']
      Connection: [keep-alive]
      Content-Length: ['2']
      Content-Type: [application/json]
      User-Agent: [python-requests/2.21.0]
    method: GET
    uri: https://api.exoscale.com/dns/v1/domains/lexicontest.com/records?record_type=TXT&name=delete.testfilt
  response:
    body: {string: '[]'}
    headers:
      Connection: [close]
      Content-Type: [application/json; charset=utf-8]
      Date: ['Fri, 01 Feb 2019 07:32:11 GMT']
      Strict-Transport-Security: [max-age=15724800; includeSubDomains]
      Transfer-Encoding: [chunked]
      X-Request-Id: [2bd8cfd6370dc56fa1992c35c7e6d58c]
      content-length: ['2']
    status: {code: 200, message: OK}
version: 1
