interactions:
- request:
    body: grant_type=client_credentials&client_id=CLIENT_ID&client_secret=CLIENT_SECRET&resource=https%3A%2F%2Fmanagement.azure.com
    headers:
      Accept:
      - '*/*'
      Accept-Encoding:
      - gzip, deflate
      Connection:
      - keep-alive
      Content-Length:
      - '175'
      Content-Type:
      - application/x-www-form-urlencoded
      User-Agent:
      - python-requests/2.28.2
    method: POST
    uri: https://login.microsoftonline.com/TENANT_ID/oauth2/token
  response:
    body:
      string: '{"token_type":"Bearer","expires_in":"3599","ext_expires_in":"3599","expires_on":"1685704124","not_before":"1685700224","resource":"https://management.azure.com","access_token":"TOKEN"}'
    headers:
      Cache-Control:
      - no-store, no-cache
      Content-Length:
      - '1466'
      Content-Type:
      - application/json; charset=utf-8
      Date:
      - Fri, 02 Jun 2023 10:08:43 GMT
      Expires:
      - '-1'
      P3P:
      - CP="DSP CUR OTPi IND OTRi ONL FIN"
      Pragma:
      - no-cache
      Set-Cookie:
      - fpc=Ah4uMINyPCNPoUs1dWju2KSaZoqtAQAAAKu2C9wOAAAA; expires=Sun, 02-Jul-2023
        10:08:44 GMT; path=/; secure; HttpOnly; SameSite=None
      - x-ms-gateway-slice=estsfd; path=/; secure; samesite=none; httponly
      - stsservicecookie=estsfd; path=/; secure; samesite=none; httponly
      Strict-Transport-Security:
      - max-age=31536000; includeSubDomains
      X-Content-Type-Options:
      - nosniff
      X-XSS-Protection:
      - '0'
      x-ms-ests-server:
      - 2.1.15427.11 - WEULR1 ProdSlices
      x-ms-request-id:
      - 8153162a-62f8-4bf2-823a-d3f921f42400
    status:
      code: 200
      message: OK
- request:
    body: null
    headers:
      Accept:
      - '*/*'
      Accept-Encoding:
      - gzip, deflate
      Authorization:
      - Bearer TOKEN
      Connection:
      - keep-alive
      User-Agent:
      - python-requests/2.28.2
    method: GET
    uri: https://management.azure.com/subscriptions/SUBSCRIPTION_ID/resourceGroups/dns-test/providers/Microsoft.Network/dnsZones?api-version=2018-05-01
  response:
    body:
      string: '{"value":[{"id":"\/subscriptions\/SUBSCRIPTION_ID\/resourceGroups\/dns-test\/providers\/Microsoft.Network\/dnszones\/full4ir.tk","name":"full4ir.tk","type":"Microsoft.Network\/dnszones","etag":"29c4b592-50a9-4135-a768-8b1b7e35b36a","location":"global","tags":{},"properties":{"maxNumberOfRecordSets":10000,"maxNumberOfRecordsPerRecordSet":null,"nameServers":["ns1-05.azure-dns.com.","ns2-05.azure-dns.net.","ns3-05.azure-dns.org.","ns4-05.azure-dns.info."],"numberOfRecordSets":14,"zoneType":"Public"}}]}'
    headers:
      Cache-Control:
      - private
      Content-Type:
      - application/json; charset=utf-8
      Date:
      - Fri, 02 Jun 2023 10:08:43 GMT
      Server:
      - Microsoft-IIS/10.0
      Strict-Transport-Security:
      - max-age=31536000; includeSubDomains
      Transfer-Encoding:
      - chunked
      Vary:
      - Accept-Encoding
      X-Content-Type-Options:
      - nosniff
      X-Powered-By:
      - ASP.NET
      content-length:
      - '567'
      x-ms-correlation-request-id:
      - 64c44e5c-941e-42eb-b986-ecf7ba94b662
      x-ms-ratelimit-remaining-subscription-resource-entities-read:
      - '59999'
      x-ms-ratelimit-remaining-subscription-resource-requests:
      - '499'
      x-ms-request-id:
      - 0e86f376-8d2f-483c-ac05-4d044a059092
      x-ms-routing-request-id:
      - GERMANYWESTCENTRAL:20230602T100844Z:64c44e5c-941e-42eb-b986-ecf7ba94b662
    status:
      code: 200
      message: OK
- request:
    body: null
    headers:
      Accept:
      - '*/*'
      Accept-Encoding:
      - gzip, deflate
      Authorization:
      - Bearer TOKEN
      Connection:
      - keep-alive
      User-Agent:
      - python-requests/2.28.2
    method: GET
    uri: https://management.azure.com/subscriptions/SUBSCRIPTION_ID/resourceGroups/dns-test/providers/Microsoft.Network/dnszones/full4ir.tk/TXT?api-version=2018-05-01
  response:
    body:
      string: '{"value":[{"id":"\/subscriptions\/SUBSCRIPTION_ID\/resourceGroups\/dns-test\/providers\/Microsoft.Network\/dnszones\/full4ir.tk\/TXT\/_acme-challenge.createrecordset","name":"_acme-challenge.createrecordset","type":"Microsoft.Network\/dnszones\/TXT","etag":"a7d3b7b0-babb-4a30-99c4-8cd147202318","properties":{"fqdn":"_acme-challenge.createrecordset.full4ir.tk.","TTL":3600,"TXTRecords":[{"value":["challengetoken1"]},{"value":["challengetoken2"]}],"targetResource":{},"provisioningState":"Succeeded"}},{"id":"\/subscriptions\/SUBSCRIPTION_ID\/resourceGroups\/dns-test\/providers\/Microsoft.Network\/dnszones\/full4ir.tk\/TXT\/_acme-challenge.deleterecordinset","name":"_acme-challenge.deleterecordinset","type":"Microsoft.Network\/dnszones\/TXT","etag":"0e536805-2f8d-47a4-853a-ac3b5f466fdc","properties":{"fqdn":"_acme-challenge.deleterecordinset.full4ir.tk.","TTL":3600,"TXTRecords":[{"value":["challengetoken2"]}],"targetResource":{},"provisioningState":"Succeeded"}},{"id":"\/subscriptions\/SUBSCRIPTION_ID\/resourceGroups\/dns-test\/providers\/Microsoft.Network\/dnszones\/full4ir.tk\/TXT\/_acme-challenge.fqdn","name":"_acme-challenge.fqdn","type":"Microsoft.Network\/dnszones\/TXT","etag":"99f7f257-2cb7-4a6b-8f3e-eb15a7aa5390","properties":{"fqdn":"_acme-challenge.fqdn.full4ir.tk.","TTL":3600,"TXTRecords":[{"value":["challengetoken"]}],"targetResource":{},"provisioningState":"Succeeded"}},{"id":"\/subscriptions\/SUBSCRIPTION_ID\/resourceGroups\/dns-test\/providers\/Microsoft.Network\/dnszones\/full4ir.tk\/TXT\/ttl.fqdn","name":"ttl.fqdn","type":"Microsoft.Network\/dnszones\/TXT","etag":"f23b1330-9adc-4bb9-a8c2-127545658d37","properties":{"fqdn":"ttl.fqdn.full4ir.tk.","TTL":3600,"TXTRecords":[{"value":["ttlshouldbe3600"]}],"targetResource":{},"provisioningState":"Succeeded"}},{"id":"\/subscriptions\/SUBSCRIPTION_ID\/resourceGroups\/dns-test\/providers\/Microsoft.Network\/dnszones\/full4ir.tk\/TXT\/random.fqdntest","name":"random.fqdntest","type":"Microsoft.Network\/dnszones\/TXT","etag":"bfd8bd98-f659-4cd3-bfc3-adf02fb42888","properties":{"fqdn":"random.fqdntest.full4ir.tk.","TTL":3600,"TXTRecords":[{"value":["challengetoken"]}],"targetResource":{},"provisioningState":"Succeeded"}},{"id":"\/subscriptions\/SUBSCRIPTION_ID\/resourceGroups\/dns-test\/providers\/Microsoft.Network\/dnszones\/full4ir.tk\/TXT\/_acme-challenge.full","name":"_acme-challenge.full","type":"Microsoft.Network\/dnszones\/TXT","etag":"84e17243-b6f5-4385-bdbd-950c8b2da0db","properties":{"fqdn":"_acme-challenge.full.full4ir.tk.","TTL":3600,"TXTRecords":[{"value":["challengetoken"]}],"targetResource":{},"provisioningState":"Succeeded"}},{"id":"\/subscriptions\/SUBSCRIPTION_ID\/resourceGroups\/dns-test\/providers\/Microsoft.Network\/dnszones\/full4ir.tk\/TXT\/random.fulltest","name":"random.fulltest","type":"Microsoft.Network\/dnszones\/TXT","etag":"c354c6ca-2b7d-477f-9db0-882b8fa0bc53","properties":{"fqdn":"random.fulltest.full4ir.tk.","TTL":3600,"TXTRecords":[{"value":["challengetoken"]}],"targetResource":{},"provisioningState":"Succeeded"}},{"id":"\/subscriptions\/SUBSCRIPTION_ID\/resourceGroups\/dns-test\/providers\/Microsoft.Network\/dnszones\/full4ir.tk\/TXT\/_acme-challenge.listrecordset","name":"_acme-challenge.listrecordset","type":"Microsoft.Network\/dnszones\/TXT","etag":"8f8d19f3-bdf2-485a-afbe-fb6ad9a51902","properties":{"fqdn":"_acme-challenge.listrecordset.full4ir.tk.","TTL":3600,"TXTRecords":[{"value":["challengetoken1"]},{"value":["challengetoken2"]}],"targetResource":{},"provisioningState":"Succeeded"}},{"id":"\/subscriptions\/SUBSCRIPTION_ID\/resourceGroups\/dns-test\/providers\/Microsoft.Network\/dnszones\/full4ir.tk\/TXT\/_acme-challenge.noop","name":"_acme-challenge.noop","type":"Microsoft.Network\/dnszones\/TXT","etag":"73f9efcd-859b-4f26-b337-cfcbbe161379","properties":{"fqdn":"_acme-challenge.noop.full4ir.tk.","TTL":3600,"TXTRecords":[{"value":["challengetoken"]}],"targetResource":{},"provisioningState":"Succeeded"}},{"id":"\/subscriptions\/SUBSCRIPTION_ID\/resourceGroups\/dns-test\/providers\/Microsoft.Network\/dnszones\/full4ir.tk\/TXT\/_acme-challenge.test","name":"_acme-challenge.test","type":"Microsoft.Network\/dnszones\/TXT","etag":"d264f5b6-342c-40f4-92e2-91ecdf07a17e","properties":{"fqdn":"_acme-challenge.test.full4ir.tk.","TTL":3600,"TXTRecords":[{"value":["challengetoken"]}],"targetResource":{},"provisioningState":"Succeeded"}}]}'
    headers:
      Cache-Control:
      - private
      Content-Type:
      - application/json; charset=utf-8
      Date:
      - Fri, 02 Jun 2023 10:08:44 GMT
      Server:
      - Microsoft-IIS/10.0
      Strict-Transport-Security:
      - max-age=31536000; includeSubDomains
      Transfer-Encoding:
      - chunked
      Vary:
      - Accept-Encoding
      X-Content-Type-Options:
      - nosniff
      X-Powered-By:
      - ASP.NET
      content-length:
      - '4608'
      x-ms-correlation-request-id:
      - f4ae4c65-a200-4246-80c4-4ad17c06429a
      x-ms-ratelimit-remaining-subscription-resource-entities-read:
      - '59990'
      x-ms-ratelimit-remaining-subscription-resource-requests:
      - '499'
      x-ms-request-id:
      - 44adccbc-cc44-49b0-a36a-d172135fad64
      x-ms-routing-request-id:
      - GERMANYWESTCENTRAL:20230602T100844Z:f4ae4c65-a200-4246-80c4-4ad17c06429a
    status:
      code: 200
      message: OK
- request:
    body: '{"properties": {"TXTRecords": [{"value": ["challengetoken"]}], "TTL": 3600}}'
    headers:
      Accept:
      - '*/*'
      Accept-Encoding:
      - gzip, deflate
      Authorization:
      - Bearer TOKEN
      Connection:
      - keep-alive
      Content-Length:
      - '76'
      Content-Type:
      - application/json
      User-Agent:
      - python-requests/2.28.2
    method: PUT
    uri: https://management.azure.com/subscriptions/SUBSCRIPTION_ID/resourceGroups/dns-test/providers/Microsoft.Network/dnszones/full4ir.tk/TXT/random.test?api-version=2018-05-01
  response:
    body:
      string: '{"id":"\/subscriptions\/SUBSCRIPTION_ID\/resourceGroups\/dns-test\/providers\/Microsoft.Network\/dnszones\/full4ir.tk\/TXT\/random.test","name":"random.test","type":"Microsoft.Network\/dnszones\/TXT","etag":"268b3e25-281c-4eb9-8cca-14a6bf5b7a42","properties":{"fqdn":"random.test.full4ir.tk.","TTL":3600,"TXTRecords":[{"value":["challengetoken"]}],"targetResource":{},"provisioningState":"Succeeded"}}'
    headers:
      Cache-Control:
      - private
      Content-Length:
      - '422'
      Content-Type:
      - application/json; charset=utf-8
      Date:
      - Fri, 02 Jun 2023 10:08:46 GMT
      ETag:
      - 268b3e25-281c-4eb9-8cca-14a6bf5b7a42
      Server:
      - Microsoft-IIS/10.0
      Strict-Transport-Security:
      - max-age=31536000; includeSubDomains
      X-Content-Type-Options:
      - nosniff
      X-Powered-By:
      - ASP.NET
      x-ms-correlation-request-id:
      - a5358b19-6325-498f-8eaf-9c9789d7152e
      x-ms-ratelimit-remaining-subscription-resource-requests:
      - '11999'
      x-ms-request-id:
      - e46d00de-ea3a-46e4-94d0-127b309856ff
      x-ms-routing-request-id:
      - GERMANYWESTCENTRAL:20230602T100846Z:a5358b19-6325-498f-8eaf-9c9789d7152e
    status:
      code: 201
      message: Created
- request:
    body: null
    headers:
      Accept:
      - '*/*'
      Accept-Encoding:
      - gzip, deflate
      Authorization:
      - Bearer TOKEN
      Connection:
      - keep-alive
      User-Agent:
      - python-requests/2.28.2
    method: GET
    uri: https://management.azure.com/subscriptions/SUBSCRIPTION_ID/resourceGroups/dns-test/providers/Microsoft.Network/dnszones/full4ir.tk/TXT?api-version=2018-05-01
  response:
    body:
      string: '{"value":[{"id":"\/subscriptions\/SUBSCRIPTION_ID\/resourceGroups\/dns-test\/providers\/Microsoft.Network\/dnszones\/full4ir.tk\/TXT\/_acme-challenge.createrecordset","name":"_acme-challenge.createrecordset","type":"Microsoft.Network\/dnszones\/TXT","etag":"a7d3b7b0-babb-4a30-99c4-8cd147202318","properties":{"fqdn":"_acme-challenge.createrecordset.full4ir.tk.","TTL":3600,"TXTRecords":[{"value":["challengetoken1"]},{"value":["challengetoken2"]}],"targetResource":{},"provisioningState":"Succeeded"}},{"id":"\/subscriptions\/SUBSCRIPTION_ID\/resourceGroups\/dns-test\/providers\/Microsoft.Network\/dnszones\/full4ir.tk\/TXT\/_acme-challenge.deleterecordinset","name":"_acme-challenge.deleterecordinset","type":"Microsoft.Network\/dnszones\/TXT","etag":"0e536805-2f8d-47a4-853a-ac3b5f466fdc","properties":{"fqdn":"_acme-challenge.deleterecordinset.full4ir.tk.","TTL":3600,"TXTRecords":[{"value":["challengetoken2"]}],"targetResource":{},"provisioningState":"Succeeded"}},{"id":"\/subscriptions\/SUBSCRIPTION_ID\/resourceGroups\/dns-test\/providers\/Microsoft.Network\/dnszones\/full4ir.tk\/TXT\/_acme-challenge.fqdn","name":"_acme-challenge.fqdn","type":"Microsoft.Network\/dnszones\/TXT","etag":"99f7f257-2cb7-4a6b-8f3e-eb15a7aa5390","properties":{"fqdn":"_acme-challenge.fqdn.full4ir.tk.","TTL":3600,"TXTRecords":[{"value":["challengetoken"]}],"targetResource":{},"provisioningState":"Succeeded"}},{"id":"\/subscriptions\/SUBSCRIPTION_ID\/resourceGroups\/dns-test\/providers\/Microsoft.Network\/dnszones\/full4ir.tk\/TXT\/ttl.fqdn","name":"ttl.fqdn","type":"Microsoft.Network\/dnszones\/TXT","etag":"f23b1330-9adc-4bb9-a8c2-127545658d37","properties":{"fqdn":"ttl.fqdn.full4ir.tk.","TTL":3600,"TXTRecords":[{"value":["ttlshouldbe3600"]}],"targetResource":{},"provisioningState":"Succeeded"}},{"id":"\/subscriptions\/SUBSCRIPTION_ID\/resourceGroups\/dns-test\/providers\/Microsoft.Network\/dnszones\/full4ir.tk\/TXT\/random.fqdntest","name":"random.fqdntest","type":"Microsoft.Network\/dnszones\/TXT","etag":"bfd8bd98-f659-4cd3-bfc3-adf02fb42888","properties":{"fqdn":"random.fqdntest.full4ir.tk.","TTL":3600,"TXTRecords":[{"value":["challengetoken"]}],"targetResource":{},"provisioningState":"Succeeded"}},{"id":"\/subscriptions\/SUBSCRIPTION_ID\/resourceGroups\/dns-test\/providers\/Microsoft.Network\/dnszones\/full4ir.tk\/TXT\/_acme-challenge.full","name":"_acme-challenge.full","type":"Microsoft.Network\/dnszones\/TXT","etag":"84e17243-b6f5-4385-bdbd-950c8b2da0db","properties":{"fqdn":"_acme-challenge.full.full4ir.tk.","TTL":3600,"TXTRecords":[{"value":["challengetoken"]}],"targetResource":{},"provisioningState":"Succeeded"}},{"id":"\/subscriptions\/SUBSCRIPTION_ID\/resourceGroups\/dns-test\/providers\/Microsoft.Network\/dnszones\/full4ir.tk\/TXT\/random.fulltest","name":"random.fulltest","type":"Microsoft.Network\/dnszones\/TXT","etag":"c354c6ca-2b7d-477f-9db0-882b8fa0bc53","properties":{"fqdn":"random.fulltest.full4ir.tk.","TTL":3600,"TXTRecords":[{"value":["challengetoken"]}],"targetResource":{},"provisioningState":"Succeeded"}},{"id":"\/subscriptions\/SUBSCRIPTION_ID\/resourceGroups\/dns-test\/providers\/Microsoft.Network\/dnszones\/full4ir.tk\/TXT\/_acme-challenge.listrecordset","name":"_acme-challenge.listrecordset","type":"Microsoft.Network\/dnszones\/TXT","etag":"8f8d19f3-bdf2-485a-afbe-fb6ad9a51902","properties":{"fqdn":"_acme-challenge.listrecordset.full4ir.tk.","TTL":3600,"TXTRecords":[{"value":["challengetoken1"]},{"value":["challengetoken2"]}],"targetResource":{},"provisioningState":"Succeeded"}},{"id":"\/subscriptions\/SUBSCRIPTION_ID\/resourceGroups\/dns-test\/providers\/Microsoft.Network\/dnszones\/full4ir.tk\/TXT\/_acme-challenge.noop","name":"_acme-challenge.noop","type":"Microsoft.Network\/dnszones\/TXT","etag":"73f9efcd-859b-4f26-b337-cfcbbe161379","properties":{"fqdn":"_acme-challenge.noop.full4ir.tk.","TTL":3600,"TXTRecords":[{"value":["challengetoken"]}],"targetResource":{},"provisioningState":"Succeeded"}},{"id":"\/subscriptions\/SUBSCRIPTION_ID\/resourceGroups\/dns-test\/providers\/Microsoft.Network\/dnszones\/full4ir.tk\/TXT\/_acme-challenge.test","name":"_acme-challenge.test","type":"Microsoft.Network\/dnszones\/TXT","etag":"d264f5b6-342c-40f4-92e2-91ecdf07a17e","properties":{"fqdn":"_acme-challenge.test.full4ir.tk.","TTL":3600,"TXTRecords":[{"value":["challengetoken"]}],"targetResource":{},"provisioningState":"Succeeded"}},{"id":"\/subscriptions\/SUBSCRIPTION_ID\/resourceGroups\/dns-test\/providers\/Microsoft.Network\/dnszones\/full4ir.tk\/TXT\/random.test","name":"random.test","type":"Microsoft.Network\/dnszones\/TXT","etag":"268b3e25-281c-4eb9-8cca-14a6bf5b7a42","properties":{"fqdn":"random.test.full4ir.tk.","TTL":3600,"TXTRecords":[{"value":["challengetoken"]}],"targetResource":{},"provisioningState":"Succeeded"}}]}'
    headers:
      Cache-Control:
      - private
      Content-Type:
      - application/json; charset=utf-8
      Date:
      - Fri, 02 Jun 2023 10:08:45 GMT
      Server:
      - Microsoft-IIS/10.0
      Strict-Transport-Security:
      - max-age=31536000; includeSubDomains
      Transfer-Encoding:
      - chunked
      Vary:
      - Accept-Encoding
      X-Content-Type-Options:
      - nosniff
      X-Powered-By:
      - ASP.NET
      content-length:
      - '5031'
      x-ms-correlation-request-id:
      - 279e42af-50b2-4631-b609-cc7650d0b88d
      x-ms-ratelimit-remaining-subscription-resource-entities-read:
      - '59989'
      x-ms-ratelimit-remaining-subscription-resource-requests:
      - '499'
      x-ms-request-id:
      - daaa71a0-f34b-4a91-890d-5fb5eb1ee5f3
      x-ms-routing-request-id:
      - GERMANYWESTCENTRAL:20230602T100846Z:279e42af-50b2-4631-b609-cc7650d0b88d
    status:
      code: 200
      message: OK
version: 1
