interactions:
- request:
    body: grant_type=client_credentials&client_id=CLIENT_ID&client_secret=CLIENT_SECRET&resource=https%3A%2F%2Fmanagement.azure.com
    headers:
      Accept:
      - '*/*'
      Accept-Encoding:
      - gzip, deflate
      Connection:
      - keep-alive
      Content-Length:
      - '175'
      Content-Type:
      - application/x-www-form-urlencoded
      User-Agent:
      - python-requests/2.28.2
    method: POST
    uri: https://login.microsoftonline.com/TENANT_ID/oauth2/token
  response:
    body:
      string: '{"token_type":"Bearer","expires_in":"3599","ext_expires_in":"3599","expires_on":"1685704108","not_before":"1685700208","resource":"https://management.azure.com","access_token":"TOKEN"}'
    headers:
      Cache-Control:
      - no-store, no-cache
      Content-Length:
      - '1466'
      Content-Type:
      - application/json; charset=utf-8
      Date:
      - Fri, 02 Jun 2023 10:08:28 GMT
      Expires:
      - '-1'
      P3P:
      - CP="DSP CUR OTPi IND OTRi ONL FIN"
      Pragma:
      - no-cache
      Set-Cookie:
      - fpc=AmxnD4hh48lAoYbKc8K6liqaZoqtAQAAAJy2C9wOAAAA; expires=Sun, 02-Jul-2023
        10:08:28 GMT; path=/; secure; HttpOnly; SameSite=None
      - x-ms-gateway-slice=estsfd; path=/; secure; samesite=none; httponly
      - stsservicecookie=estsfd; path=/; secure; samesite=none; httponly
      Strict-Transport-Security:
      - max-age=31536000; includeSubDomains
      X-Content-Type-Options:
      - nosniff
      X-XSS-Protection:
      - '0'
      x-ms-ests-server:
      - 2.1.15427.11 - WEULR1 ProdSlices
      x-ms-request-id:
      - b1779b21-07bf-4d89-bad3-beb826918e00
    status:
      code: 200
      message: OK
- request:
    body: null
    headers:
      Accept:
      - '*/*'
      Accept-Encoding:
      - gzip, deflate
      Authorization:
      - Bearer TOKEN
      Connection:
      - keep-alive
      User-Agent:
      - python-requests/2.28.2
    method: GET
    uri: https://management.azure.com/subscriptions/SUBSCRIPTION_ID/resourceGroups/dns-test/providers/Microsoft.Network/dnsZones?api-version=2018-05-01
  response:
    body:
      string: '{"value":[{"id":"\/subscriptions\/SUBSCRIPTION_ID\/resourceGroups\/dns-test\/providers\/Microsoft.Network\/dnszones\/full4ir.tk","name":"full4ir.tk","type":"Microsoft.Network\/dnszones","etag":"29c4b592-50a9-4135-a768-8b1b7e35b36a","location":"global","tags":{},"properties":{"maxNumberOfRecordSets":10000,"maxNumberOfRecordsPerRecordSet":null,"nameServers":["ns1-05.azure-dns.com.","ns2-05.azure-dns.net.","ns3-05.azure-dns.org.","ns4-05.azure-dns.info."],"numberOfRecordSets":11,"zoneType":"Public"}}]}'
    headers:
      Cache-Control:
      - private
      Content-Type:
      - application/json; charset=utf-8
      Date:
      - Fri, 02 Jun 2023 10:08:28 GMT
      Server:
      - Microsoft-IIS/10.0
      Strict-Transport-Security:
      - max-age=31536000; includeSubDomains
      Transfer-Encoding:
      - chunked
      Vary:
      - Accept-Encoding
      X-Content-Type-Options:
      - nosniff
      X-Powered-By:
      - ASP.NET
      content-length:
      - '567'
      x-ms-correlation-request-id:
      - 4b640f58-42cd-4f9a-9ff9-9582f41ba533
      x-ms-ratelimit-remaining-subscription-resource-entities-read:
      - '59999'
      x-ms-ratelimit-remaining-subscription-resource-requests:
      - '499'
      x-ms-request-id:
      - 64ab9ff7-a3b3-49ba-9bef-eabe45b5d622
      x-ms-routing-request-id:
      - GERMANYWESTCENTRAL:20230602T100828Z:4b640f58-42cd-4f9a-9ff9-9582f41ba533
    status:
      code: 200
      message: OK
- request:
    body: null
    headers:
      Accept:
      - '*/*'
      Accept-Encoding:
      - gzip, deflate
      Authorization:
      - Bearer TOKEN
      Connection:
      - keep-alive
      User-Agent:
      - python-requests/2.28.2
    method: GET
    uri: https://management.azure.com/subscriptions/SUBSCRIPTION_ID/resourceGroups/dns-test/providers/Microsoft.Network/dnszones/full4ir.tk/TXT?api-version=2018-05-01
  response:
    body:
      string: '{"value":[{"id":"\/subscriptions\/SUBSCRIPTION_ID\/resourceGroups\/dns-test\/providers\/Microsoft.Network\/dnszones\/full4ir.tk\/TXT\/_acme-challenge.createrecordset","name":"_acme-challenge.createrecordset","type":"Microsoft.Network\/dnszones\/TXT","etag":"a7d3b7b0-babb-4a30-99c4-8cd147202318","properties":{"fqdn":"_acme-challenge.createrecordset.full4ir.tk.","TTL":3600,"TXTRecords":[{"value":["challengetoken1"]},{"value":["challengetoken2"]}],"targetResource":{},"provisioningState":"Succeeded"}},{"id":"\/subscriptions\/SUBSCRIPTION_ID\/resourceGroups\/dns-test\/providers\/Microsoft.Network\/dnszones\/full4ir.tk\/TXT\/_acme-challenge.deleterecordinset","name":"_acme-challenge.deleterecordinset","type":"Microsoft.Network\/dnszones\/TXT","etag":"0e536805-2f8d-47a4-853a-ac3b5f466fdc","properties":{"fqdn":"_acme-challenge.deleterecordinset.full4ir.tk.","TTL":3600,"TXTRecords":[{"value":["challengetoken2"]}],"targetResource":{},"provisioningState":"Succeeded"}},{"id":"\/subscriptions\/SUBSCRIPTION_ID\/resourceGroups\/dns-test\/providers\/Microsoft.Network\/dnszones\/full4ir.tk\/TXT\/_acme-challenge.fqdn","name":"_acme-challenge.fqdn","type":"Microsoft.Network\/dnszones\/TXT","etag":"99f7f257-2cb7-4a6b-8f3e-eb15a7aa5390","properties":{"fqdn":"_acme-challenge.fqdn.full4ir.tk.","TTL":3600,"TXTRecords":[{"value":["challengetoken"]}],"targetResource":{},"provisioningState":"Succeeded"}},{"id":"\/subscriptions\/SUBSCRIPTION_ID\/resourceGroups\/dns-test\/providers\/Microsoft.Network\/dnszones\/full4ir.tk\/TXT\/ttl.fqdn","name":"ttl.fqdn","type":"Microsoft.Network\/dnszones\/TXT","etag":"f23b1330-9adc-4bb9-a8c2-127545658d37","properties":{"fqdn":"ttl.fqdn.full4ir.tk.","TTL":3600,"TXTRecords":[{"value":["ttlshouldbe3600"]}],"targetResource":{},"provisioningState":"Succeeded"}},{"id":"\/subscriptions\/SUBSCRIPTION_ID\/resourceGroups\/dns-test\/providers\/Microsoft.Network\/dnszones\/full4ir.tk\/TXT\/_acme-challenge.full","name":"_acme-challenge.full","type":"Microsoft.Network\/dnszones\/TXT","etag":"84e17243-b6f5-4385-bdbd-950c8b2da0db","properties":{"fqdn":"_acme-challenge.full.full4ir.tk.","TTL":3600,"TXTRecords":[{"value":["challengetoken"]}],"targetResource":{},"provisioningState":"Succeeded"}},{"id":"\/subscriptions\/SUBSCRIPTION_ID\/resourceGroups\/dns-test\/providers\/Microsoft.Network\/dnszones\/full4ir.tk\/TXT\/_acme-challenge.noop","name":"_acme-challenge.noop","type":"Microsoft.Network\/dnszones\/TXT","etag":"73f9efcd-859b-4f26-b337-cfcbbe161379","properties":{"fqdn":"_acme-challenge.noop.full4ir.tk.","TTL":3600,"TXTRecords":[{"value":["challengetoken"]}],"targetResource":{},"provisioningState":"Succeeded"}},{"id":"\/subscriptions\/SUBSCRIPTION_ID\/resourceGroups\/dns-test\/providers\/Microsoft.Network\/dnszones\/full4ir.tk\/TXT\/_acme-challenge.test","name":"_acme-challenge.test","type":"Microsoft.Network\/dnszones\/TXT","etag":"d264f5b6-342c-40f4-92e2-91ecdf07a17e","properties":{"fqdn":"_acme-challenge.test.full4ir.tk.","TTL":3600,"TXTRecords":[{"value":["challengetoken"]}],"targetResource":{},"provisioningState":"Succeeded"}}]}'
    headers:
      Cache-Control:
      - private
      Content-Type:
      - application/json; charset=utf-8
      Date:
      - Fri, 02 Jun 2023 10:08:28 GMT
      Server:
      - Microsoft-IIS/10.0
      Strict-Transport-Security:
      - max-age=31536000; includeSubDomains
      Transfer-Encoding:
      - chunked
      Vary:
      - Accept-Encoding
      X-Content-Type-Options:
      - nosniff
      X-Powered-By:
      - ASP.NET
      content-length:
      - '3230'
      x-ms-correlation-request-id:
      - 23ef5844-1159-465f-b6b2-e16411e7e1ab
      x-ms-ratelimit-remaining-subscription-resource-entities-read:
      - '59993'
      x-ms-ratelimit-remaining-subscription-resource-requests:
      - '499'
      x-ms-request-id:
      - 5b6227e8-bee4-4067-9c8f-80c03d6f0165
      x-ms-routing-request-id:
      - GERMANYWESTCENTRAL:20230602T100828Z:23ef5844-1159-465f-b6b2-e16411e7e1ab
    status:
      code: 200
      message: OK
- request:
    body: '{"properties": {"TXTRecords": [{"value": ["challengetoken1"]}], "TTL":
      3600}}'
    headers:
      Accept:
      - '*/*'
      Accept-Encoding:
      - gzip, deflate
      Authorization:
      - Bearer TOKEN
      Connection:
      - keep-alive
      Content-Length:
      - '77'
      Content-Type:
      - application/json
      User-Agent:
      - python-requests/2.28.2
    method: PUT
    uri: https://management.azure.com/subscriptions/SUBSCRIPTION_ID/resourceGroups/dns-test/providers/Microsoft.Network/dnszones/full4ir.tk/TXT/_acme-challenge.listrecordset?api-version=2018-05-01
  response:
    body:
      string: '{"id":"\/subscriptions\/SUBSCRIPTION_ID\/resourceGroups\/dns-test\/providers\/Microsoft.Network\/dnszones\/full4ir.tk\/TXT\/_acme-challenge.listrecordset","name":"_acme-challenge.listrecordset","type":"Microsoft.Network\/dnszones\/TXT","etag":"94d6bf35-0c32-46ed-8aa3-0b8ec370e20d","properties":{"fqdn":"_acme-challenge.listrecordset.full4ir.tk.","TTL":3600,"TXTRecords":[{"value":["challengetoken1"]}],"targetResource":{},"provisioningState":"Succeeded"}}'
    headers:
      Cache-Control:
      - private
      Content-Length:
      - '477'
      Content-Type:
      - application/json; charset=utf-8
      Date:
      - Fri, 02 Jun 2023 10:08:30 GMT
      ETag:
      - 94d6bf35-0c32-46ed-8aa3-0b8ec370e20d
      Server:
      - Microsoft-IIS/10.0
      Strict-Transport-Security:
      - max-age=31536000; includeSubDomains
      X-Content-Type-Options:
      - nosniff
      X-Powered-By:
      - ASP.NET
      x-ms-correlation-request-id:
      - b7ab4329-b9d5-4c94-ba22-406e7c2fc38a
      x-ms-ratelimit-remaining-subscription-resource-requests:
      - '11999'
      x-ms-request-id:
      - 4900b3f2-4796-4b14-8163-b95b50eb8199
      x-ms-routing-request-id:
      - GERMANYWESTCENTRAL:20230602T100830Z:b7ab4329-b9d5-4c94-ba22-406e7c2fc38a
    status:
      code: 201
      message: Created
- request:
    body: null
    headers:
      Accept:
      - '*/*'
      Accept-Encoding:
      - gzip, deflate
      Authorization:
      - Bearer TOKEN
      Connection:
      - keep-alive
      User-Agent:
      - python-requests/2.28.2
    method: GET
    uri: https://management.azure.com/subscriptions/SUBSCRIPTION_ID/resourceGroups/dns-test/providers/Microsoft.Network/dnszones/full4ir.tk/TXT?api-version=2018-05-01
  response:
    body:
      string: '{"value":[{"id":"\/subscriptions\/SUBSCRIPTION_ID\/resourceGroups\/dns-test\/providers\/Microsoft.Network\/dnszones\/full4ir.tk\/TXT\/_acme-challenge.createrecordset","name":"_acme-challenge.createrecordset","type":"Microsoft.Network\/dnszones\/TXT","etag":"a7d3b7b0-babb-4a30-99c4-8cd147202318","properties":{"fqdn":"_acme-challenge.createrecordset.full4ir.tk.","TTL":3600,"TXTRecords":[{"value":["challengetoken1"]},{"value":["challengetoken2"]}],"targetResource":{},"provisioningState":"Succeeded"}},{"id":"\/subscriptions\/SUBSCRIPTION_ID\/resourceGroups\/dns-test\/providers\/Microsoft.Network\/dnszones\/full4ir.tk\/TXT\/_acme-challenge.deleterecordinset","name":"_acme-challenge.deleterecordinset","type":"Microsoft.Network\/dnszones\/TXT","etag":"0e536805-2f8d-47a4-853a-ac3b5f466fdc","properties":{"fqdn":"_acme-challenge.deleterecordinset.full4ir.tk.","TTL":3600,"TXTRecords":[{"value":["challengetoken2"]}],"targetResource":{},"provisioningState":"Succeeded"}},{"id":"\/subscriptions\/SUBSCRIPTION_ID\/resourceGroups\/dns-test\/providers\/Microsoft.Network\/dnszones\/full4ir.tk\/TXT\/_acme-challenge.fqdn","name":"_acme-challenge.fqdn","type":"Microsoft.Network\/dnszones\/TXT","etag":"99f7f257-2cb7-4a6b-8f3e-eb15a7aa5390","properties":{"fqdn":"_acme-challenge.fqdn.full4ir.tk.","TTL":3600,"TXTRecords":[{"value":["challengetoken"]}],"targetResource":{},"provisioningState":"Succeeded"}},{"id":"\/subscriptions\/SUBSCRIPTION_ID\/resourceGroups\/dns-test\/providers\/Microsoft.Network\/dnszones\/full4ir.tk\/TXT\/ttl.fqdn","name":"ttl.fqdn","type":"Microsoft.Network\/dnszones\/TXT","etag":"f23b1330-9adc-4bb9-a8c2-127545658d37","properties":{"fqdn":"ttl.fqdn.full4ir.tk.","TTL":3600,"TXTRecords":[{"value":["ttlshouldbe3600"]}],"targetResource":{},"provisioningState":"Succeeded"}},{"id":"\/subscriptions\/SUBSCRIPTION_ID\/resourceGroups\/dns-test\/providers\/Microsoft.Network\/dnszones\/full4ir.tk\/TXT\/_acme-challenge.full","name":"_acme-challenge.full","type":"Microsoft.Network\/dnszones\/TXT","etag":"84e17243-b6f5-4385-bdbd-950c8b2da0db","properties":{"fqdn":"_acme-challenge.full.full4ir.tk.","TTL":3600,"TXTRecords":[{"value":["challengetoken"]}],"targetResource":{},"provisioningState":"Succeeded"}},{"id":"\/subscriptions\/SUBSCRIPTION_ID\/resourceGroups\/dns-test\/providers\/Microsoft.Network\/dnszones\/full4ir.tk\/TXT\/_acme-challenge.listrecordset","name":"_acme-challenge.listrecordset","type":"Microsoft.Network\/dnszones\/TXT","etag":"94d6bf35-0c32-46ed-8aa3-0b8ec370e20d","properties":{"fqdn":"_acme-challenge.listrecordset.full4ir.tk.","TTL":3600,"TXTRecords":[{"value":["challengetoken1"]}],"targetResource":{},"provisioningState":"Succeeded"}},{"id":"\/subscriptions\/SUBSCRIPTION_ID\/resourceGroups\/dns-test\/providers\/Microsoft.Network\/dnszones\/full4ir.tk\/TXT\/_acme-challenge.noop","name":"_acme-challenge.noop","type":"Microsoft.Network\/dnszones\/TXT","etag":"73f9efcd-859b-4f26-b337-cfcbbe161379","properties":{"fqdn":"_acme-challenge.noop.full4ir.tk.","TTL":3600,"TXTRecords":[{"value":["challengetoken"]}],"targetResource":{},"provisioningState":"Succeeded"}},{"id":"\/subscriptions\/SUBSCRIPTION_ID\/resourceGroups\/dns-test\/providers\/Microsoft.Network\/dnszones\/full4ir.tk\/TXT\/_acme-challenge.test","name":"_acme-challenge.test","type":"Microsoft.Network\/dnszones\/TXT","etag":"d264f5b6-342c-40f4-92e2-91ecdf07a17e","properties":{"fqdn":"_acme-challenge.test.full4ir.tk.","TTL":3600,"TXTRecords":[{"value":["challengetoken"]}],"targetResource":{},"provisioningState":"Succeeded"}}]}'
    headers:
      Cache-Control:
      - private
      Content-Type:
      - application/json; charset=utf-8
      Date:
      - Fri, 02 Jun 2023 10:08:30 GMT
      Server:
      - Microsoft-IIS/10.0
      Strict-Transport-Security:
      - max-age=31536000; includeSubDomains
      Transfer-Encoding:
      - chunked
      Vary:
      - Accept-Encoding
      X-Content-Type-Options:
      - nosniff
      X-Powered-By:
      - ASP.NET
      content-length:
      - '3708'
      x-ms-correlation-request-id:
      - 64293de2-c931-4276-9656-500e74b5bc97
      x-ms-ratelimit-remaining-subscription-resource-entities-read:
      - '59992'
      x-ms-ratelimit-remaining-subscription-resource-requests:
      - '499'
      x-ms-request-id:
      - 621de655-5da6-477a-9baa-1780312bc7fd
      x-ms-routing-request-id:
      - GERMANYWESTCENTRAL:20230602T100830Z:64293de2-c931-4276-9656-500e74b5bc97
    status:
      code: 200
      message: OK
- request:
    body: '{"properties": {"TXTRecords": [{"value": ["challengetoken1"]}, {"value":
      ["challengetoken2"]}], "TTL": 3600}}'
    headers:
      Accept:
      - '*/*'
      Accept-Encoding:
      - gzip, deflate
      Authorization:
      - Bearer TOKEN
      Connection:
      - keep-alive
      Content-Length:
      - '109'
      Content-Type:
      - application/json
      User-Agent:
      - python-requests/2.28.2
    method: PUT
    uri: https://management.azure.com/subscriptions/SUBSCRIPTION_ID/resourceGroups/dns-test/providers/Microsoft.Network/dnszones/full4ir.tk/TXT/_acme-challenge.listrecordset?api-version=2018-05-01
  response:
    body:
      string: '{"id":"\/subscriptions\/SUBSCRIPTION_ID\/resourceGroups\/dns-test\/providers\/Microsoft.Network\/dnszones\/full4ir.tk\/TXT\/_acme-challenge.listrecordset","name":"_acme-challenge.listrecordset","type":"Microsoft.Network\/dnszones\/TXT","etag":"8f8d19f3-bdf2-485a-afbe-fb6ad9a51902","properties":{"fqdn":"_acme-challenge.listrecordset.full4ir.tk.","TTL":3600,"TXTRecords":[{"value":["challengetoken1"]},{"value":["challengetoken2"]}],"targetResource":{},"provisioningState":"Succeeded"}}'
    headers:
      Cache-Control:
      - private
      Content-Type:
      - application/json; charset=utf-8
      Date:
      - Fri, 02 Jun 2023 10:08:31 GMT
      ETag:
      - 8f8d19f3-bdf2-485a-afbe-fb6ad9a51902
      Server:
      - Microsoft-IIS/10.0
      Strict-Transport-Security:
      - max-age=31536000; includeSubDomains
      Transfer-Encoding:
      - chunked
      Vary:
      - Accept-Encoding
      X-Content-Type-Options:
      - nosniff
      X-Powered-By:
      - ASP.NET
      content-length:
      - '507'
      x-ms-correlation-request-id:
      - 41a709f1-d408-46a2-bd98-bc646100dd68
      x-ms-ratelimit-remaining-subscription-resource-requests:
      - '11999'
      x-ms-request-id:
      - 76d794cd-5762-4021-b1f5-c01f748c97fd
      x-ms-routing-request-id:
      - GERMANYWESTCENTRAL:20230602T100831Z:41a709f1-d408-46a2-bd98-bc646100dd68
    status:
      code: 200
      message: OK
- request:
    body: null
    headers:
      Accept:
      - '*/*'
      Accept-Encoding:
      - gzip, deflate
      Authorization:
      - Bearer TOKEN
      Connection:
      - keep-alive
      User-Agent:
      - python-requests/2.28.2
    method: GET
    uri: https://management.azure.com/subscriptions/SUBSCRIPTION_ID/resourceGroups/dns-test/providers/Microsoft.Network/dnszones/full4ir.tk/TXT?api-version=2018-05-01
  response:
    body:
      string: '{"value":[{"id":"\/subscriptions\/SUBSCRIPTION_ID\/resourceGroups\/dns-test\/providers\/Microsoft.Network\/dnszones\/full4ir.tk\/TXT\/_acme-challenge.createrecordset","name":"_acme-challenge.createrecordset","type":"Microsoft.Network\/dnszones\/TXT","etag":"a7d3b7b0-babb-4a30-99c4-8cd147202318","properties":{"fqdn":"_acme-challenge.createrecordset.full4ir.tk.","TTL":3600,"TXTRecords":[{"value":["challengetoken1"]},{"value":["challengetoken2"]}],"targetResource":{},"provisioningState":"Succeeded"}},{"id":"\/subscriptions\/SUBSCRIPTION_ID\/resourceGroups\/dns-test\/providers\/Microsoft.Network\/dnszones\/full4ir.tk\/TXT\/_acme-challenge.deleterecordinset","name":"_acme-challenge.deleterecordinset","type":"Microsoft.Network\/dnszones\/TXT","etag":"0e536805-2f8d-47a4-853a-ac3b5f466fdc","properties":{"fqdn":"_acme-challenge.deleterecordinset.full4ir.tk.","TTL":3600,"TXTRecords":[{"value":["challengetoken2"]}],"targetResource":{},"provisioningState":"Succeeded"}},{"id":"\/subscriptions\/SUBSCRIPTION_ID\/resourceGroups\/dns-test\/providers\/Microsoft.Network\/dnszones\/full4ir.tk\/TXT\/_acme-challenge.fqdn","name":"_acme-challenge.fqdn","type":"Microsoft.Network\/dnszones\/TXT","etag":"99f7f257-2cb7-4a6b-8f3e-eb15a7aa5390","properties":{"fqdn":"_acme-challenge.fqdn.full4ir.tk.","TTL":3600,"TXTRecords":[{"value":["challengetoken"]}],"targetResource":{},"provisioningState":"Succeeded"}},{"id":"\/subscriptions\/SUBSCRIPTION_ID\/resourceGroups\/dns-test\/providers\/Microsoft.Network\/dnszones\/full4ir.tk\/TXT\/ttl.fqdn","name":"ttl.fqdn","type":"Microsoft.Network\/dnszones\/TXT","etag":"f23b1330-9adc-4bb9-a8c2-127545658d37","properties":{"fqdn":"ttl.fqdn.full4ir.tk.","TTL":3600,"TXTRecords":[{"value":["ttlshouldbe3600"]}],"targetResource":{},"provisioningState":"Succeeded"}},{"id":"\/subscriptions\/SUBSCRIPTION_ID\/resourceGroups\/dns-test\/providers\/Microsoft.Network\/dnszones\/full4ir.tk\/TXT\/_acme-challenge.full","name":"_acme-challenge.full","type":"Microsoft.Network\/dnszones\/TXT","etag":"84e17243-b6f5-4385-bdbd-950c8b2da0db","properties":{"fqdn":"_acme-challenge.full.full4ir.tk.","TTL":3600,"TXTRecords":[{"value":["challengetoken"]}],"targetResource":{},"provisioningState":"Succeeded"}},{"id":"\/subscriptions\/SUBSCRIPTION_ID\/resourceGroups\/dns-test\/providers\/Microsoft.Network\/dnszones\/full4ir.tk\/TXT\/_acme-challenge.listrecordset","name":"_acme-challenge.listrecordset","type":"Microsoft.Network\/dnszones\/TXT","etag":"8f8d19f3-bdf2-485a-afbe-fb6ad9a51902","properties":{"fqdn":"_acme-challenge.listrecordset.full4ir.tk.","TTL":3600,"TXTRecords":[{"value":["challengetoken1"]},{"value":["challengetoken2"]}],"targetResource":{},"provisioningState":"Succeeded"}},{"id":"\/subscriptions\/SUBSCRIPTION_ID\/resourceGroups\/dns-test\/providers\/Microsoft.Network\/dnszones\/full4ir.tk\/TXT\/_acme-challenge.noop","name":"_acme-challenge.noop","type":"Microsoft.Network\/dnszones\/TXT","etag":"73f9efcd-859b-4f26-b337-cfcbbe161379","properties":{"fqdn":"_acme-challenge.noop.full4ir.tk.","TTL":3600,"TXTRecords":[{"value":["challengetoken"]}],"targetResource":{},"provisioningState":"Succeeded"}},{"id":"\/subscriptions\/SUBSCRIPTION_ID\/resourceGroups\/dns-test\/providers\/Microsoft.Network\/dnszones\/full4ir.tk\/TXT\/_acme-challenge.test","name":"_acme-challenge.test","type":"Microsoft.Network\/dnszones\/TXT","etag":"d264f5b6-342c-40f4-92e2-91ecdf07a17e","properties":{"fqdn":"_acme-challenge.test.full4ir.tk.","TTL":3600,"TXTRecords":[{"value":["challengetoken"]}],"targetResource":{},"provisioningState":"Succeeded"}}]}'
    headers:
      Cache-Control:
      - private
      Content-Type:
      - application/json; charset=utf-8
      Date:
      - Fri, 02 Jun 2023 10:08:31 GMT
      Server:
      - Microsoft-IIS/10.0
      Strict-Transport-Security:
      - max-age=31536000; includeSubDomains
      Transfer-Encoding:
      - chunked
      Vary:
      - Accept-Encoding
      X-Content-Type-Options:
      - nosniff
      X-Powered-By:
      - ASP.NET
      content-length:
      - '3738'
      x-ms-correlation-request-id:
      - 0e3276a0-a77c-4823-9456-bb24c4e1402a
      x-ms-ratelimit-remaining-subscription-resource-entities-read:
      - '59992'
      x-ms-ratelimit-remaining-subscription-resource-requests:
      - '499'
      x-ms-request-id:
      - 957093ef-90c6-48b3-8d98-771c080c41e6
      x-ms-routing-request-id:
      - GERMANYWESTCENTRAL:20230602T100832Z:0e3276a0-a77c-4823-9456-bb24c4e1402a
    status:
      code: 200
      message: OK
version: 1
