interactions:
- request:
    body: !!python/unicode 'client_secret=CLIENT_SECRET&grant_type=client_credentials&resource=https%3A%2F%2Fmanagement.azure.com&client_id=CLIENT_ID'
    headers:
      Accept:
      - '*/*'
      Accept-Encoding:
      - gzip, deflate
      Connection:
      - keep-alive
      Content-Length:
      - '179'
      Content-Type:
      - application/x-www-form-urlencoded
      User-Agent:
      - python-requests/2.21.0
    method: POST
    uri: https://login.microsoftonline.com/TENANT_ID/oauth2/token
  response:
    body:
      string: !!python/unicode '{"token_type":"Bearer","expires_in":"3600","ext_expires_in":"3600","expires_on":"1557007355","not_before":"1557003455","resource":"https://management.azure.com","access_token":"TOKEN"}'
    headers:
      cache-control:
      - no-cache, no-store
      content-length:
      - '1335'
      content-type:
      - application/json; charset=utf-8
      date:
      - Sat, 04 May 2019 21:02:34 GMT
      expires:
      - '-1'
      p3p:
      - CP="DSP CUR OTPi IND OTRi ONL FIN"
      pragma:
      - no-cache
      set-cookie:
      - fpc=AkOqomQ57XRBg1bUCFgB32CPpLAkAQAAAOr0X9QOAAAA; expires=Mon, 03-Jun-2019
        21:02:35 GMT; path=/; secure; HttpOnly
      - x-ms-gateway-slice=prod; path=/; secure; HttpOnly
      - stsservicecookie=ests; path=/; secure; HttpOnly
      strict-transport-security:
      - max-age=31536000; includeSubDomains
      x-content-type-options:
      - nosniff
      x-ms-request-id:
      - dcfc61f2-3089-43d3-af32-7f63087d1500
    status:
      code: 200
      message: OK
- request:
    body: null
    headers:
      Accept:
      - '*/*'
      Accept-Encoding:
      - gzip, deflate
      Authorization:
      - Bearer TOKEN
      Connection:
      - keep-alive
      User-Agent:
      - python-requests/2.21.0
    method: GET
    uri: https://management.azure.com/subscriptions/SUBSCRIPTION_ID/resourceGroups/dns-test/providers/Microsoft.Network/dnsZones?api-version=2018-03-01-preview
  response:
    body:
      string: !!python/unicode '{"value":[{"id":"\/subscriptions\/SUBSCRIPTION_ID\/resourceGroups\/dns-test\/providers\/Microsoft.Network\/dnszones\/full4ir.tk","name":"full4ir.tk","type":"Microsoft.Network\/dnszones","etag":"00000002-0000-0000-a2fa-8fbbededd401","location":"global","tags":{},"properties":{"maxNumberOfRecordSets":10000,"maxNumberOfRecordsPerRecordSet":null,"nameServers":["ns1-07.azure-dns.com.","ns2-07.azure-dns.net.","ns3-07.azure-dns.org.","ns4-07.azure-dns.info."],"numberOfRecordSets":5,"zoneType":"Public"}}]}'
    headers:
      cache-control:
      - private
      content-length:
      - '524'
      content-type:
      - application/json; charset=utf-8
      date:
      - Sat, 04 May 2019 21:02:35 GMT
      server:
      - Microsoft-IIS/10.0
      strict-transport-security:
      - max-age=31536000; includeSubDomains
      transfer-encoding:
      - chunked
      vary:
      - Accept-Encoding
      x-content-type-options:
      - nosniff
      x-ms-correlation-request-id:
      - 42a48e6c-d532-4718-a2a8-bcf021dd5589
      x-ms-ratelimit-remaining-subscription-resource-entities-read:
      - '59996'
      x-ms-ratelimit-remaining-subscription-resource-requests:
      - '496'
      x-ms-request-id:
      - e2829372-9193-40e8-97fa-dea5aa69d2e6
      x-ms-routing-request-id:
      - FRANCECENTRAL:20190504T210236Z:42a48e6c-d532-4718-a2a8-bcf021dd5589
      x-powered-by:
      - ASP.NET
    status:
      code: 200
      message: OK
- request:
    body: null
    headers:
      Accept:
      - '*/*'
      Accept-Encoding:
      - gzip, deflate
      Authorization:
      - Bearer TOKEN
      Connection:
      - keep-alive
      User-Agent:
      - python-requests/2.21.0
    method: GET
    uri: https://management.azure.com/subscriptions/SUBSCRIPTION_ID/resourceGroups/dns-test/providers/Microsoft.Network/dnszones/full4ir.tk/TXT?api-version=2018-03-01-preview
  response:
    body:
      string: !!python/unicode '{"value":[{"id":"\/subscriptions\/SUBSCRIPTION_ID\/resourceGroups\/dns-test\/providers\/Microsoft.Network\/dnszones\/full4ir.tk\/TXT\/_acme-challenge.fqdn","name":"_acme-challenge.fqdn","type":"Microsoft.Network\/dnszones\/TXT","etag":"8ab8aee6-d933-4b1c-9111-1af9218f8fb3","properties":{"fqdn":"_acme-challenge.fqdn.full4ir.tk.","TTL":3600,"TXTRecords":[{"value":["challengetoken"]}]}}]}'
    headers:
      cache-control:
      - private
      content-length:
      - '409'
      content-type:
      - application/json; charset=utf-8
      date:
      - Sat, 04 May 2019 21:02:36 GMT
      server:
      - Microsoft-IIS/10.0
      strict-transport-security:
      - max-age=31536000; includeSubDomains
      transfer-encoding:
      - chunked
      vary:
      - Accept-Encoding
      x-content-type-options:
      - nosniff
      x-ms-correlation-request-id:
      - 9ae42bc4-a1bf-4995-a893-d61b36d9cf8b
      x-ms-ratelimit-remaining-subscription-resource-entities-read:
      - '59962'
      x-ms-ratelimit-remaining-subscription-resource-requests:
      - '496'
      x-ms-request-id:
      - 4997e4e5-a7f9-4207-9fbe-87550fa2e4d6
      x-ms-routing-request-id:
      - FRANCECENTRAL:20190504T210236Z:9ae42bc4-a1bf-4995-a893-d61b36d9cf8b
      x-powered-by:
      - ASP.NET
    status:
      code: 200
      message: OK
- request:
    body: !!python/unicode '{"properties": {"TXTRecords": [{"value": ["challengetoken"]}],
      "TTL": 3600}}'
    headers:
      Accept:
      - '*/*'
      Accept-Encoding:
      - gzip, deflate
      Authorization:
      - Bearer TOKEN
      Connection:
      - keep-alive
      Content-Length:
      - '76'
      Content-Type:
      - application/json
      User-Agent:
      - python-requests/2.21.0
    method: PUT
    uri: https://management.azure.com/subscriptions/SUBSCRIPTION_ID/resourceGroups/dns-test/providers/Microsoft.Network/dnszones/full4ir.tk/TXT/_acme-challenge.full?api-version=2018-03-01-preview
  response:
    body:
      string: !!python/unicode '{"id":"\/subscriptions\/SUBSCRIPTION_ID\/resourceGroups\/dns-test\/providers\/Microsoft.Network\/dnszones\/full4ir.tk\/TXT\/_acme-challenge.full","name":"_acme-challenge.full","type":"Microsoft.Network\/dnszones\/TXT","etag":"6eb3d9c1-2b55-4b34-97eb-dbbd37f525f9","properties":{"fqdn":"_acme-challenge.full.full4ir.tk.","TTL":3600,"TXTRecords":[{"value":["challengetoken"]}]}}'
    headers:
      cache-control:
      - private
      content-length:
      - '397'
      content-type:
      - application/json; charset=utf-8
      date:
      - Sat, 04 May 2019 21:02:37 GMT
      etag:
      - 6eb3d9c1-2b55-4b34-97eb-dbbd37f525f9
      server:
      - Microsoft-IIS/10.0
      strict-transport-security:
      - max-age=31536000; includeSubDomains
      x-content-type-options:
      - nosniff
      x-ms-correlation-request-id:
      - 8ab69b36-bc77-45b9-87e6-e959c99ea5b3
      x-ms-ratelimit-remaining-subscription-resource-requests:
      - '11991'
      x-ms-request-id:
      - 5df8721e-b958-4041-8ca8-223106f9f48c
      x-ms-routing-request-id:
      - FRANCECENTRAL:20190504T210237Z:8ab69b36-bc77-45b9-87e6-e959c99ea5b3
      x-powered-by:
      - ASP.NET
    status:
      code: 201
      message: Created
version: 1
