interactions:
- request:
    body: null
    headers:
      Accept-Encoding:
      - gzip, deflate
      Connection:
      - keep-alive
      User-Agent:
      - python-requests/2.32.3
      accept:
      - application/json
    method: GET
    uri: https://api.hosting.ionos.com/dns/v1/zones
  response:
    body:
      string: '[{"name": "example.com", "id": "4c9feb47-2a4d-11ec-bda4-0a5864441f49",
        "type": "NATIVE"}]'
    headers:
      Access-Control-Allow-Origin:
      - '*'
      Connection:
      - keep-alive
      Content-Length:
      - '582'
      Content-Type:
      - application/json
      Date:
      - Thu, 28 Nov 2024 13:46:00 GMT
      Keep-Alive:
      - timeout=15
      cache-control:
      - no-cache, no-store, max-age=0, must-revalidate
      expires:
      - '0'
      pragma:
      - no-cache
      referrer-policy:
      - no-referrer
      vary:
      - Origin
      - Access-Control-Request-Method
      - Access-Control-Request-Headers
      - Origin
      via:
      - kong/3.0.0
      x-content-type-options:
      - nosniff
      x-frame-options:
      - DENY
      x-kong-proxy-latency:
      - '1'
      x-kong-upstream-latency:
      - '6'
      x-xss-protection:
      - '0'
    status:
      code: 200
      message: OK
- request:
    body: '[{"name": "ttl.fqdn.example.com", "type": "TXT", "content": "ttlshouldbe3600",
      "ttl": 3600, "prio": 0, "disabled": false}]'
    headers:
      Accept-Encoding:
      - gzip, deflate
      Connection:
      - keep-alive
      Content-Length:
      - '126'
      Content-Type:
      - application/json
      User-Agent:
      - python-requests/2.32.3
      accept:
      - application/json
    method: POST
    uri: https://api.hosting.ionos.com/dns/v1/zones/4c9feb47-2a4d-11ec-bda4-0a5864441f49/records
  response:
    body:
      string: '[{"name": "ttl.fqdn.example.com", "rootName": "example.com", "type":
        "TXT", "content": "\"ttlshouldbe3600\"", "changeDate": "2024-11-28T13:46:00.870Z",
        "ttl": 3600, "disabled": false, "id": "96d52e8d-13b6-80f5-adb7-489fde879f70"}]'
    headers:
      Access-Control-Allow-Origin:
      - '*'
      Connection:
      - keep-alive
      Content-Length:
      - '223'
      Content-Type:
      - application/json
      Date:
      - Thu, 28 Nov 2024 13:46:00 GMT
      Keep-Alive:
      - timeout=15
      cache-control:
      - no-cache, no-store, max-age=0, must-revalidate
      expires:
      - '0'
      pragma:
      - no-cache
      referrer-policy:
      - no-referrer
      vary:
      - Origin
      - Access-Control-Request-Method
      - Access-Control-Request-Headers
      - Origin
      via:
      - kong/3.0.0
      x-content-type-options:
      - nosniff
      x-frame-options:
      - DENY
      x-kong-proxy-latency:
      - '1'
      x-kong-upstream-latency:
      - '412'
      x-xss-protection:
      - '0'
    status:
      code: 201
      message: Created
- request:
    body: null
    headers:
      Accept-Encoding:
      - gzip, deflate
      Connection:
      - keep-alive
      User-Agent:
      - python-requests/2.32.3
      accept:
      - application/json
    method: GET
    uri: https://api.hosting.ionos.com/dns/v1/zones/4c9feb47-2a4d-11ec-bda4-0a5864441f49?recordType=TXT&recordName=ttl.fqdn.example.com
  response:
    body:
      string: '{"name":"example.com","id":"4c9feb47-2a4d-11ec-bda4-0a5864441f49","type":"NATIVE","records":[{"name":"ttl.fqdn.example.com","rootName":"example.com","type":"TXT","content":"\"ttlshouldbe3600\"","changeDate":"2024-11-28T13:46:00.870Z","ttl":3600,"disabled":false,"id":"96d52e8d-13b6-80f5-adb7-489fde879f70"}]}'
    headers:
      Access-Control-Allow-Origin:
      - '*'
      Connection:
      - keep-alive
      Content-Length:
      - '320'
      Content-Type:
      - application/json
      Date:
      - Thu, 28 Nov 2024 13:46:01 GMT
      Keep-Alive:
      - timeout=15
      cache-control:
      - no-cache, no-store, max-age=0, must-revalidate
      endpoint:
      - getZone
      expires:
      - '0'
      pragma:
      - no-cache
      referrer-policy:
      - no-referrer
      server:
      - nginx/1.22.1
      status-code:
      - '200'
      vary:
      - Origin
      - Access-Control-Request-Method
      - Access-Control-Request-Headers
      - Origin
      via:
      - kong/3.0.0
      x-content-type-options:
      - nosniff
      x-frame-options:
      - DENY
      x-kong-proxy-latency:
      - '1'
      x-kong-upstream-latency:
      - '34'
      x-xss-protection:
      - '0'
    status:
      code: 200
      message: OK
version: 1
