interactions:
- request:
    body: null
    headers:
      Accept: [application/json]
      Accept-Encoding: ['gzip, deflate']
      Connection: [keep-alive]
      Content-Type: [application/json]
      User-Agent: [python-requests/2.18.4]
    method: GET
    uri: https://dashboard.dynomesh.com.au/dns_zones.json
  response:
    body: {string: '[{"dns_zone":{"created_at":"2018-01-23T13:10:10+11:00","id":643,"name":"zzzzzz.invalid","updated_at":"2018-01-23T13:10:10+11:00","user_id":348,"cdn_reference":172619460}},{"dns_zone":{"created_at":"2018-03-26T13:44:43+11:00","id":653,"name":"my-test.org","updated_at":"2018-03-26T13:44:43+11:00","user_id":348,"cdn_reference":624791005}}]'}
    headers:
      Cache-Control: ['must-revalidate, private, max-age=0']
      Connection: [close]
      Content-Type: [application/json; charset=utf-8]
      Date: ['Mon, 26 Mar 2018 02:48:11 GMT']
      ETag: ['"9882521221fa754b650a3428de7112cb"']
      Server: [Apache/2.2.15 (CentOS)]
      Set-Cookie: [_session_id=0341ad428e59faf99def182c3c57193f; path=/; HttpOnly]
      Status: [200 OK]
      Transfer-Encoding: [chunked]
      X-Powered-By: [Phusion Passenger 4.0.35]
      X-Rack-Cache: [miss]
      X-Request-Id: [63edf688ecd7cabae6678053c605acf2]
      X-Runtime: ['0.136996']
      X-UA-Compatible: ['IE=Edge,chrome=1']
    status: {code: 200, message: OK}
- request:
    body: '{"dns_record": {"name": "_acme-challenge.listrecordset", "type": "TXT",
      "txt": "challengetoken1", "ttl": "3600"}}'
    headers:
      Accept: [application/json]
      Accept-Encoding: ['gzip, deflate']
      Connection: [keep-alive]
      Content-Length: ['113']
      Content-Type: [application/json]
      Cookie: [_session_id=0341ad428e59faf99def182c3c57193f]
      User-Agent: [python-requests/2.18.4]
    method: POST
    uri: https://dashboard.dynomesh.com.au/dns_zones/653/records.json
  response:
    body: {string: '{"dns_record":{"id":2797650,"name":"_acme-challenge.listrecordset","ttl":"3600","txt":"challengetoken1","type":"TXT"}}'}
    headers:
      Cache-Control: ['max-age=0, private, must-revalidate']
      Connection: [close]
      Content-Type: [application/json; charset=utf-8]
      Date: ['Mon, 26 Mar 2018 02:48:12 GMT']
      ETag: ['"41d9e7472183e4ccdcf984d2ef17567a"']
      Location: [/dns_zones/653/records]
      Server: [Apache/2.2.15 (CentOS)]
      Set-Cookie: [_session_id=aa5fa3484171bc27ca24944f3a8c7611; path=/; HttpOnly]
      Status: [201 Created]
      Transfer-Encoding: [chunked]
      X-Powered-By: [Phusion Passenger 4.0.35]
      X-Rack-Cache: ['invalidate, pass']
      X-Request-Id: [e28937eaf284ae4a86d7fbdb8d549a8c]
      X-Runtime: ['3.128682']
      X-UA-Compatible: ['IE=Edge,chrome=1']
    status: {code: 201, message: Created}
- request:
    body: '{"dns_record": {"name": "_acme-challenge.listrecordset", "type": "TXT",
      "txt": "challengetoken2", "ttl": "3600"}}'
    headers:
      Accept: [application/json]
      Accept-Encoding: ['gzip, deflate']
      Connection: [keep-alive]
      Content-Length: ['113']
      Content-Type: [application/json]
      Cookie: [_session_id=aa5fa3484171bc27ca24944f3a8c7611]
      User-Agent: [python-requests/2.18.4]
    method: POST
    uri: https://dashboard.dynomesh.com.au/dns_zones/653/records.json
  response:
    body: {string: '{"dns_record":{"id":2797651,"name":"_acme-challenge.listrecordset","ttl":"3600","txt":"challengetoken2","type":"TXT"}}'}
    headers:
      Cache-Control: ['max-age=0, private, must-revalidate']
      Connection: [close]
      Content-Type: [application/json; charset=utf-8]
      Date: ['Mon, 26 Mar 2018 02:48:15 GMT']
      ETag: ['"ecd105f5acd4c342a37786a2df1ca758"']
      Location: [/dns_zones/653/records]
      Server: [Apache/2.2.15 (CentOS)]
      Set-Cookie: [_session_id=84045f4971bca41f991d759c37446a94; path=/; HttpOnly]
      Status: [201 Created]
      Transfer-Encoding: [chunked]
      X-Powered-By: [Phusion Passenger 4.0.35]
      X-Rack-Cache: ['invalidate, pass']
      X-Request-Id: [eae12ed3016955439e9c3d986e689088]
      X-Runtime: ['3.248329']
      X-UA-Compatible: ['IE=Edge,chrome=1']
    status: {code: 201, message: Created}
- request:
    body: null
    headers:
      Accept: [application/json]
      Accept-Encoding: ['gzip, deflate']
      Connection: [keep-alive]
      Content-Type: [application/json]
      Cookie: [_session_id=84045f4971bca41f991d759c37446a94]
      User-Agent: [python-requests/2.18.4]
    method: GET
    uri: https://dashboard.dynomesh.com.au/dns_zones/653/records.json
  response:
    body: {string: '{"dns_zone":{"created_at":"2018-03-26T13:44:43+11:00","id":653,"name":"my-test.org","updated_at":"2018-03-26T13:44:43+11:00","user_id":348,"records":{"SOA":[{"dns_record":{"expire":1209600,"hostmaster":"support@fleetssl.com","id":2797632,"minimum":1200,"name":"@","primaryNs":"ns1.dynomesh.net.au","refresh":1200,"retry":180,"serial":50,"ttl":86400,"type":"SOA"}}],"NS":[{"dns_record":{"hostname":"ns1.dynomesh.net.au","id":2797628,"name":"@","ttl":86400,"type":"NS"}},{"dns_record":{"hostname":"ns2.dynomesh.net.au","id":2797629,"name":"@","ttl":86400,"type":"NS"}},{"dns_record":{"hostname":"ns3.dynomesh.net.au","id":2797630,"name":"@","ttl":86400,"type":"NS"}},{"dns_record":{"hostname":"ns4.dynomesh.net.au","id":2797631,"name":"@","ttl":86400,"type":"NS"}}],"A":[{"dns_record":{"id":2797633,"ip":"127.0.0.1","name":"localhost","ttl":3600,"type":"A"}}],"CNAME":[{"dns_record":{"hostname":"docs.example.com","id":2797634,"name":"docs","ttl":3600,"type":"CNAME"}}],"TXT":[{"dns_record":{"id":2797635,"name":"_acme-challenge.fqdn","ttl":3600,"txt":"challengetoken","type":"TXT"}},{"dns_record":{"id":2797636,"name":"_acme-challenge.full","ttl":3600,"txt":"challengetoken","type":"TXT"}},{"dns_record":{"id":2797637,"name":"_acme-challenge.test","ttl":3600,"txt":"challengetoken","type":"TXT"}},{"dns_record":{"id":2797638,"name":"_acme-challenge.createrecordset","ttl":3600,"txt":"challengetoken1","type":"TXT"}},{"dns_record":{"id":2797639,"name":"_acme-challenge.createrecordset","ttl":3600,"txt":"challengetoken2","type":"TXT"}},{"dns_record":{"id":2797640,"name":"_acme-challenge.noop","ttl":3600,"txt":"challengetoken","type":"TXT"}},{"dns_record":{"id":2797646,"name":"_acme-challenge.deleterecordinset","ttl":3600,"txt":"challengetoken2","type":"TXT"}},{"dns_record":{"id":2797649,"name":"ttl.fqdn","ttl":3600,"txt":"ttlshouldbe3600","type":"TXT"}},{"dns_record":{"id":2797650,"name":"_acme-challenge.listrecordset","ttl":3600,"txt":"challengetoken1","type":"TXT"}},{"dns_record":{"id":2797651,"name":"_acme-challenge.listrecordset","ttl":3600,"txt":"challengetoken2","type":"TXT"}}]},"cdn_reference":624791005}}'}
    headers:
      Cache-Control: ['must-revalidate, private, max-age=0']
      Connection: [close]
      Content-Type: [application/json; charset=utf-8]
      Date: ['Mon, 26 Mar 2018 02:48:19 GMT']
      ETag: ['"d21dc9e1367ba309acfc296f539e30d4"']
      Server: [Apache/2.2.15 (CentOS)]
      Status: [200 OK]
      Transfer-Encoding: [chunked]
      X-Powered-By: [Phusion Passenger 4.0.35]
      X-Rack-Cache: [miss]
      X-Request-Id: [9415920fbac69b01851f635c778e1b3c]
      X-Runtime: ['3.620265']
      X-UA-Compatible: ['IE=Edge,chrome=1']
    status: {code: 200, message: OK}
version: 1
