interactions:
- request:
    body: !!python/unicode '{}'
    headers:
      Accept: [application/json]
      Accept-Encoding: ['gzip, deflate']
      Connection: [keep-alive]
      Content-Length: ['2']
      Content-Type: [application/json]
      User-Agent: [python-requests/2.18.4]
      x-dnsme-requestDate: ['Wed, 21 Mar 2018 05:25:27 GMT']
    method: GET
    uri: http://api.sandbox.dnsmadeeasy.com/V2.0/dns/managed/name?domainname=capsulecd.com
  response:
    body: {string: !!python/unicode '{"created":1521590400000,"delegateNameServers":["dawn.ns.cloudflare.com.","owen.ns.cloudflare.com."],"folderId":2052,"gtdEnabled":false,"nameServers":[{"fqdn":"ns1.sandbox.dnsmadeeasy.com","ipv4":"208.80.120.45","ipv6":"2600:1806:511:210:1eaf::45"},{"fqdn":"ns2.sandbox.dnsmadeeasy.com","ipv4":"208.80.120.46","ipv6":"2600:1806:511:210:1eaf::46"},{"fqdn":"ns3.sandbox.dnsmadeeasy.com","ipv4":"208.80.120.47","ipv6":"2600:1806:511:210:1eaf::47"},{"fqdn":"ns4.sandbox.dnsmadeeasy.com","ipv4":"208.80.120.48","ipv6":"2600:1806:511:210:1eaf::48"},{"fqdn":"ns5.sandbox.dnsmadeeasy.com","ipv4":"208.80.120.49","ipv6":"2600:1806:511:210:1eaf::49"}],"pendingActionId":0,"updated":1521609889401,"processMulti":false,"activeThirdParties":[],"name":"capsulecd.com","id":878951}'}
    headers:
      content-type: [application/json]
      date: ['Wed, 21 Mar 2018 05:25:28 GMT']
      server: [Apache-Coyote/1.1]
      set-cookie: [JSESSIONID=6D8B23BFE5F7CF1BC7B0481E2ECF051E; Path=/V2.0; HttpOnly]
      transfer-encoding: [chunked]
      x-dnsme-requestid: [65668db8-2dcb-4f23-89d7-df88e3c6e98f]
      x-dnsme-requestlimit: ['150']
      x-dnsme-requestsremaining: ['89']
    status: {code: 200, message: OK}
- request:
    body: !!python/unicode '{"type": "TXT", "name": "random.fqdntest", "value": "challengetoken",
      "ttl": 3600}'
    headers:
      Accept: [application/json]
      Accept-Encoding: ['gzip, deflate']
      Connection: [keep-alive]
      Content-Length: ['82']
      Content-Type: [application/json]
      User-Agent: [python-requests/2.18.4]
      x-dnsme-requestDate: ['Wed, 21 Mar 2018 05:25:28 GMT']
    method: POST
    uri: http://api.sandbox.dnsmadeeasy.com/V2.0/dns/managed/878951/records/
  response:
    body: {string: !!python/unicode '{"failover":false,"monitor":false,"sourceId":878951,"dynamicDns":false,"failed":false,"gtdLocation":"DEFAULT","hardLink":false,"ttl":3600,"source":1,"name":"random.fqdntest","value":"\"challengetoken\"","id":10169003,"type":"TXT"}'}
    headers:
      content-type: [application/json]
      date: ['Wed, 21 Mar 2018 05:25:28 GMT']
      location: ['http://api.sandbox.dnsmadeeasy.com/V2.0/dns/managed/878951/records/10169003']
      server: [Apache-Coyote/1.1]
      set-cookie: [JSESSIONID=DEA64ADA6A95F22F945E479D34CB1BD2; Path=/V2.0; HttpOnly]
      transfer-encoding: [chunked]
      x-dnsme-requestid: [9d0b3bb4-3f64-4c03-afff-cd91804e8d26]
      x-dnsme-requestlimit: ['150']
      x-dnsme-requestsremaining: ['88']
    status: {code: 201, message: Created}
- request:
    body: !!python/unicode '{}'
    headers:
      Accept: [application/json]
      Accept-Encoding: ['gzip, deflate']
      Connection: [keep-alive]
      Content-Length: ['2']
      Content-Type: [application/json]
      User-Agent: [python-requests/2.18.4]
      x-dnsme-requestDate: ['Wed, 21 Mar 2018 05:25:28 GMT']
    method: GET
    uri: http://api.sandbox.dnsmadeeasy.com/V2.0/dns/managed/878951/records?recordName=random.fqdntest&type=TXT
  response:
    body: {string: !!python/unicode '{"totalPages":1,"totalRecords":1,"data":[{"failover":false,"monitor":false,"sourceId":878951,"dynamicDns":false,"failed":false,"gtdLocation":"DEFAULT","hardLink":false,"ttl":3600,"source":1,"name":"random.fqdntest","value":"\"challengetoken\"","id":10169003,"type":"TXT"}],"page":0}'}
    headers:
      content-type: [application/json]
      date: ['Wed, 21 Mar 2018 05:25:28 GMT']
      server: [Apache-Coyote/1.1]
      set-cookie: [JSESSIONID=04EE5E299A0DF1EC7F82BC183E28BA4A; Path=/V2.0; HttpOnly]
      transfer-encoding: [chunked]
      x-dnsme-requestid: [6dfdcbfe-b280-41b3-8609-78d24188ec0c]
      x-dnsme-requestlimit: ['150']
      x-dnsme-requestsremaining: ['87']
    status: {code: 200, message: OK}
version: 1
