interactions:
- request:
    body: '{}'
    headers:
      Accept:
      - application/json
      Accept-Encoding:
      - gzip, deflate
      Connection:
      - keep-alive
      Content-Length:
      - '2'
      Content-Type:
      - application/json
      User-Agent:
      - python-requests/2.28.0
    method: GET
    uri: https://dns.api.cloud.yandex.net/dns/v1/zones/dns3a9nospukjt4jlqdm
  response:
    body:
      string: "{\n \"privateVisibility\": {},\n \"id\": \"dns3a9nospukjt4jlqdm\",\n
        \"folderId\": \"b1gm2f812hg4h5s5jsgn\",\n \"createdAt\": \"2022-04-30T09:55:06.586Z\",\n
        \"zone\": \"example.com.\"\n}\n"
    headers:
      content-length:
      - '164'
      content-type:
      - application/json
      date:
      - Mon, 25 Jul 2022 13:42:09 GMT
      server:
      - envoy
    status:
      code: 200
      message: OK
- request:
    body: '{}'
    headers:
      Accept:
      - application/json
      Accept-Encoding:
      - gzip, deflate
      Connection:
      - keep-alive
      Content-Length:
      - '2'
      Content-Type:
      - application/json
      User-Agent:
      - python-requests/2.28.0
    method: GET
    uri: https://dns.api.cloud.yandex.net/dns/v1/zones/dns3a9nospukjt4jlqdm:getRecordSet?name=random.fqdntest.example.com.&type=TXT
  response:
    body:
      string: "{\n \"code\": 5,\n \"message\": \"RecordSet not found: RecordSet.Id(dnsZoneId=DnsZone.Id(id=dns3a9nospukjt4jlqdm),
        name=random.fqdntest.example.com., rrType=TXT)\",\n \"details\": [\n  {\n
        \  \"@type\": \"type.googleapis.com/google.rpc.RequestInfo\",\n   \"requestId\":
        \"080401b4-9970-4f7f-8ad7-95ab78828759\"\n  }\n ]\n}\n"
    headers:
      content-length:
      - '297'
      content-type:
      - application/json
      date:
      - Mon, 25 Jul 2022 13:42:09 GMT
      server:
      - envoy
    status:
      code: 404
      message: Not Found
- request:
    body: '{"replacements": [{"name": "random.fqdntest.example.com.", "type": "TXT",
      "ttl": 3600, "data": ["challengetoken"]}]}'
    headers:
      Accept:
      - application/json
      Accept-Encoding:
      - gzip, deflate
      Connection:
      - keep-alive
      Content-Length:
      - '116'
      Content-Type:
      - application/json
      User-Agent:
      - python-requests/2.28.0
    method: POST
    uri: https://dns.api.cloud.yandex.net/dns/v1/zones/dns3a9nospukjt4jlqdm/upsertRecordSets
  response:
    body:
      string: "{\n \"done\": true,\n \"metadata\": {\n  \"@type\": \"type.googleapis.com/yandex.cloud.dns.v1.UpsertRecordSetsMetadata\"\n
        },\n \"response\": {\n  \"@type\": \"type.googleapis.com/google.protobuf.Empty\"\n
        },\n \"id\": \"dnsd6l0i0utmb6bnsk9n\",\n \"description\": \"Upsert DNS RecordSets\",\n
        \"createdAt\": \"2022-07-25T13:42:10.362556315Z\",\n \"createdBy\": \"ajesjg85676uboegshq0\",\n
        \"modifiedAt\": \"2022-07-25T13:42:10.362633481Z\"\n}\n"
    headers:
      content-length:
      - '396'
      content-type:
      - application/json
      date:
      - Mon, 25 Jul 2022 13:42:10 GMT
      server:
      - envoy
    status:
      code: 200
      message: OK
- request:
    body: '{}'
    headers:
      Accept:
      - application/json
      Accept-Encoding:
      - gzip, deflate
      Connection:
      - keep-alive
      Content-Length:
      - '2'
      Content-Type:
      - application/json
      User-Agent:
      - python-requests/2.28.0
    method: GET
    uri: https://dns.api.cloud.yandex.net/dns/v1/zones/dns3a9nospukjt4jlqdm:listRecordSets?filter=type%3D%27TXT%27%20AND%20name%3D%27random.fqdntest.example.com.%27
  response:
    body:
      string: "{\n \"recordSets\": [\n  {\n   \"data\": [\n    \"challengetoken\"\n
        \  ],\n   \"name\": \"random.fqdntest.example.com.\",\n   \"type\": \"TXT\",\n
        \  \"ttl\": \"3600\"\n  }\n ]\n}\n"
    headers:
      content-length:
      - '150'
      content-type:
      - application/json
      date:
      - Mon, 25 Jul 2022 13:42:10 GMT
      server:
      - envoy
    status:
      code: 200
      message: OK
version: 1
