interactions:
- request:
    body: '{}'
    headers:
      Accept:
      - application/json
      Accept-Encoding:
      - gzip, deflate
      Connection:
      - keep-alive
      Content-Length:
      - '2'
      Content-Type:
      - application/json
      User-Agent:
      - python-requests/2.28.0
    method: GET
    uri: https://dns.api.cloud.yandex.net/dns/v1/zones/dns3a9nospukjt4jlqdm
  response:
    body:
      string: "{\n \"privateVisibility\": {},\n \"id\": \"dns3a9nospukjt4jlqdm\",\n
        \"folderId\": \"b1gm2f812hg4h5s5jsgn\",\n \"createdAt\": \"2022-04-30T09:55:06.586Z\",\n
        \"zone\": \"example.com.\"\n}\n"
    headers:
      content-length:
      - '164'
      content-type:
      - application/json
      date:
      - Mon, 25 Jul 2022 13:41:47 GMT
      server:
      - envoy
    status:
      code: 200
      message: OK
- request:
    body: '{}'
    headers:
      Accept:
      - application/json
      Accept-Encoding:
      - gzip, deflate
      Connection:
      - keep-alive
      Content-Length:
      - '2'
      Content-Type:
      - application/json
      User-Agent:
      - python-requests/2.28.0
    method: GET
    uri: https://dns.api.cloud.yandex.net/dns/v1/zones/dns3a9nospukjt4jlqdm:getRecordSet?name=_acme-challenge.createrecordset.example.com.&type=TXT
  response:
    body:
      string: "{\n \"code\": 5,\n \"message\": \"RecordSet not found: RecordSet.Id(dnsZoneId=DnsZone.Id(id=dns3a9nospukjt4jlqdm),
        name=_acme-challenge.createrecordset.example.com., rrType=TXT)\",\n \"details\":
        [\n  {\n   \"@type\": \"type.googleapis.com/google.rpc.RequestInfo\",\n   \"requestId\":
        \"ca533953-e060-4b97-9935-757914e068e5\"\n  }\n ]\n}\n"
    headers:
      content-length:
      - '313'
      content-type:
      - application/json
      date:
      - Mon, 25 Jul 2022 13:41:47 GMT
      server:
      - envoy
    status:
      code: 404
      message: Not Found
- request:
    body: '{"replacements": [{"name": "_acme-challenge.createrecordset.example.com.",
      "type": "TXT", "ttl": 3600, "data": ["challengetoken1"]}]}'
    headers:
      Accept:
      - application/json
      Accept-Encoding:
      - gzip, deflate
      Connection:
      - keep-alive
      Content-Length:
      - '133'
      Content-Type:
      - application/json
      User-Agent:
      - python-requests/2.28.0
    method: POST
    uri: https://dns.api.cloud.yandex.net/dns/v1/zones/dns3a9nospukjt4jlqdm:upsertRecordSets
  response:
    body:
      string: "{\n \"done\": true,\n \"metadata\": {\n  \"@type\": \"type.googleapis.com/yandex.cloud.dns.v1.UpsertRecordSetsMetadata\"\n
        },\n \"response\": {\n  \"@type\": \"type.googleapis.com/yandex.cloud.dns.v1.RecordSetDiff\",\n
        \ \"additions\": [\n   {\n    \"data\": [\n     \"challengetoken1\"\n    ],\n
        \   \"name\": \"_acme-challenge.createrecordset.example.com.\",\n    \"type\":
        \"TXT\",\n    \"ttl\": \"3600\"\n   }\n  ]\n },\n \"id\": \"dnsn7dfsgs7ai9en26mb\",\n
        \"description\": \"Upsert DNS RecordSets\",\n \"createdAt\": \"2022-10-04T22:39:51.771528694Z\",\n
        \"createdBy\": \"ajesjg85676uboegshq0\",\n \"modifiedAt\": \"2022-10-04T22:39:51.771623073Z\"\n}\n"
    headers:
      content-length:
      - '581'
      content-type:
      - application/json
      date:
      - Tue, 04 Oct 2022 22:39:51 GMT
      server:
      - envoy
    status:
      code: 200
      message: OK
- request:
    body: '{}'
    headers:
      Accept:
      - application/json
      Accept-Encoding:
      - gzip, deflate
      Connection:
      - keep-alive
      Content-Length:
      - '2'
      Content-Type:
      - application/json
      User-Agent:
      - python-requests/2.28.0
    method: GET
    uri: https://dns.api.cloud.yandex.net/dns/v1/zones/dns3a9nospukjt4jlqdm:getRecordSet?name=_acme-challenge.createrecordset.example.com.&type=TXT
  response:
    body:
      string: "{\n \"data\": [\n  \"challengetoken1\"\n ],\n \"name\": \"_acme-challenge.createrecordset.example.com.\",\n
        \"type\": \"TXT\",\n \"ttl\": \"3600\"\n}\n"
    headers:
      content-length:
      - '127'
      content-type:
      - application/json
      date:
      - Mon, 25 Jul 2022 13:41:48 GMT
      server:
      - envoy
    status:
      code: 200
      message: OK
- request:
    body: '{"replacements": [{"name": "_acme-challenge.createrecordset.example.com.",
      "type": "TXT", "ttl": 3600, "data": ["challengetoken1", "challengetoken2"]}]}'
    headers:
      Accept:
      - application/json
      Accept-Encoding:
      - gzip, deflate
      Connection:
      - keep-alive
      Content-Length:
      - '152'
      Content-Type:
      - application/json
      User-Agent:
      - python-requests/2.28.0
    method: POST
    uri: https://dns.api.cloud.yandex.net/dns/v1/zones/dns3a9nospukjt4jlqdm:upsertRecordSets
  response:
    body:
      string: "{\n \"done\": true,\n \"metadata\": {\n  \"@type\": \"type.googleapis.com/yandex.cloud.dns.v1.UpsertRecordSetsMetadata\"\n
        },\n \"response\": {\n  \"@type\": \"type.googleapis.com/yandex.cloud.dns.v1.RecordSetDiff\",\n
        \ \"additions\": [\n   {\n    \"data\": [\n     \"challengetoken1\",\n     \"challengetoken2\"\n
        \   ],\n    \"name\": \"_acme-challenge.createrecordset.example.com.\",\n
        \   \"type\": \"TXT\",\n    \"ttl\": \"3600\"\n   }\n  ],\n  \"deletions\":
        [\n   {\n    \"data\": [\n     \"challengetoken1\"\n    ],\n    \"name\":
        \"_acme-challenge.createrecordset.example.com.\",\n    \"type\": \"TXT\",\n
        \   \"ttl\": \"3600\"\n   }\n  ]\n },\n \"id\": \"dnso2edeaq10tfk701cp\",\n
        \"description\": \"Upsert DNS RecordSets\",\n \"createdAt\": \"2022-10-04T22:39:52.705530816Z\",\n
        \"createdBy\": \"ajesjg85676uboegshq0\",\n \"modifiedAt\": \"2022-10-04T22:39:52.705629631Z\"\n}\n"
    headers:
      content-length:
      - '778'
      content-type:
      - application/json
      date:
      - Tue, 04 Oct 2022 22:39:52 GMT
      server:
      - envoy
    status:
      code: 200
      message: OK
version: 1
