interactions:
- request:
    body: null
    headers:
      Accept: ['*/*']
      Accept-Encoding: ['gzip, deflate']
      Connection: [keep-alive]
      User-Agent: [python-requests/2.20.1]
    method: GET
    uri: https://accounts.hetzner.com/login
  response:
    body: {string: '<form action="/login_check" class="form-signin" id="login-form"
        method="post">

        <div class="signin-content">

        <div class="form-group input-group form-group-addon">

        <span class="input-group-addon" id="login-addon"><i class="fa fa-user"></i></span>

        <input autofocus="" class="form-control" id="_username" name="_username" placeholder="Client
        number or login" required="" type="text"/>

        </div>

        <div class="form-group input-group form-group-addon">

        <span class="input-group-addon" id="email-addon"><i class="fa fa-lock"></i></span>

        <input class="form-control" id="_password" name="_password" placeholder="Password"
        required="" type="password"/>

        </div>

        </div>

        <div class="registry-container-bottom">

        <input class="btn btn-yellow btn-lg btn-block btn-with-text" id="submit-login"
        type="submit" value="Login"/>

        <p>

        <a href="/password/lost">Forgot password?</a>

        </p>

        </div>

        </form>'}
    headers:
      Cache-Control: ['max-age=0, must-revalidate, private']
      Connection: [Keep-Alive]
      Content-Type: [text/html; charset=UTF-8]
      Date: ['Mon, 10 Dec 2018 17:19:16 GMT']
      Keep-Alive: ['timeout=15, max=100']
      Referrer-Policy: [same-origin]
      Server: [Apache]
      Strict-Transport-Security: [max-age=31536000]
      Transfer-Encoding: [chunked]
      Vary: [Host]
      X-Frame-Options: [SAMEORIGIN]
    status: {code: 200, message: OK}
- request:
    body: ''
    headers:
      Accept: ['*/*']
      Accept-Encoding: ['gzip, deflate']
      Connection: [keep-alive]
      Content-Length: ['51']
      Content-Type: [application/x-www-form-urlencoded]
      User-Agent: [python-requests/2.20.1]
    method: POST
    uri: https://accounts.hetzner.com/login_check
  response:
    body: {string: None}
    headers:
      Cache-Control: ['max-age=0, must-revalidate, private']
      Connection: [Keep-Alive]
      Content-Type: [text/html; charset=UTF-8]
      Date: ['Mon, 10 Dec 2018 17:19:16 GMT']
      Keep-Alive: ['timeout=15, max=99']
      Location: ['https://accounts.hetzner.com/']
      Referrer-Policy: [same-origin]
      Server: [Apache]
      Strict-Transport-Security: [max-age=31536000]
      Transfer-Encoding: [chunked]
      Vary: [Host]
      X-Frame-Options: [SAMEORIGIN]
    status: {code: 302, message: Found}
- request:
    body: null
    headers:
      Accept: ['*/*']
      Accept-Encoding: ['gzip, deflate']
      Connection: [keep-alive]
      User-Agent: [python-requests/2.20.1]
    method: GET
    uri: https://accounts.hetzner.com/
  response:
    body: {string: None}
    headers:
      Cache-Control: ['max-age=0, must-revalidate, private']
      Connection: [Keep-Alive]
      Content-Type: [text/html; charset=UTF-8]
      Date: ['Mon, 10 Dec 2018 17:19:17 GMT']
      Keep-Alive: ['timeout=15, max=98']
      Location: [/account/masterdata]
      Referrer-Policy: [same-origin]
      Server: [Apache]
      Strict-Transport-Security: [max-age=31536000]
      Transfer-Encoding: [chunked]
      Vary: [Host]
      X-Frame-Options: [SAMEORIGIN]
    status: {code: 302, message: Found}
- request:
    body: null
    headers:
      Accept: ['*/*']
      Accept-Encoding: ['gzip, deflate']
      Connection: [keep-alive]
      User-Agent: [python-requests/2.20.1]
    method: GET
    uri: https://accounts.hetzner.com/account/masterdata
  response:
    body: {string: None}
    headers:
      Cache-Control: ['max-age=0, must-revalidate, private']
      Connection: [Keep-Alive]
      Content-Type: [text/html; charset=UTF-8]
      Date: ['Mon, 10 Dec 2018 17:19:17 GMT']
      Keep-Alive: ['timeout=15, max=97']
      Referrer-Policy: [same-origin]
      Server: [Apache]
      Strict-Transport-Security: [max-age=31536000]
      Transfer-Encoding: [chunked]
      Vary: [Host]
      X-Frame-Options: [SAMEORIGIN]
    status: {code: 200, message: OK}
- request:
    body: null
    headers:
      Accept: ['*/*']
      Accept-Encoding: ['gzip, deflate']
      Connection: [keep-alive]
      User-Agent: [python-requests/2.20.1]
    method: GET
    uri: https://robot.your-server.de/dns/index/page/1
  response:
    body: {string: None}
    headers:
      Connection: [Keep-Alive]
      Content-Type: [text/html; charset=utf-8]
      Date: ['Mon, 10 Dec 2018 17:19:18 GMT']
      Keep-Alive: ['timeout=15, max=100']
      Location: ['https://accounts.hetzner.com/oauth/authorize?client_id=robot_418&redirect_uri=https%3A%2F%2Frobot.your-server.de%2Flogin%2Fcheck&response_type=code&scope=openid&state=79744542652723e83e9afd48aab67c55']
      Server: [Apache]
      Transfer-Encoding: [chunked]
    status: {code: 302, message: Found}
- request:
    body: null
    headers:
      Accept: ['*/*']
      Accept-Encoding: ['gzip, deflate']
      Connection: [keep-alive]
      User-Agent: [python-requests/2.20.1]
    method: GET
    uri: https://accounts.hetzner.com/oauth/authorize?client_id=robot_418&redirect_uri=https%3A%2F%2Frobot.your-server.de%2Flogin%2Fcheck&response_type=code&scope=openid&state=79744542652723e83e9afd48aab67c55
  response:
    body: {string: None}
    headers:
      Cache-Control: ['max-age=0, must-revalidate, private']
      Connection: [Keep-Alive]
      Content-Type: [application/json]
      Date: ['Mon, 10 Dec 2018 17:19:18 GMT']
      Keep-Alive: ['timeout=15, max=96']
      Location: ['https://robot.your-server.de/login/check?code=f9f47f1412a122d1825cf069c625926764f64d20&state=79744542652723e83e9afd48aab67c55']
      Referrer-Policy: [same-origin]
      Server: [Apache]
      Strict-Transport-Security: [max-age=31536000]
      Transfer-Encoding: [chunked]
      Vary: [Host]
      X-Frame-Options: [SAMEORIGIN]
    status: {code: 302, message: Found}
- request:
    body: null
    headers:
      Accept: ['*/*']
      Accept-Encoding: ['gzip, deflate']
      Connection: [keep-alive]
      User-Agent: [python-requests/2.20.1]
    method: GET
    uri: https://robot.your-server.de/login/check?code=f9f47f1412a122d1825cf069c625926764f64d20&state=79744542652723e83e9afd48aab67c55
  response:
    body: {string: None}
    headers:
      Connection: [Keep-Alive]
      Content-Type: [text/html; charset=utf-8]
      Date: ['Mon, 10 Dec 2018 17:19:18 GMT']
      Keep-Alive: ['timeout=15, max=99']
      Location: ['https://robot.your-server.de/dns/index/page/1']
      Server: [Apache]
      Transfer-Encoding: [chunked]
    status: {code: 302, message: Found}
- request:
    body: null
    headers:
      Accept: ['*/*']
      Accept-Encoding: ['gzip, deflate']
      Connection: [keep-alive]
      User-Agent: [python-requests/2.20.1]
    method: GET
    uri: https://robot.your-server.de/dns/index/page/1
  response:
    body: {string: "<div class=\"centercolumn\" id=\"center_col\">\n<div class=\"\
        centerpadding\">\n<div id=\"search\">\n<form action=\"/dns\" class=\"quicksearch\"\
        \ id=\"quicksearch\" method=\"post\"> <select id=\"tld\" name=\"tld\">\n<option\
        \ selected=\"selected\" value=\"all\">alle TLDs</option>\n<option value=\"\
        DE\">.de</option>\n<option value=\"COM\">.com</option>\n<option value=\"NET\"\
        >.net</option>\n<option value=\"ORG\">.org</option>\n<option value=\"INFO\"\
        >.info</option>\n<option value=\"BIZ\">.biz</option>\n<option value=\"EU\"\
        >.eu</option>\n<option value=\"AT\">.at</option>\n</select> <select id=\"\
        status\" name=\"status\">\n<option selected=\"selected\" value=\"all\">alle\
        \ Status</option>\n<option value=\"fertig\">fertig</option>\n<option value=\"\
        in Bearbeitung\">in Bearbeitung</option>\n<option value=\"fehlerhaft\">gescheitert</option>\n\
        </select> <input id=\"text\" name=\"text\" onkeyup=\"javascript: this.blur();\
        \ this.focus(); document.getElementById('search_suggestion').style.visibility='visible';\"\
        \ type=\"text\" value=\"\"/> <input class=\"button calltoaction\" type=\"\
        submit\" value=\"Suchen\"/> </form>\n<div id=\"search_suggestion\"></div>\n\
        </div>\n<script>jQuery( document ).ready(function() {AjaxUpdater({\"update\"\
        :\"search_suggestion\",\"url\":\"dns/search\",\"script\":\"1\",\"watchElement\"\
        :\"quicksearch\",\"dataElement\":\"quicksearch\"});});</script>\n<hr/>\n<table\
        \ class=\"split_layout\">\n<tr>\n<td><input class=\"button\" onclick=\"javascript:\
        \ parent.location='/dns/create'\" type=\"button\" value=\"Neuer DNS-Eintrag\"\
        /><input class=\"button\" onclick=\"javascript: parent.location='/dns/nameserver'\"\
        \ type=\"button\" value=\"Registrierte Nameserver\"/><input class=\"button\"\
        \ onclick=\"javascript: parent.location='/dns/unused'\" type=\"button\" value=\"\
        Unbenutzte DNS-Eintr\xE4ge\"/><input class=\"button\" onclick=\"javascript:\
        \ parent.location='/dns/scheduled'\" type=\"button\" value=\"K\xFCndigungsvormerkungen\"\
        /><input class=\"button\" onclick=\"javascript: parent.location='/dns/csv'\"\
        \ type=\"button\" value=\"CSV-Export\"/></td>\n<td><span class=\"box_count\"\
        ><span class=\" tooltip\" tooltip=\"Anzahl DNS-Eintr\xE4ge\">7</span></span></td>\n\
        </tr>\n</table>\n<div class=\"sortbox\"><table class=\"sortbox\"><tr><td class=\"\
        dns_name\"><span class=\" tooltip\" tooltip=\"absteigend sortieren\"><a href=\"\
        /dns?sortcol=name&amp;sorttype=up&amp;page=1\"><img src=\"/images/sort_down.png\"\
        /></a></span></td><td class=\"dns_maturity\"><span class=\" tooltip\" tooltip=\"\
        aufsteigend sortieren\"><a href=\"/dns?sortcol=maturity&amp;sorttype=down&amp;page=1\"\
        ><img src=\"/images/sort_down_inactive.png\"/></a></span></td><td class=\"\
        dns_status\"></td></tr></table></div>\n<div class=\"box_wide\"><table class=\"\
        box_title\" onclick=\"javascript:expandBox(this, 'data_514989', '/dns/update/id/514989',\
        \ '514989', true, event);\"><tr><td class=\"title\">aranox.de</td><td class=\"\
        dns_type\"><span class=\"tooltip_underline tooltip\" tooltip=\"Dieser DNS-Eintrag\
        \ ist ein Primary-Eintrag. Das bedeutet, dass Sie die DNS-Daten direkt in\
        \ der Administartionsoberfl\xE4che Robot verwalten k\xF6nnen und diese durch\
        \ drei Hetzner-Nameserver ausgeliefert werden.\">primary</span></td><td class=\"\
        dns_maturity\"><span class=\"tooltip_underline tooltip\" tooltip=\"Dieser\
        \ DNS-Eintrag ist bis zum 13.06.19 abgerechnet\">13.06.19</span></td><td class=\"\
        status status_green\"><span class=\" tooltip\" tooltip=\"fertig\"><img class=\"\
        status_area\" src=\"/images/empty.gif\"/></span></td></tr></table><div class=\"\
        box_content\" id=\"content_514989\" style=\"display:none;\"><div class=\"\
        tabs\"><ul><li id=\"data_514989_tab\" style=\"background:#A4A4A4;\" url=\"\
        /dns/update/id/514989\">DNS-Daten</li><li id=\"cancel_514989_tab\" url=\"\
        /dns/cancel/id/514989\">DNS-Eintrag k\xFCndigen</li><li class=\"last\">\_\
        </li></ul><br/></div><div id=\"data_514989\" style=\"clear: left; position:relative;\"\
        ></div><div id=\"cancel_514989\" style=\"clear: left; position:relative;\"\
        ></div></div></div> <div class=\"box_wide\"><table class=\"box_title\" onclick=\"\
        javascript:expandBox(this, 'data_618450', '/dns/update/id/618450', '618450',\
        \ true, event);\"><tr><td class=\"title\">bettilaila.de</td><td class=\"dns_type\"\
        ><span class=\"tooltip_underline tooltip\" tooltip=\"Dieser DNS-Eintrag ist\
        \ ein Primary-Eintrag. Das bedeutet, dass Sie die DNS-Daten direkt in der\
        \ Administartionsoberfl\xE4che Robot verwalten k\xF6nnen und diese durch drei\
        \ Hetzner-Nameserver ausgeliefert werden.\">primary</span></td><td class=\"\
        dns_maturity\"><span class=\"tooltip_underline tooltip\" tooltip=\"Dieser\
        \ DNS-Eintrag ist bis zum 02.01.19 abgerechnet\">02.01.19</span></td><td class=\"\
        status status_green\"><span class=\" tooltip\" tooltip=\"fertig\"><img class=\"\
        status_area\" src=\"/images/empty.gif\"/></span></td></tr></table><div class=\"\
        box_content\" id=\"content_618450\" style=\"display:none;\"><div class=\"\
        tabs\"><ul><li id=\"data_618450_tab\" style=\"background:#A4A4A4;\" url=\"\
        /dns/update/id/618450\">DNS-Daten</li><li id=\"cancel_618450_tab\" url=\"\
        /dns/cancel/id/618450\">DNS-Eintrag k\xFCndigen</li><li class=\"last\">\_\
        </li></ul><br/></div><div id=\"data_618450\" style=\"clear: left; position:relative;\"\
        ></div><div id=\"cancel_618450\" style=\"clear: left; position:relative;\"\
        ></div></div></div> <div class=\"box_wide\"><table class=\"box_title\" onclick=\"\
        javascript:expandBox(this, 'data_563509', '/dns/update/id/563509', '563509',\
        \ true, event);\"><tr><td class=\"title\">ferienwohnung-kubis.de</td><td class=\"\
        dns_type\"><span class=\"tooltip_underline tooltip\" tooltip=\"Dieser DNS-Eintrag\
        \ ist ein Primary-Eintrag. Das bedeutet, dass Sie die DNS-Daten direkt in\
        \ der Administartionsoberfl\xE4che Robot verwalten k\xF6nnen und diese durch\
        \ drei Hetzner-Nameserver ausgeliefert werden.\">primary</span></td><td class=\"\
        dns_maturity\"><span class=\"tooltip_underline tooltip\" tooltip=\"Dieser\
        \ DNS-Eintrag ist bis zum 24.02.19 abgerechnet\">24.02.19</span></td><td class=\"\
        status status_green\"><span class=\" tooltip\" tooltip=\"fertig\"><img class=\"\
        status_area\" src=\"/images/empty.gif\"/></span></td></tr></table><div class=\"\
        box_content\" id=\"content_563509\" style=\"display:none;\"><div class=\"\
        tabs\"><ul><li id=\"data_563509_tab\" style=\"background:#A4A4A4;\" url=\"\
        /dns/update/id/563509\">DNS-Daten</li><li id=\"cancel_563509_tab\" url=\"\
        /dns/cancel/id/563509\">DNS-Eintrag k\xFCndigen</li><li class=\"last\">\_\
        </li></ul><br/></div><div id=\"data_563509\" style=\"clear: left; position:relative;\"\
        ></div><div id=\"cancel_563509\" style=\"clear: left; position:relative;\"\
        ></div></div></div> <div class=\"box_wide\"><table class=\"box_title\" onclick=\"\
        javascript:expandBox(this, 'data_556218', '/dns/update/id/556218', '556218',\
        \ true, event);\"><tr><td class=\"title\">rimek.info</td><td class=\"dns_type\"\
        ><span class=\"tooltip_underline tooltip\" tooltip=\"Dieser DNS-Eintrag ist\
        \ ein Primary-Eintrag. Das bedeutet, dass Sie die DNS-Daten direkt in der\
        \ Administartionsoberfl\xE4che Robot verwalten k\xF6nnen und diese durch drei\
        \ Hetzner-Nameserver ausgeliefert werden.\">primary</span></td><td class=\"\
        dns_maturity\"><span class=\"tooltip_underline tooltip\" tooltip=\"Dieser\
        \ DNS-Eintrag ist bis zum 24.01.19 abgerechnet\">24.01.19</span></td><td class=\"\
        status status_green\"><span class=\" tooltip\" tooltip=\"fertig\"><img class=\"\
        status_area\" src=\"/images/empty.gif\"/></span></td></tr></table><div class=\"\
        box_content\" id=\"content_556218\" style=\"display:none;\"><div class=\"\
        tabs\"><ul><li id=\"data_556218_tab\" style=\"background:#A4A4A4;\" url=\"\
        /dns/update/id/556218\">DNS-Daten</li><li id=\"cancel_556218_tab\" url=\"\
        /dns/cancel/id/556218\">DNS-Eintrag k\xFCndigen</li><li class=\"last\">\_\
        </li></ul><br/></div><div id=\"data_556218\" style=\"clear: left; position:relative;\"\
        ></div><div id=\"cancel_556218\" style=\"clear: left; position:relative;\"\
        ></div></div></div> <div class=\"box_wide\"><table class=\"box_title\" onclick=\"\
        javascript:expandBox(this, 'data_633411', '/dns/update/id/633411', '633411',\
        \ true, event);\"><tr><td class=\"title\">toni-schoenberger.de</td><td class=\"\
        dns_type\"><span class=\"tooltip_underline tooltip\" tooltip=\"Dieser DNS-Eintrag\
        \ ist ein Primary-Eintrag. Das bedeutet, dass Sie die DNS-Daten direkt in\
        \ der Administartionsoberfl\xE4che Robot verwalten k\xF6nnen und diese durch\
        \ drei Hetzner-Nameserver ausgeliefert werden.\">primary</span></td><td class=\"\
        dns_maturity\"><span class=\"tooltip_underline tooltip\" tooltip=\"Dieser\
        \ DNS-Eintrag ist bis zum 27.03.19 abgerechnet\">27.03.19</span></td><td class=\"\
        status status_green\"><span class=\" tooltip\" tooltip=\"fertig\"><img class=\"\
        status_area\" src=\"/images/empty.gif\"/></span></td></tr></table><div class=\"\
        box_content\" id=\"content_633411\" style=\"display:none;\"><div class=\"\
        tabs\"><ul><li id=\"data_633411_tab\" style=\"background:#A4A4A4;\" url=\"\
        /dns/update/id/633411\">DNS-Daten</li><li id=\"cancel_633411_tab\" url=\"\
        /dns/cancel/id/633411\">DNS-Eintrag k\xFCndigen</li><li class=\"last\">\_\
        </li></ul><br/></div><div id=\"data_633411\" style=\"clear: left; position:relative;\"\
        ></div><div id=\"cancel_633411\" style=\"clear: left; position:relative;\"\
        ></div></div></div> <div class=\"box_wide\"><table class=\"box_title\" onclick=\"\
        javascript:expandBox(this, 'data_574327', '/dns/update/id/574327', '574327',\
        \ true, event);\"><tr><td class=\"title\">ulock-justice.com</td><td class=\"\
        dns_type\"><span class=\"tooltip_underline tooltip\" tooltip=\"Dieser DNS-Eintrag\
        \ ist ein Primary-Eintrag. Das bedeutet, dass Sie die DNS-Daten direkt in\
        \ der Administartionsoberfl\xE4che Robot verwalten k\xF6nnen und diese durch\
        \ drei Hetzner-Nameserver ausgeliefert werden.\">primary</span></td><td class=\"\
        dns_maturity\"><span class=\"tooltip_underline tooltip\" tooltip=\"Dieser\
        \ DNS-Eintrag ist bis zum 17.04.19 abgerechnet\">17.04.19</span></td><td class=\"\
        status status_green\"><span class=\" tooltip\" tooltip=\"fertig\"><img class=\"\
        status_area\" src=\"/images/empty.gif\"/></span></td></tr></table><div class=\"\
        box_content\" id=\"content_574327\" style=\"display:none;\"><div class=\"\
        tabs\"><ul><li id=\"data_574327_tab\" style=\"background:#A4A4A4;\" url=\"\
        /dns/update/id/574327\">DNS-Daten</li><li id=\"cancel_574327_tab\" url=\"\
        /dns/cancel/id/574327\">DNS-Eintrag k\xFCndigen</li><li class=\"last\">\_\
        </li></ul><br/></div><div id=\"data_574327\" style=\"clear: left; position:relative;\"\
        ></div><div id=\"cancel_574327\" style=\"clear: left; position:relative;\"\
        ></div></div></div> <div class=\"box_wide\"><table class=\"box_title\" onclick=\"\
        javascript:expandBox(this, 'data_574827', '/dns/update/id/574827', '574827',\
        \ true, event);\"><tr><td class=\"title\">ulock-justice.de</td><td class=\"\
        dns_type\"><span class=\"tooltip_underline tooltip\" tooltip=\"Dieser DNS-Eintrag\
        \ ist ein Primary-Eintrag. Das bedeutet, dass Sie die DNS-Daten direkt in\
        \ der Administartionsoberfl\xE4che Robot verwalten k\xF6nnen und diese durch\
        \ drei Hetzner-Nameserver ausgeliefert werden.\">primary</span></td><td class=\"\
        dns_maturity\"><span class=\"tooltip_underline tooltip\" tooltip=\"Dieser\
        \ DNS-Eintrag ist bis zum 21.04.19 abgerechnet\">21.04.19</span></td><td class=\"\
        status status_green\"><span class=\" tooltip\" tooltip=\"fertig\"><img class=\"\
        status_area\" src=\"/images/empty.gif\"/></span></td></tr></table><div class=\"\
        box_content\" id=\"content_574827\" style=\"display:none;\"><div class=\"\
        tabs\"><ul><li id=\"data_574827_tab\" style=\"background:#A4A4A4;\" url=\"\
        /dns/update/id/574827\">DNS-Daten</li><li id=\"cancel_574827_tab\" url=\"\
        /dns/cancel/id/574827\">DNS-Eintrag k\xFCndigen</li><li class=\"last\">\_\
        </li></ul><br/></div><div id=\"data_574827\" style=\"clear: left; position:relative;\"\
        ></div><div id=\"cancel_574827\" style=\"clear: left; position:relative;\"\
        ></div></div></div>\n<table class=\"split_layout\">\n<tr>\n<td></td>\n<td><span\
        \ class=\"box_count\"><span class=\" tooltip\" tooltip=\"Anzahl DNS-Eintr\xE4\
        ge\">7</span></span></td>\n</tr>\n</table> </div>\n<!-- footer -->\n<div class=\"\
        footer\">\n    \xA9 2018 Hetzner Online GmbH. Alle Rechte vorbehalten.<br/>\n\
        \      Preise inkl. 19 % USt    <br/>\n<a href=\"https://www.hetzner.de/rechtliches/impressum?country=DE\"\
        \ onclick=\"var w=window.open(this.href);w.focus();return false;\">Impressum</a>\
        \ |\n    <a href=\"https://www.hetzner.de/rechtliches/datenschutz?country=DE\"\
        \ onclick=\"var w=window.open(this.href);w.focus();return false;\">Datenschutz</a>\
        \ |\n    <a href=\"https://www.hetzner.de/rechtliches/system-policies?country=DE\"\
        \ onclick=\"var w=window.open(this.href);w.focus();return false;\">System\
        \ Policies</a> |\n    <a href=\"https://www.hetzner.de/rechtliches/agb?country=DE\"\
        \ onclick=\"var w=window.open(this.href);w.focus();return false;\">AGB</a></div>\n\
        </div>"}
    headers:
      Connection: [Keep-Alive]
      Content-Type: [text/html; charset=utf-8]
      Date: ['Mon, 10 Dec 2018 17:19:19 GMT']
      Keep-Alive: ['timeout=15, max=98']
      Server: [Apache]
      Transfer-Encoding: [chunked]
    status: {code: 200, message: OK}
- request:
    body: null
    headers:
      Accept: ['*/*']
      Accept-Encoding: ['gzip, deflate']
      Connection: [keep-alive]
      User-Agent: [python-requests/2.20.1]
    method: GET
    uri: https://robot.your-server.de/login/logout/r/true
  response:
    body: {string: None}
    headers:
      Connection: [Keep-Alive]
      Content-Type: [text/html; charset=utf-8]
      Date: ['Mon, 10 Dec 2018 17:19:19 GMT']
      Keep-Alive: ['timeout=15, max=97']
      Location: ['https://accounts.hetzner.com/logout?post_logout_redirect_uri=https://robot.your-server.de/']
      Server: [Apache]
      Transfer-Encoding: [chunked]
    status: {code: 302, message: Found}
- request:
    body: null
    headers:
      Accept: ['*/*']
      Accept-Encoding: ['gzip, deflate']
      Connection: [keep-alive]
      User-Agent: [python-requests/2.20.1]
    method: GET
    uri: https://accounts.hetzner.com/logout?post_logout_redirect_uri=https://robot.your-server.de/
  response:
    body: {string: None}
    headers:
      Cache-Control: ['max-age=0, must-revalidate, private']
      Connection: [Keep-Alive]
      Content-Type: [text/html; charset=UTF-8]
      Date: ['Mon, 10 Dec 2018 17:19:19 GMT']
      Keep-Alive: ['timeout=15, max=95']
      Referrer-Policy: [same-origin]
      Server: [Apache]
      Strict-Transport-Security: [max-age=31536000]
      Transfer-Encoding: [chunked]
      Vary: [Host]
      X-Frame-Options: [SAMEORIGIN]
    status: {code: 200, message: OK}
- request:
    body: null
    headers:
      Accept: ['*/*']
      Accept-Encoding: ['gzip, deflate']
      Connection: [keep-alive]
      User-Agent: [python-requests/2.20.1]
    method: GET
    uri: https://accounts.hetzner.com/login
  response:
    body: {string: '<form action="/login_check" class="form-signin" id="login-form"
        method="post">

        <div class="signin-content">

        <div class="form-group input-group form-group-addon">

        <span class="input-group-addon" id="login-addon"><i class="fa fa-user"></i></span>

        <input autofocus="" class="form-control" id="_username" name="_username" placeholder="Client
        number or login" required="" type="text"/>

        </div>

        <div class="form-group input-group form-group-addon">

        <span class="input-group-addon" id="email-addon"><i class="fa fa-lock"></i></span>

        <input class="form-control" id="_password" name="_password" placeholder="Password"
        required="" type="password"/>

        </div>

        </div>

        <div class="registry-container-bottom">

        <input class="btn btn-yellow btn-lg btn-block btn-with-text" id="submit-login"
        type="submit" value="Login"/>

        <p>

        <a href="/password/lost">Forgot password?</a>

        </p>

        </div>

        </form>'}
    headers:
      Cache-Control: ['max-age=0, must-revalidate, private']
      Connection: [Keep-Alive]
      Content-Type: [text/html; charset=UTF-8]
      Date: ['Mon, 10 Dec 2018 17:19:19 GMT']
      Keep-Alive: ['timeout=15, max=100']
      Referrer-Policy: [same-origin]
      Server: [Apache]
      Strict-Transport-Security: [max-age=31536000]
      Transfer-Encoding: [chunked]
      Vary: [Host]
      X-Frame-Options: [SAMEORIGIN]
    status: {code: 200, message: OK}
- request:
    body: ''
    headers:
      Accept: ['*/*']
      Accept-Encoding: ['gzip, deflate']
      Connection: [keep-alive]
      Content-Length: ['51']
      Content-Type: [application/x-www-form-urlencoded]
      User-Agent: [python-requests/2.20.1]
    method: POST
    uri: https://accounts.hetzner.com/login_check
  response:
    body: {string: None}
    headers:
      Cache-Control: ['max-age=0, must-revalidate, private']
      Connection: [Keep-Alive]
      Content-Type: [text/html; charset=UTF-8]
      Date: ['Mon, 10 Dec 2018 17:19:20 GMT']
      Keep-Alive: ['timeout=15, max=99']
      Location: ['https://accounts.hetzner.com/']
      Referrer-Policy: [same-origin]
      Server: [Apache]
      Strict-Transport-Security: [max-age=31536000]
      Transfer-Encoding: [chunked]
      Vary: [Host]
      X-Frame-Options: [SAMEORIGIN]
    status: {code: 302, message: Found}
- request:
    body: null
    headers:
      Accept: ['*/*']
      Accept-Encoding: ['gzip, deflate']
      Connection: [keep-alive]
      User-Agent: [python-requests/2.20.1]
    method: GET
    uri: https://accounts.hetzner.com/
  response:
    body: {string: None}
    headers:
      Cache-Control: ['max-age=0, must-revalidate, private']
      Connection: [Keep-Alive]
      Content-Type: [text/html; charset=UTF-8]
      Date: ['Mon, 10 Dec 2018 17:19:20 GMT']
      Keep-Alive: ['timeout=15, max=98']
      Location: [/account/masterdata]
      Referrer-Policy: [same-origin]
      Server: [Apache]
      Strict-Transport-Security: [max-age=31536000]
      Transfer-Encoding: [chunked]
      Vary: [Host]
      X-Frame-Options: [SAMEORIGIN]
    status: {code: 302, message: Found}
- request:
    body: null
    headers:
      Accept: ['*/*']
      Accept-Encoding: ['gzip, deflate']
      Connection: [keep-alive]
      User-Agent: [python-requests/2.20.1]
    method: GET
    uri: https://accounts.hetzner.com/account/masterdata
  response:
    body: {string: None}
    headers:
      Cache-Control: ['max-age=0, must-revalidate, private']
      Connection: [Keep-Alive]
      Content-Type: [text/html; charset=UTF-8]
      Date: ['Mon, 10 Dec 2018 17:19:20 GMT']
      Keep-Alive: ['timeout=15, max=97']
      Referrer-Policy: [same-origin]
      Server: [Apache]
      Strict-Transport-Security: [max-age=31536000]
      Transfer-Encoding: [chunked]
      Vary: [Host]
      X-Frame-Options: [SAMEORIGIN]
    status: {code: 200, message: OK}
- request:
    body: null
    headers:
      Accept: ['*/*']
      Accept-Encoding: ['gzip, deflate']
      Connection: [keep-alive]
      User-Agent: [python-requests/2.20.1]
    method: GET
    uri: https://robot.your-server.de/dns/update/id/556218
  response:
    body: {string: None}
    headers:
      Connection: [Keep-Alive]
      Content-Type: [text/html; charset=utf-8]
      Date: ['Mon, 10 Dec 2018 17:19:21 GMT']
      Keep-Alive: ['timeout=15, max=100']
      Location: ['https://accounts.hetzner.com/oauth/authorize?client_id=robot_418&redirect_uri=https%3A%2F%2Frobot.your-server.de%2Flogin%2Fcheck&response_type=code&scope=openid&state=846afdb57d704a0227fb3a4915b0e477']
      Server: [Apache]
      Transfer-Encoding: [chunked]
    status: {code: 302, message: Found}
- request:
    body: null
    headers:
      Accept: ['*/*']
      Accept-Encoding: ['gzip, deflate']
      Connection: [keep-alive]
      User-Agent: [python-requests/2.20.1]
    method: GET
    uri: https://accounts.hetzner.com/oauth/authorize?client_id=robot_418&redirect_uri=https%3A%2F%2Frobot.your-server.de%2Flogin%2Fcheck&response_type=code&scope=openid&state=846afdb57d704a0227fb3a4915b0e477
  response:
    body: {string: None}
    headers:
      Cache-Control: ['max-age=0, must-revalidate, private']
      Connection: [Keep-Alive]
      Content-Type: [application/json]
      Date: ['Mon, 10 Dec 2018 17:19:21 GMT']
      Keep-Alive: ['timeout=15, max=96']
      Location: ['https://robot.your-server.de/login/check?code=aa646852325a4a3b81c52db3cc0a0ee36edf6f30&state=846afdb57d704a0227fb3a4915b0e477']
      Referrer-Policy: [same-origin]
      Server: [Apache]
      Strict-Transport-Security: [max-age=31536000]
      Transfer-Encoding: [chunked]
      Vary: [Host]
      X-Frame-Options: [SAMEORIGIN]
    status: {code: 302, message: Found}
- request:
    body: null
    headers:
      Accept: ['*/*']
      Accept-Encoding: ['gzip, deflate']
      Connection: [keep-alive]
      User-Agent: [python-requests/2.20.1]
    method: GET
    uri: https://robot.your-server.de/login/check?code=aa646852325a4a3b81c52db3cc0a0ee36edf6f30&state=846afdb57d704a0227fb3a4915b0e477
  response:
    body: {string: None}
    headers:
      Connection: [Keep-Alive]
      Content-Type: [text/html; charset=utf-8]
      Date: ['Mon, 10 Dec 2018 17:19:21 GMT']
      Keep-Alive: ['timeout=15, max=99']
      Location: ['https://robot.your-server.de/dns/update/id/556218']
      Server: [Apache]
      Transfer-Encoding: [chunked]
    status: {code: 302, message: Found}
- request:
    body: null
    headers:
      Accept: ['*/*']
      Accept-Encoding: ['gzip, deflate']
      Connection: [keep-alive]
      User-Agent: [python-requests/2.20.1]
    method: GET
    uri: https://robot.your-server.de/dns/update/id/556218
  response:
    body: {string: "<div class=\"centercolumn\" id=\"center_col\">\n<div class=\"\
        centerpadding\">\n<form action=\"/dns/update\" id=\"dns556218\" method=\"\
        post\" onsubmit=\"AjaxUpdater({&quot;url&quot;:&quot;dns/update&quot;,&quot;update&quot;:&quot;data_556218&quot;,&quot;script&quot;:&quot;1&quot;,&quot;loading&quot;:&quot;addAjaxLoader(\\\
        'data_556218\\')&quot;,&quot;dataElement&quot;:&quot;dns556218&quot;}); return\
        \ false;\"> <table class=\"form\" id=\"form_table\">\n<tr>\n<td colspan=\"\
        2\">\n</td>\n</tr>\n<tr>\n<td class=\"label_req\">\n<label for=\"zonefile\"\
        >Zonefile</label>*        </td>\n<td class=\"element\">\n<textarea cols=\"\
        30\" id=\"zonefile\" name=\"zonefile\" rows=\"15\">$TTL 3600\n@   IN SOA ns1.first-ns.de.\
        \ postmaster.robot.first-ns.de. (\n    2018121052   ; serial\n    14400  \
        \      ; refresh\n    1800         ; retry\n    604800       ; expire\n  \
        \  86400 )      ; minimum\n \n@                  86400 IN NS      robotns3.second-ns.com.\n\
        @                  86400 IN NS      robotns2.second-ns.de.\n@            \
        \      86400 IN NS      ns1.first-ns.de.\n \nlocalhost          86400 IN A\
        \       127.0.0.1\ndocs                     IN CNAME   docs.example.com\n\
        loopback                 IN CNAME   localhost\n_acme-challenge.createrecordset\
        \       IN TXT     \"challengetoken2\"\n_acme-challenge.createrecordset  \
        \     IN TXT     \"challengetoken1\"\n_acme-challenge.fqdn       IN TXT  \
        \   \"challengetoken\"\n_acme-challenge.full       IN TXT     \"challengetoken\"\
        \n_acme-challenge.noop       IN TXT     \"challengetoken\"\n_acme-challenge.test\
        \       IN TXT     \"challengetoken\"\n</textarea> </td>\n</tr>\n<tr class=\"\
        submit_row\">\n<td class=\"label\">\n<input id=\"id\" name=\"id\" type=\"\
        hidden\" value=\"556218\"/> <input id=\"csrf_token\" name=\"_csrf_token\"\
        \ type=\"hidden\" value=\"2e4242578d8a47fd5927bf2e13b6aadf\"/> <input class=\"\
        button calltoaction\" type=\"submit\" value=\"DNS-Eintrag \xE4ndern\"/> </td>\n\
        </tr>\n</table>\n</form> </div>\n<!-- footer -->\n<div class=\"footer\">\n\
        \    \xA9 2018 Hetzner Online GmbH. Alle Rechte vorbehalten.<br/>\n      Preise\
        \ inkl. 19 % USt    <br/>\n<a href=\"https://www.hetzner.de/rechtliches/impressum?country=DE\"\
        \ onclick=\"var w=window.open(this.href);w.focus();return false;\">Impressum</a>\
        \ |\n    <a href=\"https://www.hetzner.de/rechtliches/datenschutz?country=DE\"\
        \ onclick=\"var w=window.open(this.href);w.focus();return false;\">Datenschutz</a>\
        \ |\n    <a href=\"https://www.hetzner.de/rechtliches/system-policies?country=DE\"\
        \ onclick=\"var w=window.open(this.href);w.focus();return false;\">System\
        \ Policies</a> |\n    <a href=\"https://www.hetzner.de/rechtliches/agb?country=DE\"\
        \ onclick=\"var w=window.open(this.href);w.focus();return false;\">AGB</a></div>\n\
        </div>"}
    headers:
      Connection: [Keep-Alive]
      Content-Type: [text/html; charset=utf-8]
      Date: ['Mon, 10 Dec 2018 17:19:21 GMT']
      Keep-Alive: ['timeout=15, max=98']
      Server: [Apache]
      Transfer-Encoding: [chunked]
    status: {code: 200, message: OK}
- request:
    body: id=556218&zonefile=%40+3600+IN+SOA+ns1.first-ns.de.+postmaster.robot.first-ns.de.+2018121052+14400+1800+604800+86400%0A%40+86400+IN+NS+robotns3.second-ns.com.%0A%40+86400+IN+NS+robotns2.second-ns.de.%0A%40+86400+IN+NS+ns1.first-ns.de.%0A_acme-challenge.createrecordset+3600+IN+TXT+%22challengetoken2%22%0A_acme-challenge.createrecordset+3600+IN+TXT+%22challengetoken1%22%0Adocs+3600+IN+CNAME+docs.example.com%0A_acme-challenge.fqdn+3600+IN+TXT+%22challengetoken%22%0A_acme-challenge.full+3600+IN+TXT+%22challengetoken%22%0Alocalhost+86400+IN+A+127.0.0.1%0Aloopback+3600+IN+CNAME+localhost%0A_acme-challenge.noop+3600+IN+TXT+%22challengetoken%22%0A_acme-challenge.test+3600+IN+TXT+%22challengetoken%22%0Adelete.testfull+3600+IN+TXT+%22challengetoken%22%0A
    headers:
      Accept: ['*/*']
      Accept-Encoding: ['gzip, deflate']
      Connection: [keep-alive]
      Content-Length: ['799']
      Content-Type: [application/x-www-form-urlencoded]
      User-Agent: [python-requests/2.20.1]
    method: POST
    uri: https://robot.your-server.de/dns/update
  response:
    body: {string: None}
    headers:
      Connection: [Keep-Alive]
      Content-Type: [text/html; charset=utf-8]
      Date: ['Mon, 10 Dec 2018 17:19:22 GMT']
      Keep-Alive: ['timeout=15, max=97']
      Server: [Apache]
      Transfer-Encoding: [chunked]
    status: {code: 200, message: OK}
- request:
    body: null
    headers:
      Accept: ['*/*']
      Accept-Encoding: ['gzip, deflate']
      Connection: [keep-alive]
      User-Agent: [python-requests/2.20.1]
    method: GET
    uri: https://robot.your-server.de/login/logout/r/true
  response:
    body: {string: None}
    headers:
      Connection: [Keep-Alive]
      Content-Type: [text/html; charset=utf-8]
      Date: ['Mon, 10 Dec 2018 17:19:50 GMT']
      Keep-Alive: ['timeout=15, max=100']
      Location: ['https://accounts.hetzner.com/logout?post_logout_redirect_uri=https://robot.your-server.de/']
      Server: [Apache]
      Transfer-Encoding: [chunked]
    status: {code: 302, message: Found}
- request:
    body: null
    headers:
      Accept: ['*/*']
      Accept-Encoding: ['gzip, deflate']
      Connection: [keep-alive]
      User-Agent: [python-requests/2.20.1]
    method: GET
    uri: https://accounts.hetzner.com/logout?post_logout_redirect_uri=https://robot.your-server.de/
  response:
    body: {string: None}
    headers:
      Cache-Control: ['max-age=0, must-revalidate, private']
      Connection: [Keep-Alive]
      Content-Type: [text/html; charset=UTF-8]
      Date: ['Mon, 10 Dec 2018 17:19:51 GMT']
      Keep-Alive: ['timeout=15, max=100']
      Referrer-Policy: [same-origin]
      Server: [Apache]
      Strict-Transport-Security: [max-age=31536000]
      Transfer-Encoding: [chunked]
      Vary: [Host]
      X-Frame-Options: [SAMEORIGIN]
    status: {code: 200, message: OK}
- request:
    body: null
    headers:
      Accept: ['*/*']
      Accept-Encoding: ['gzip, deflate']
      Connection: [keep-alive]
      User-Agent: [python-requests/2.20.1]
    method: GET
    uri: https://accounts.hetzner.com/login
  response:
    body: {string: '<form action="/login_check" class="form-signin" id="login-form"
        method="post">

        <div class="signin-content">

        <div class="form-group input-group form-group-addon">

        <span class="input-group-addon" id="login-addon"><i class="fa fa-user"></i></span>

        <input autofocus="" class="form-control" id="_username" name="_username" placeholder="Client
        number or login" required="" type="text"/>

        </div>

        <div class="form-group input-group form-group-addon">

        <span class="input-group-addon" id="email-addon"><i class="fa fa-lock"></i></span>

        <input class="form-control" id="_password" name="_password" placeholder="Password"
        required="" type="password"/>

        </div>

        </div>

        <div class="registry-container-bottom">

        <input class="btn btn-yellow btn-lg btn-block btn-with-text" id="submit-login"
        type="submit" value="Login"/>

        <p>

        <a href="/password/lost">Forgot password?</a>

        </p>

        </div>

        </form>'}
    headers:
      Cache-Control: ['max-age=0, must-revalidate, private']
      Connection: [Keep-Alive]
      Content-Type: [text/html; charset=UTF-8]
      Date: ['Mon, 10 Dec 2018 17:19:51 GMT']
      Keep-Alive: ['timeout=15, max=100']
      Referrer-Policy: [same-origin]
      Server: [Apache]
      Strict-Transport-Security: [max-age=31536000]
      Transfer-Encoding: [chunked]
      Vary: [Host]
      X-Frame-Options: [SAMEORIGIN]
    status: {code: 200, message: OK}
- request:
    body: ''
    headers:
      Accept: ['*/*']
      Accept-Encoding: ['gzip, deflate']
      Connection: [keep-alive]
      Content-Length: ['51']
      Content-Type: [application/x-www-form-urlencoded]
      User-Agent: [python-requests/2.20.1]
    method: POST
    uri: https://accounts.hetzner.com/login_check
  response:
    body: {string: None}
    headers:
      Cache-Control: ['max-age=0, must-revalidate, private']
      Connection: [Keep-Alive]
      Content-Type: [text/html; charset=UTF-8]
      Date: ['Mon, 10 Dec 2018 17:19:51 GMT']
      Keep-Alive: ['timeout=15, max=99']
      Location: ['https://accounts.hetzner.com/']
      Referrer-Policy: [same-origin]
      Server: [Apache]
      Strict-Transport-Security: [max-age=31536000]
      Transfer-Encoding: [chunked]
      Vary: [Host]
      X-Frame-Options: [SAMEORIGIN]
    status: {code: 302, message: Found}
- request:
    body: null
    headers:
      Accept: ['*/*']
      Accept-Encoding: ['gzip, deflate']
      Connection: [keep-alive]
      User-Agent: [python-requests/2.20.1]
    method: GET
    uri: https://accounts.hetzner.com/
  response:
    body: {string: None}
    headers:
      Cache-Control: ['max-age=0, must-revalidate, private']
      Connection: [Keep-Alive]
      Content-Type: [text/html; charset=UTF-8]
      Date: ['Mon, 10 Dec 2018 17:19:52 GMT']
      Keep-Alive: ['timeout=15, max=98']
      Location: [/account/masterdata]
      Referrer-Policy: [same-origin]
      Server: [Apache]
      Strict-Transport-Security: [max-age=31536000]
      Transfer-Encoding: [chunked]
      Vary: [Host]
      X-Frame-Options: [SAMEORIGIN]
    status: {code: 302, message: Found}
- request:
    body: null
    headers:
      Accept: ['*/*']
      Accept-Encoding: ['gzip, deflate']
      Connection: [keep-alive]
      User-Agent: [python-requests/2.20.1]
    method: GET
    uri: https://accounts.hetzner.com/account/masterdata
  response:
    body: {string: None}
    headers:
      Cache-Control: ['max-age=0, must-revalidate, private']
      Connection: [Keep-Alive]
      Content-Type: [text/html; charset=UTF-8]
      Date: ['Mon, 10 Dec 2018 17:19:52 GMT']
      Keep-Alive: ['timeout=15, max=97']
      Referrer-Policy: [same-origin]
      Server: [Apache]
      Strict-Transport-Security: [max-age=31536000]
      Transfer-Encoding: [chunked]
      Vary: [Host]
      X-Frame-Options: [SAMEORIGIN]
    status: {code: 200, message: OK}
- request:
    body: null
    headers:
      Accept: ['*/*']
      Accept-Encoding: ['gzip, deflate']
      Connection: [keep-alive]
      User-Agent: [python-requests/2.20.1]
    method: GET
    uri: https://robot.your-server.de/dns/update/id/556218
  response:
    body: {string: None}
    headers:
      Connection: [Keep-Alive]
      Content-Type: [text/html; charset=utf-8]
      Date: ['Mon, 10 Dec 2018 17:19:52 GMT']
      Keep-Alive: ['timeout=15, max=100']
      Location: ['https://accounts.hetzner.com/oauth/authorize?client_id=robot_418&redirect_uri=https%3A%2F%2Frobot.your-server.de%2Flogin%2Fcheck&response_type=code&scope=openid&state=aa097cb5ae10f025a9b18a585f1184a8']
      Server: [Apache]
      Transfer-Encoding: [chunked]
    status: {code: 302, message: Found}
- request:
    body: null
    headers:
      Accept: ['*/*']
      Accept-Encoding: ['gzip, deflate']
      Connection: [keep-alive]
      User-Agent: [python-requests/2.20.1]
    method: GET
    uri: https://accounts.hetzner.com/oauth/authorize?client_id=robot_418&redirect_uri=https%3A%2F%2Frobot.your-server.de%2Flogin%2Fcheck&response_type=code&scope=openid&state=aa097cb5ae10f025a9b18a585f1184a8
  response:
    body: {string: None}
    headers:
      Cache-Control: ['max-age=0, must-revalidate, private']
      Connection: [Keep-Alive]
      Content-Type: [application/json]
      Date: ['Mon, 10 Dec 2018 17:19:53 GMT']
      Keep-Alive: ['timeout=15, max=96']
      Location: ['https://robot.your-server.de/login/check?code=0af0d39952614d2aacd0efd4ec235213012bdb53&state=aa097cb5ae10f025a9b18a585f1184a8']
      Referrer-Policy: [same-origin]
      Server: [Apache]
      Strict-Transport-Security: [max-age=31536000]
      Transfer-Encoding: [chunked]
      Vary: [Host]
      X-Frame-Options: [SAMEORIGIN]
    status: {code: 302, message: Found}
- request:
    body: null
    headers:
      Accept: ['*/*']
      Accept-Encoding: ['gzip, deflate']
      Connection: [keep-alive]
      User-Agent: [python-requests/2.20.1]
    method: GET
    uri: https://robot.your-server.de/login/check?code=0af0d39952614d2aacd0efd4ec235213012bdb53&state=aa097cb5ae10f025a9b18a585f1184a8
  response:
    body: {string: None}
    headers:
      Connection: [Keep-Alive]
      Content-Type: [text/html; charset=utf-8]
      Date: ['Mon, 10 Dec 2018 17:19:53 GMT']
      Keep-Alive: ['timeout=15, max=99']
      Location: ['https://robot.your-server.de/dns/update/id/556218']
      Server: [Apache]
      Transfer-Encoding: [chunked]
    status: {code: 302, message: Found}
- request:
    body: null
    headers:
      Accept: ['*/*']
      Accept-Encoding: ['gzip, deflate']
      Connection: [keep-alive]
      User-Agent: [python-requests/2.20.1]
    method: GET
    uri: https://robot.your-server.de/dns/update/id/556218
  response:
    body: {string: "<div class=\"centercolumn\" id=\"center_col\">\n<div class=\"\
        centerpadding\">\n<form action=\"/dns/update\" id=\"dns556218\" method=\"\
        post\" onsubmit=\"AjaxUpdater({&quot;url&quot;:&quot;dns/update&quot;,&quot;update&quot;:&quot;data_556218&quot;,&quot;script&quot;:&quot;1&quot;,&quot;loading&quot;:&quot;addAjaxLoader(\\\
        'data_556218\\')&quot;,&quot;dataElement&quot;:&quot;dns556218&quot;}); return\
        \ false;\"> <table class=\"form\" id=\"form_table\">\n<tr>\n<td colspan=\"\
        2\">\n</td>\n</tr>\n<tr>\n<td class=\"label_req\">\n<label for=\"zonefile\"\
        >Zonefile</label>*        </td>\n<td class=\"element\">\n<textarea cols=\"\
        30\" id=\"zonefile\" name=\"zonefile\" rows=\"15\">$TTL 3600\n@   IN SOA ns1.first-ns.de.\
        \ postmaster.robot.first-ns.de. (\n    2018121053   ; serial\n    14400  \
        \      ; refresh\n    1800         ; retry\n    604800       ; expire\n  \
        \  86400 )      ; minimum\n \n@                  86400 IN NS      robotns3.second-ns.com.\n\
        @                  86400 IN NS      robotns2.second-ns.de.\n@            \
        \      86400 IN NS      ns1.first-ns.de.\n \nlocalhost          86400 IN A\
        \       127.0.0.1\ndocs                     IN CNAME   docs.example.com\n\
        loopback                 IN CNAME   localhost\n_acme-challenge.createrecordset\
        \       IN TXT     \"challengetoken2\"\n_acme-challenge.createrecordset  \
        \     IN TXT     \"challengetoken1\"\n_acme-challenge.fqdn       IN TXT  \
        \   \"challengetoken\"\n_acme-challenge.full       IN TXT     \"challengetoken\"\
        \n_acme-challenge.noop       IN TXT     \"challengetoken\"\n_acme-challenge.test\
        \       IN TXT     \"challengetoken\"\ndelete.testfull          IN TXT   \
        \  \"challengetoken\"\n</textarea> </td>\n</tr>\n<tr class=\"submit_row\"\
        >\n<td class=\"label\">\n<input id=\"id\" name=\"id\" type=\"hidden\" value=\"\
        556218\"/> <input id=\"csrf_token\" name=\"_csrf_token\" type=\"hidden\" value=\"\
        e4056a8e109c7d42c21ddaf1550378b2\"/> <input class=\"button calltoaction\"\
        \ type=\"submit\" value=\"DNS-Eintrag \xE4ndern\"/> </td>\n</tr>\n</table>\n\
        </form> </div>\n<!-- footer -->\n<div class=\"footer\">\n    \xA9 2018 Hetzner\
        \ Online GmbH. Alle Rechte vorbehalten.<br/>\n      Preise inkl. 19 % USt\
        \    <br/>\n<a href=\"https://www.hetzner.de/rechtliches/impressum?country=DE\"\
        \ onclick=\"var w=window.open(this.href);w.focus();return false;\">Impressum</a>\
        \ |\n    <a href=\"https://www.hetzner.de/rechtliches/datenschutz?country=DE\"\
        \ onclick=\"var w=window.open(this.href);w.focus();return false;\">Datenschutz</a>\
        \ |\n    <a href=\"https://www.hetzner.de/rechtliches/system-policies?country=DE\"\
        \ onclick=\"var w=window.open(this.href);w.focus();return false;\">System\
        \ Policies</a> |\n    <a href=\"https://www.hetzner.de/rechtliches/agb?country=DE\"\
        \ onclick=\"var w=window.open(this.href);w.focus();return false;\">AGB</a></div>\n\
        </div>"}
    headers:
      Connection: [Keep-Alive]
      Content-Type: [text/html; charset=utf-8]
      Date: ['Mon, 10 Dec 2018 17:19:53 GMT']
      Keep-Alive: ['timeout=15, max=98']
      Server: [Apache]
      Transfer-Encoding: [chunked]
    status: {code: 200, message: OK}
- request:
    body: id=556218&zonefile=%40+3600+IN+SOA+ns1.first-ns.de.+postmaster.robot.first-ns.de.+2018121053+14400+1800+604800+86400%0A%40+86400+IN+NS+robotns3.second-ns.com.%0A%40+86400+IN+NS+robotns2.second-ns.de.%0A%40+86400+IN+NS+ns1.first-ns.de.%0A_acme-challenge.createrecordset+3600+IN+TXT+%22challengetoken2%22%0A_acme-challenge.createrecordset+3600+IN+TXT+%22challengetoken1%22%0Adocs+3600+IN+CNAME+docs.example.com%0A_acme-challenge.fqdn+3600+IN+TXT+%22challengetoken%22%0A_acme-challenge.full+3600+IN+TXT+%22challengetoken%22%0Alocalhost+86400+IN+A+127.0.0.1%0Aloopback+3600+IN+CNAME+localhost%0A_acme-challenge.noop+3600+IN+TXT+%22challengetoken%22%0A_acme-challenge.test+3600+IN+TXT+%22challengetoken%22%0A
    headers:
      Accept: ['*/*']
      Accept-Encoding: ['gzip, deflate']
      Connection: [keep-alive]
      Content-Length: ['748']
      Content-Type: [application/x-www-form-urlencoded]
      User-Agent: [python-requests/2.20.1]
    method: POST
    uri: https://robot.your-server.de/dns/update
  response:
    body: {string: None}
    headers:
      Connection: [Keep-Alive]
      Content-Type: [text/html; charset=utf-8]
      Date: ['Mon, 10 Dec 2018 17:19:54 GMT']
      Keep-Alive: ['timeout=15, max=97']
      Server: [Apache]
      Transfer-Encoding: [chunked]
    status: {code: 200, message: OK}
- request:
    body: null
    headers:
      Accept: ['*/*']
      Accept-Encoding: ['gzip, deflate']
      Connection: [keep-alive]
      User-Agent: [python-requests/2.20.1]
    method: GET
    uri: https://robot.your-server.de/login/logout/r/true
  response:
    body: {string: None}
    headers:
      Connection: [Keep-Alive]
      Content-Type: [text/html; charset=utf-8]
      Date: ['Mon, 10 Dec 2018 17:20:22 GMT']
      Keep-Alive: ['timeout=15, max=100']
      Location: ['https://accounts.hetzner.com/logout?post_logout_redirect_uri=https://robot.your-server.de/']
      Server: [Apache]
      Transfer-Encoding: [chunked]
    status: {code: 302, message: Found}
- request:
    body: null
    headers:
      Accept: ['*/*']
      Accept-Encoding: ['gzip, deflate']
      Connection: [keep-alive]
      User-Agent: [python-requests/2.20.1]
    method: GET
    uri: https://accounts.hetzner.com/logout?post_logout_redirect_uri=https://robot.your-server.de/
  response:
    body: {string: None}
    headers:
      Cache-Control: ['max-age=0, must-revalidate, private']
      Connection: [Keep-Alive]
      Content-Type: [text/html; charset=UTF-8]
      Date: ['Mon, 10 Dec 2018 17:20:22 GMT']
      Keep-Alive: ['timeout=15, max=100']
      Referrer-Policy: [same-origin]
      Server: [Apache]
      Strict-Transport-Security: [max-age=31536000]
      Transfer-Encoding: [chunked]
      Vary: [Host]
      X-Frame-Options: [SAMEORIGIN]
    status: {code: 200, message: OK}
- request:
    body: null
    headers:
      Accept: ['*/*']
      Accept-Encoding: ['gzip, deflate']
      Connection: [keep-alive]
      User-Agent: [python-requests/2.20.1]
    method: GET
    uri: https://accounts.hetzner.com/login
  response:
    body: {string: '<form action="/login_check" class="form-signin" id="login-form"
        method="post">

        <div class="signin-content">

        <div class="form-group input-group form-group-addon">

        <span class="input-group-addon" id="login-addon"><i class="fa fa-user"></i></span>

        <input autofocus="" class="form-control" id="_username" name="_username" placeholder="Client
        number or login" required="" type="text"/>

        </div>

        <div class="form-group input-group form-group-addon">

        <span class="input-group-addon" id="email-addon"><i class="fa fa-lock"></i></span>

        <input class="form-control" id="_password" name="_password" placeholder="Password"
        required="" type="password"/>

        </div>

        </div>

        <div class="registry-container-bottom">

        <input class="btn btn-yellow btn-lg btn-block btn-with-text" id="submit-login"
        type="submit" value="Login"/>

        <p>

        <a href="/password/lost">Forgot password?</a>

        </p>

        </div>

        </form>'}
    headers:
      Cache-Control: ['max-age=0, must-revalidate, private']
      Connection: [Keep-Alive]
      Content-Type: [text/html; charset=UTF-8]
      Date: ['Mon, 10 Dec 2018 17:20:23 GMT']
      Keep-Alive: ['timeout=15, max=100']
      Referrer-Policy: [same-origin]
      Server: [Apache]
      Strict-Transport-Security: [max-age=31536000]
      Transfer-Encoding: [chunked]
      Vary: [Host]
      X-Frame-Options: [SAMEORIGIN]
    status: {code: 200, message: OK}
- request:
    body: ''
    headers:
      Accept: ['*/*']
      Accept-Encoding: ['gzip, deflate']
      Connection: [keep-alive]
      Content-Length: ['51']
      Content-Type: [application/x-www-form-urlencoded]
      User-Agent: [python-requests/2.20.1]
    method: POST
    uri: https://accounts.hetzner.com/login_check
  response:
    body: {string: None}
    headers:
      Cache-Control: ['max-age=0, must-revalidate, private']
      Connection: [Keep-Alive]
      Content-Type: [text/html; charset=UTF-8]
      Date: ['Mon, 10 Dec 2018 17:20:23 GMT']
      Keep-Alive: ['timeout=15, max=99']
      Location: ['https://accounts.hetzner.com/']
      Referrer-Policy: [same-origin]
      Server: [Apache]
      Strict-Transport-Security: [max-age=31536000]
      Transfer-Encoding: [chunked]
      Vary: [Host]
      X-Frame-Options: [SAMEORIGIN]
    status: {code: 302, message: Found}
- request:
    body: null
    headers:
      Accept: ['*/*']
      Accept-Encoding: ['gzip, deflate']
      Connection: [keep-alive]
      User-Agent: [python-requests/2.20.1]
    method: GET
    uri: https://accounts.hetzner.com/
  response:
    body: {string: None}
    headers:
      Cache-Control: ['max-age=0, must-revalidate, private']
      Connection: [Keep-Alive]
      Content-Type: [text/html; charset=UTF-8]
      Date: ['Mon, 10 Dec 2018 17:20:23 GMT']
      Keep-Alive: ['timeout=15, max=98']
      Location: [/account/masterdata]
      Referrer-Policy: [same-origin]
      Server: [Apache]
      Strict-Transport-Security: [max-age=31536000]
      Transfer-Encoding: [chunked]
      Vary: [Host]
      X-Frame-Options: [SAMEORIGIN]
    status: {code: 302, message: Found}
- request:
    body: null
    headers:
      Accept: ['*/*']
      Accept-Encoding: ['gzip, deflate']
      Connection: [keep-alive]
      User-Agent: [python-requests/2.20.1]
    method: GET
    uri: https://accounts.hetzner.com/account/masterdata
  response:
    body: {string: None}
    headers:
      Cache-Control: ['max-age=0, must-revalidate, private']
      Connection: [Keep-Alive]
      Content-Type: [text/html; charset=UTF-8]
      Date: ['Mon, 10 Dec 2018 17:20:23 GMT']
      Keep-Alive: ['timeout=15, max=97']
      Referrer-Policy: [same-origin]
      Server: [Apache]
      Strict-Transport-Security: [max-age=31536000]
      Transfer-Encoding: [chunked]
      Vary: [Host]
      X-Frame-Options: [SAMEORIGIN]
    status: {code: 200, message: OK}
- request:
    body: null
    headers:
      Accept: ['*/*']
      Accept-Encoding: ['gzip, deflate']
      Connection: [keep-alive]
      User-Agent: [python-requests/2.20.1]
    method: GET
    uri: https://robot.your-server.de/dns/update/id/556218
  response:
    body: {string: None}
    headers:
      Connection: [Keep-Alive]
      Content-Type: [text/html; charset=utf-8]
      Date: ['Mon, 10 Dec 2018 17:20:24 GMT']
      Keep-Alive: ['timeout=15, max=100']
      Location: ['https://accounts.hetzner.com/oauth/authorize?client_id=robot_418&redirect_uri=https%3A%2F%2Frobot.your-server.de%2Flogin%2Fcheck&response_type=code&scope=openid&state=2d2f98df03b6ed697f533a803702efc6']
      Server: [Apache]
      Transfer-Encoding: [chunked]
    status: {code: 302, message: Found}
- request:
    body: null
    headers:
      Accept: ['*/*']
      Accept-Encoding: ['gzip, deflate']
      Connection: [keep-alive]
      User-Agent: [python-requests/2.20.1]
    method: GET
    uri: https://accounts.hetzner.com/oauth/authorize?client_id=robot_418&redirect_uri=https%3A%2F%2Frobot.your-server.de%2Flogin%2Fcheck&response_type=code&scope=openid&state=2d2f98df03b6ed697f533a803702efc6
  response:
    body: {string: None}
    headers:
      Cache-Control: ['max-age=0, must-revalidate, private']
      Connection: [Keep-Alive]
      Content-Type: [application/json]
      Date: ['Mon, 10 Dec 2018 17:20:24 GMT']
      Keep-Alive: ['timeout=15, max=96']
      Location: ['https://robot.your-server.de/login/check?code=741776311834bb7e1359d5e49555c3ece7c94efe&state=2d2f98df03b6ed697f533a803702efc6']
      Referrer-Policy: [same-origin]
      Server: [Apache]
      Strict-Transport-Security: [max-age=31536000]
      Transfer-Encoding: [chunked]
      Vary: [Host]
      X-Frame-Options: [SAMEORIGIN]
    status: {code: 302, message: Found}
- request:
    body: null
    headers:
      Accept: ['*/*']
      Accept-Encoding: ['gzip, deflate']
      Connection: [keep-alive]
      User-Agent: [python-requests/2.20.1]
    method: GET
    uri: https://robot.your-server.de/login/check?code=741776311834bb7e1359d5e49555c3ece7c94efe&state=2d2f98df03b6ed697f533a803702efc6
  response:
    body: {string: None}
    headers:
      Connection: [Keep-Alive]
      Content-Type: [text/html; charset=utf-8]
      Date: ['Mon, 10 Dec 2018 17:20:24 GMT']
      Keep-Alive: ['timeout=15, max=99']
      Location: ['https://robot.your-server.de/dns/update/id/556218']
      Server: [Apache]
      Transfer-Encoding: [chunked]
    status: {code: 302, message: Found}
- request:
    body: null
    headers:
      Accept: ['*/*']
      Accept-Encoding: ['gzip, deflate']
      Connection: [keep-alive]
      User-Agent: [python-requests/2.20.1]
    method: GET
    uri: https://robot.your-server.de/dns/update/id/556218
  response:
    body: {string: "<div class=\"centercolumn\" id=\"center_col\">\n<div class=\"\
        centerpadding\">\n<form action=\"/dns/update\" id=\"dns556218\" method=\"\
        post\" onsubmit=\"AjaxUpdater({&quot;url&quot;:&quot;dns/update&quot;,&quot;update&quot;:&quot;data_556218&quot;,&quot;script&quot;:&quot;1&quot;,&quot;loading&quot;:&quot;addAjaxLoader(\\\
        'data_556218\\')&quot;,&quot;dataElement&quot;:&quot;dns556218&quot;}); return\
        \ false;\"> <table class=\"form\" id=\"form_table\">\n<tr>\n<td colspan=\"\
        2\">\n</td>\n</tr>\n<tr>\n<td class=\"label_req\">\n<label for=\"zonefile\"\
        >Zonefile</label>*        </td>\n<td class=\"element\">\n<textarea cols=\"\
        30\" id=\"zonefile\" name=\"zonefile\" rows=\"15\">$TTL 3600\n@   IN SOA ns1.first-ns.de.\
        \ postmaster.robot.first-ns.de. (\n    2018121054   ; serial\n    14400  \
        \      ; refresh\n    1800         ; retry\n    604800       ; expire\n  \
        \  86400 )      ; minimum\n \n@                  86400 IN NS      robotns3.second-ns.com.\n\
        @                  86400 IN NS      robotns2.second-ns.de.\n@            \
        \      86400 IN NS      ns1.first-ns.de.\n \nlocalhost          86400 IN A\
        \       127.0.0.1\ndocs                     IN CNAME   docs.example.com\n\
        loopback                 IN CNAME   localhost\n_acme-challenge.createrecordset\
        \       IN TXT     \"challengetoken2\"\n_acme-challenge.createrecordset  \
        \     IN TXT     \"challengetoken1\"\n_acme-challenge.fqdn       IN TXT  \
        \   \"challengetoken\"\n_acme-challenge.full       IN TXT     \"challengetoken\"\
        \n_acme-challenge.noop       IN TXT     \"challengetoken\"\n_acme-challenge.test\
        \       IN TXT     \"challengetoken\"\n</textarea> </td>\n</tr>\n<tr class=\"\
        submit_row\">\n<td class=\"label\">\n<input id=\"id\" name=\"id\" type=\"\
        hidden\" value=\"556218\"/> <input id=\"csrf_token\" name=\"_csrf_token\"\
        \ type=\"hidden\" value=\"317eaf4e771e107f0bc5b1f64b584ad8\"/> <input class=\"\
        button calltoaction\" type=\"submit\" value=\"DNS-Eintrag \xE4ndern\"/> </td>\n\
        </tr>\n</table>\n</form> </div>\n<!-- footer -->\n<div class=\"footer\">\n\
        \    \xA9 2018 Hetzner Online GmbH. Alle Rechte vorbehalten.<br/>\n      Preise\
        \ inkl. 19 % USt    <br/>\n<a href=\"https://www.hetzner.de/rechtliches/impressum?country=DE\"\
        \ onclick=\"var w=window.open(this.href);w.focus();return false;\">Impressum</a>\
        \ |\n    <a href=\"https://www.hetzner.de/rechtliches/datenschutz?country=DE\"\
        \ onclick=\"var w=window.open(this.href);w.focus();return false;\">Datenschutz</a>\
        \ |\n    <a href=\"https://www.hetzner.de/rechtliches/system-policies?country=DE\"\
        \ onclick=\"var w=window.open(this.href);w.focus();return false;\">System\
        \ Policies</a> |\n    <a href=\"https://www.hetzner.de/rechtliches/agb?country=DE\"\
        \ onclick=\"var w=window.open(this.href);w.focus();return false;\">AGB</a></div>\n\
        </div>"}
    headers:
      Connection: [Keep-Alive]
      Content-Type: [text/html; charset=utf-8]
      Date: ['Mon, 10 Dec 2018 17:20:25 GMT']
      Keep-Alive: ['timeout=15, max=98']
      Server: [Apache]
      Transfer-Encoding: [chunked]
    status: {code: 200, message: OK}
- request:
    body: null
    headers:
      Accept: ['*/*']
      Accept-Encoding: ['gzip, deflate']
      Connection: [keep-alive]
      User-Agent: [python-requests/2.20.1]
    method: GET
    uri: https://robot.your-server.de/login/logout/r/true
  response:
    body: {string: None}
    headers:
      Connection: [Keep-Alive]
      Content-Type: [text/html; charset=utf-8]
      Date: ['Mon, 10 Dec 2018 17:20:25 GMT']
      Keep-Alive: ['timeout=15, max=97']
      Location: ['https://accounts.hetzner.com/logout?post_logout_redirect_uri=https://robot.your-server.de/']
      Server: [Apache]
      Transfer-Encoding: [chunked]
    status: {code: 302, message: Found}
- request:
    body: null
    headers:
      Accept: ['*/*']
      Accept-Encoding: ['gzip, deflate']
      Connection: [keep-alive]
      User-Agent: [python-requests/2.20.1]
    method: GET
    uri: https://accounts.hetzner.com/logout?post_logout_redirect_uri=https://robot.your-server.de/
  response:
    body: {string: None}
    headers:
      Cache-Control: ['max-age=0, must-revalidate, private']
      Connection: [Keep-Alive]
      Content-Type: [text/html; charset=UTF-8]
      Date: ['Mon, 10 Dec 2018 17:20:25 GMT']
      Keep-Alive: ['timeout=15, max=95']
      Referrer-Policy: [same-origin]
      Server: [Apache]
      Strict-Transport-Security: [max-age=31536000]
      Transfer-Encoding: [chunked]
      Vary: [Host]
      X-Frame-Options: [SAMEORIGIN]
    status: {code: 200, message: OK}
version: 1
