interactions:
- request:
    body: !!python/unicode '{}'
    headers:
      Accept: [application/json]
      Accept-Encoding: ['gzip, deflate']
      Connection: [keep-alive]
      Content-Length: ['2']
      Content-Type: [application/json]
      User-Agent: [python-requests/2.18.4]
    method: GET
    uri: https://api.digitalocean.com/v2/domains/capsulecd.com
  response:
    body: {string: !!python/unicode '{"domain":{"name":"capsulecd.com","ttl":1800,"zone_file":"$ORIGIN
        capsulecd.com.\n$TTL 1800\ncapsulecd.com. IN SOA ns1.digitalocean.com. hostmaster.capsulecd.com.
        1521528444 10800 3600 604800 1800\ncapsulecd.com. 1800 IN NS ns1.digitalocean.com.\ncapsulecd.com.
        1800 IN NS ns2.digitalocean.com.\ncapsulecd.com. 1800 IN NS ns3.digitalocean.com.\ncapsulecd.com.
        1800 IN A 127.0.0.1\nlocalhost.capsulecd.com. 1800 IN A 127.0.0.1\ndocs.capsulecd.com.
        1800 IN CNAME docs.example.com.\n_acme-challenge.fqdn.capsulecd.com. 1800
        IN TXT challengetoken\n_acme-challenge.full.capsulecd.com. 1800 IN TXT challengetoken\n_acme-challenge.test.capsulecd.com.
        1800 IN TXT challengetoken\nrandom.fqdntest.capsulecd.com. 1800 IN TXT challengetoken\n"}}'}
    headers:
      cache-control: ['max-age=0, private, must-revalidate']
      cf-ray: [3fe63a2e89ab9306-SJC]
      connection: [keep-alive]
      content-length: ['734']
      content-type: [application/json; charset=utf-8]
      date: ['Tue, 20 Mar 2018 06:47:25 GMT']
      etag: [W/"aee8ab6ea99f70f709d26a14583885df"]
      expect-ct: ['max-age=604800, report-uri="https://report-uri.cloudflare.com/cdn-cgi/beacon/expect-ct"']
      ratelimit-limit: ['5000']
      ratelimit-remaining: ['4786']
      ratelimit-reset: ['1521525195']
      server: [cloudflare]
      set-cookie: ['__cfduid=d30f07bd295341d6eaa9136573cc57e231521528445; expires=Wed,
          20-Mar-19 06:47:25 GMT; path=/; domain=.digitalocean.com; HttpOnly']
      transfer-encoding: [chunked]
      x-content-type-options: [nosniff]
      x-frame-options: [SAMEORIGIN]
      x-gateway: [Edge-Gateway]
      x-request-id: [2d60eae1-3502-4a2e-946d-2ec5f8a8a265]
      x-response-from: [service]
      x-runtime: ['0.187994']
      x-xss-protection: [1; mode=block]
    status: {code: 200, message: OK}
- request:
    body: !!python/unicode '{}'
    headers:
      Accept: [application/json]
      Accept-Encoding: ['gzip, deflate']
      Connection: [keep-alive]
      Content-Length: ['2']
      Content-Type: [application/json]
      User-Agent: [python-requests/2.18.4]
    method: GET
    uri: https://api.digitalocean.com/v2/domains/capsulecd.com/records
  response:
    body: {string: !!python/unicode '{"domain_records":[{"id":13310015,"type":"NS","name":"@","data":"ns1.digitalocean.com","priority":null,"port":null,"ttl":1800,"weight":null,"flags":null,"tag":null},{"id":13310016,"type":"NS","name":"@","data":"ns2.digitalocean.com","priority":null,"port":null,"ttl":1800,"weight":null,"flags":null,"tag":null},{"id":13310017,"type":"NS","name":"@","data":"ns3.digitalocean.com","priority":null,"port":null,"ttl":1800,"weight":null,"flags":null,"tag":null},{"id":13310018,"type":"A","name":"@","data":"127.0.0.1","priority":null,"port":null,"ttl":1800,"weight":null,"flags":null,"tag":null},{"id":38629349,"type":"A","name":"localhost","data":"127.0.0.1","priority":null,"port":null,"ttl":1800,"weight":null,"flags":null,"tag":null},{"id":38629350,"type":"CNAME","name":"docs","data":"docs.example.com","priority":null,"port":null,"ttl":1800,"weight":null,"flags":null,"tag":null},{"id":38629351,"type":"TXT","name":"_acme-challenge.fqdn","data":"challengetoken","priority":null,"port":null,"ttl":1800,"weight":null,"flags":null,"tag":null},{"id":38629354,"type":"TXT","name":"_acme-challenge.full","data":"challengetoken","priority":null,"port":null,"ttl":1800,"weight":null,"flags":null,"tag":null},{"id":38629356,"type":"TXT","name":"_acme-challenge.test","data":"challengetoken","priority":null,"port":null,"ttl":1800,"weight":null,"flags":null,"tag":null},{"id":38629375,"type":"TXT","name":"random.fqdntest","data":"challengetoken","priority":null,"port":null,"ttl":1800,"weight":null,"flags":null,"tag":null}],"links":{},"meta":{"total":10}}'}
    headers:
      cache-control: ['max-age=0, private, must-revalidate']
      cf-ray: [3fe63a30ced892f4-SJC]
      connection: [keep-alive]
      content-length: ['1548']
      content-type: [application/json; charset=utf-8]
      date: ['Tue, 20 Mar 2018 06:47:26 GMT']
      etag: [W/"e06a9b6e7bae99bd5d92367f8272b328"]
      expect-ct: ['max-age=604800, report-uri="https://report-uri.cloudflare.com/cdn-cgi/beacon/expect-ct"']
      ratelimit-limit: ['5000']
      ratelimit-remaining: ['4785']
      ratelimit-reset: ['1521525195']
      server: [cloudflare]
      set-cookie: ['__cfduid=d4fee1f8715d9a19b9add155b083cb95a1521528445; expires=Wed,
          20-Mar-19 06:47:25 GMT; path=/; domain=.digitalocean.com; HttpOnly']
      transfer-encoding: [chunked]
      x-content-type-options: [nosniff]
      x-frame-options: [SAMEORIGIN]
      x-gateway: [Edge-Gateway]
      x-request-id: [72c042d5-8b44-4f7c-84c3-28941f92a66c]
      x-response-from: [service]
      x-runtime: ['0.362780']
      x-xss-protection: [1; mode=block]
    status: {code: 200, message: OK}
- request:
    body: !!python/unicode '{"data": "challengetoken", "type": "TXT", "name": "random.fulltest"}'
    headers:
      Accept: [application/json]
      Accept-Encoding: ['gzip, deflate']
      Connection: [keep-alive]
      Content-Length: ['68']
      Content-Type: [application/json]
      User-Agent: [python-requests/2.18.4]
    method: POST
    uri: https://api.digitalocean.com/v2/domains/capsulecd.com/records
  response:
    body: {string: !!python/unicode '{"domain_record":{"id":38629378,"type":"TXT","name":"random.fulltest","data":"challengetoken","priority":null,"port":null,"ttl":1800,"weight":null,"flags":null,"tag":null}}'}
    headers:
      cache-control: ['max-age=0, private, must-revalidate']
      cf-ray: [3fe63a357b09933c-SJC]
      connection: [keep-alive]
      content-length: ['172']
      content-type: [application/json; charset=utf-8]
      date: ['Tue, 20 Mar 2018 06:47:26 GMT']
      etag: ['"989faf3cd225996979f35817b9ded371"']
      expect-ct: ['max-age=604800, report-uri="https://report-uri.cloudflare.com/cdn-cgi/beacon/expect-ct"']
      ratelimit-limit: ['5000']
      ratelimit-remaining: ['4784']
      ratelimit-reset: ['1521525195']
      server: [cloudflare]
      set-cookie: ['__cfduid=da3891a93cb29277eac3e7f8c9c0cf3301521528446; expires=Wed,
          20-Mar-19 06:47:26 GMT; path=/; domain=.digitalocean.com; HttpOnly']
      x-content-type-options: [nosniff]
      x-frame-options: [SAMEORIGIN]
      x-gateway: [Edge-Gateway]
      x-request-id: [b1b188d1-7dcb-4080-81ce-e3dd7e978337]
      x-response-from: [service]
      x-runtime: ['0.249976']
      x-xss-protection: [1; mode=block]
    status: {code: 201, message: Created}
- request:
    body: !!python/unicode '{}'
    headers:
      Accept: [application/json]
      Accept-Encoding: ['gzip, deflate']
      Connection: [keep-alive]
      Content-Length: ['2']
      Content-Type: [application/json]
      User-Agent: [python-requests/2.18.4]
    method: GET
    uri: https://api.digitalocean.com/v2/domains/capsulecd.com/records
  response:
    body: {string: !!python/unicode '{"domain_records":[{"id":13310015,"type":"NS","name":"@","data":"ns1.digitalocean.com","priority":null,"port":null,"ttl":1800,"weight":null,"flags":null,"tag":null},{"id":13310016,"type":"NS","name":"@","data":"ns2.digitalocean.com","priority":null,"port":null,"ttl":1800,"weight":null,"flags":null,"tag":null},{"id":13310017,"type":"NS","name":"@","data":"ns3.digitalocean.com","priority":null,"port":null,"ttl":1800,"weight":null,"flags":null,"tag":null},{"id":13310018,"type":"A","name":"@","data":"127.0.0.1","priority":null,"port":null,"ttl":1800,"weight":null,"flags":null,"tag":null},{"id":38629349,"type":"A","name":"localhost","data":"127.0.0.1","priority":null,"port":null,"ttl":1800,"weight":null,"flags":null,"tag":null},{"id":38629350,"type":"CNAME","name":"docs","data":"docs.example.com","priority":null,"port":null,"ttl":1800,"weight":null,"flags":null,"tag":null},{"id":38629351,"type":"TXT","name":"_acme-challenge.fqdn","data":"challengetoken","priority":null,"port":null,"ttl":1800,"weight":null,"flags":null,"tag":null},{"id":38629354,"type":"TXT","name":"_acme-challenge.full","data":"challengetoken","priority":null,"port":null,"ttl":1800,"weight":null,"flags":null,"tag":null},{"id":38629356,"type":"TXT","name":"_acme-challenge.test","data":"challengetoken","priority":null,"port":null,"ttl":1800,"weight":null,"flags":null,"tag":null},{"id":38629375,"type":"TXT","name":"random.fqdntest","data":"challengetoken","priority":null,"port":null,"ttl":1800,"weight":null,"flags":null,"tag":null},{"id":38629378,"type":"TXT","name":"random.fulltest","data":"challengetoken","priority":null,"port":null,"ttl":1800,"weight":null,"flags":null,"tag":null}],"links":{},"meta":{"total":11}}'}
    headers:
      cache-control: ['max-age=0, private, must-revalidate']
      cf-ray: [3fe63a387ca79390-SJC]
      connection: [keep-alive]
      content-length: ['1703']
      content-type: [application/json; charset=utf-8]
      date: ['Tue, 20 Mar 2018 06:47:27 GMT']
      etag: [W/"0569b948d017b56f74ad445c47b00b64"]
      expect-ct: ['max-age=604800, report-uri="https://report-uri.cloudflare.com/cdn-cgi/beacon/expect-ct"']
      ratelimit-limit: ['5000']
      ratelimit-remaining: ['4783']
      ratelimit-reset: ['1521525195']
      server: [cloudflare]
      set-cookie: ['__cfduid=df2737092738a75512e17745d57f927881521528446; expires=Wed,
          20-Mar-19 06:47:26 GMT; path=/; domain=.digitalocean.com; HttpOnly']
      transfer-encoding: [chunked]
      x-content-type-options: [nosniff]
      x-frame-options: [SAMEORIGIN]
      x-gateway: [Edge-Gateway]
      x-request-id: [2179f0c0-b904-4d72-b9f1-bd7b46929e4f]
      x-response-from: [service]
      x-runtime: ['0.149317']
      x-xss-protection: [1; mode=block]
    status: {code: 200, message: OK}
version: 1
