interactions:
- request:
    body: !!python/unicode '{}'
    headers:
      Accept: [application/json]
      Accept-Encoding: ['gzip, deflate']
      Connection: [keep-alive]
      Content-Length: ['2']
      Content-Type: [application/json]
      User-Agent: [python-requests/2.18.4]
    method: GET
    uri: https://api.digitalocean.com/v2/domains/capsulecd.com
  response:
    body: {string: !!python/unicode '{"domain":{"name":"capsulecd.com","ttl":1800,"zone_file":"$ORIGIN
        capsulecd.com.\n$TTL 1800\ncapsulecd.com. IN SOA ns1.digitalocean.com. hostmaster.capsulecd.com.
        1521528456 10800 3600 604800 1800\ncapsulecd.com. 1800 IN NS ns1.digitalocean.com.\ncapsulecd.com.
        1800 IN NS ns2.digitalocean.com.\ncapsulecd.com. 1800 IN NS ns3.digitalocean.com.\ncapsulecd.com.
        1800 IN A 127.0.0.1\nlocalhost.capsulecd.com. 1800 IN A 127.0.0.1\ndocs.capsulecd.com.
        1800 IN CNAME docs.example.com.\n_acme-challenge.fqdn.capsulecd.com. 1800
        IN TXT challengetoken\n_acme-challenge.full.capsulecd.com. 1800 IN TXT challengetoken\n_acme-challenge.test.capsulecd.com.
        1800 IN TXT challengetoken\nrandom.fqdntest.capsulecd.com. 1800 IN TXT challengetoken\nrandom.fulltest.capsulecd.com.
        1800 IN TXT challengetoken\nrandom.test.capsulecd.com. 1800 IN TXT challengetoken\nupdated.test.capsulecd.com.
        1800 IN TXT challengetoken\nupdated.testfqdn.capsulecd.com. 1800 IN TXT challengetoken\nupdated.testfull.capsulecd.com.
        1800 IN TXT challengetoken\n"}}'}
    headers:
      cache-control: ['max-age=0, private, must-revalidate']
      cf-ray: [3fe63a762b6693f0-SJC]
      connection: [keep-alive]
      content-length: ['1024']
      content-type: [application/json; charset=utf-8]
      date: ['Tue, 20 Mar 2018 06:47:36 GMT']
      etag: [W/"81632fc7fb093d74a32a08385541dcfa"]
      expect-ct: ['max-age=604800, report-uri="https://report-uri.cloudflare.com/cdn-cgi/beacon/expect-ct"']
      ratelimit-limit: ['5000']
      ratelimit-remaining: ['4759']
      ratelimit-reset: ['1521525195']
      server: [cloudflare]
      set-cookie: ['__cfduid=ddeb5c8d68539714ecfdc95781dec8c191521528456; expires=Wed,
          20-Mar-19 06:47:36 GMT; path=/; domain=.digitalocean.com; HttpOnly']
      transfer-encoding: [chunked]
      x-content-type-options: [nosniff]
      x-frame-options: [SAMEORIGIN]
      x-gateway: [Edge-Gateway]
      x-request-id: [4adebea3-46ce-4f90-be1a-2f33cb490110]
      x-response-from: [service]
      x-runtime: ['0.141264']
      x-xss-protection: [1; mode=block]
    status: {code: 200, message: OK}
- request:
    body: !!python/unicode '{}'
    headers:
      Accept: [application/json]
      Accept-Encoding: ['gzip, deflate']
      Connection: [keep-alive]
      Content-Length: ['2']
      Content-Type: [application/json]
      User-Agent: [python-requests/2.18.4]
    method: GET
    uri: https://api.digitalocean.com/v2/domains/capsulecd.com/records
  response:
    body: {string: !!python/unicode '{"domain_records":[{"id":13310015,"type":"NS","name":"@","data":"ns1.digitalocean.com","priority":null,"port":null,"ttl":1800,"weight":null,"flags":null,"tag":null},{"id":13310016,"type":"NS","name":"@","data":"ns2.digitalocean.com","priority":null,"port":null,"ttl":1800,"weight":null,"flags":null,"tag":null},{"id":13310017,"type":"NS","name":"@","data":"ns3.digitalocean.com","priority":null,"port":null,"ttl":1800,"weight":null,"flags":null,"tag":null},{"id":13310018,"type":"A","name":"@","data":"127.0.0.1","priority":null,"port":null,"ttl":1800,"weight":null,"flags":null,"tag":null},{"id":38629349,"type":"A","name":"localhost","data":"127.0.0.1","priority":null,"port":null,"ttl":1800,"weight":null,"flags":null,"tag":null},{"id":38629350,"type":"CNAME","name":"docs","data":"docs.example.com","priority":null,"port":null,"ttl":1800,"weight":null,"flags":null,"tag":null},{"id":38629351,"type":"TXT","name":"_acme-challenge.fqdn","data":"challengetoken","priority":null,"port":null,"ttl":1800,"weight":null,"flags":null,"tag":null},{"id":38629354,"type":"TXT","name":"_acme-challenge.full","data":"challengetoken","priority":null,"port":null,"ttl":1800,"weight":null,"flags":null,"tag":null},{"id":38629356,"type":"TXT","name":"_acme-challenge.test","data":"challengetoken","priority":null,"port":null,"ttl":1800,"weight":null,"flags":null,"tag":null},{"id":38629375,"type":"TXT","name":"random.fqdntest","data":"challengetoken","priority":null,"port":null,"ttl":1800,"weight":null,"flags":null,"tag":null},{"id":38629378,"type":"TXT","name":"random.fulltest","data":"challengetoken","priority":null,"port":null,"ttl":1800,"weight":null,"flags":null,"tag":null},{"id":38629383,"type":"TXT","name":"random.test","data":"challengetoken","priority":null,"port":null,"ttl":1800,"weight":null,"flags":null,"tag":null},{"id":38629387,"type":"TXT","name":"updated.test","data":"challengetoken","priority":null,"port":null,"ttl":1800,"weight":null,"flags":null,"tag":null},{"id":38629390,"type":"TXT","name":"updated.testfqdn","data":"challengetoken","priority":null,"port":null,"ttl":1800,"weight":null,"flags":null,"tag":null},{"id":38629391,"type":"TXT","name":"updated.testfull","data":"challengetoken","priority":null,"port":null,"ttl":1800,"weight":null,"flags":null,"tag":null}],"links":{},"meta":{"total":15}}'}
    headers:
      cache-control: ['max-age=0, private, must-revalidate']
      cf-ray: [3fe63a781812929a-SJC]
      connection: [keep-alive]
      content-length: ['2318']
      content-type: [application/json; charset=utf-8]
      date: ['Tue, 20 Mar 2018 06:47:37 GMT']
      etag: [W/"2483fd5cdc64a71a29fd40cc74c1f802"]
      expect-ct: ['max-age=604800, report-uri="https://report-uri.cloudflare.com/cdn-cgi/beacon/expect-ct"']
      ratelimit-limit: ['5000']
      ratelimit-remaining: ['4758']
      ratelimit-reset: ['1521525195']
      server: [cloudflare]
      set-cookie: ['__cfduid=d6505dd4baf8c57a42bae78c6fa082da71521528456; expires=Wed,
          20-Mar-19 06:47:36 GMT; path=/; domain=.digitalocean.com; HttpOnly']
      transfer-encoding: [chunked]
      x-content-type-options: [nosniff]
      x-frame-options: [SAMEORIGIN]
      x-gateway: [Edge-Gateway]
      x-request-id: [b2084e5f-5f4e-4950-aaa3-d061bdd05598]
      x-response-from: [service]
      x-runtime: ['0.166464']
      x-xss-protection: [1; mode=block]
    status: {code: 200, message: OK}
- request:
    body: !!python/unicode '{"data": "challengetoken1", "type": "TXT", "name": "_acme-challenge.createrecordset"}'
    headers:
      Accept: [application/json]
      Accept-Encoding: ['gzip, deflate']
      Connection: [keep-alive]
      Content-Length: ['85']
      Content-Type: [application/json]
      User-Agent: [python-requests/2.18.4]
    method: POST
    uri: https://api.digitalocean.com/v2/domains/capsulecd.com/records
  response:
    body: {string: !!python/unicode '{"domain_record":{"id":38629393,"type":"TXT","name":"_acme-challenge.createrecordset","data":"challengetoken1","priority":null,"port":null,"ttl":1800,"weight":null,"flags":null,"tag":null}}'}
    headers:
      cache-control: ['max-age=0, private, must-revalidate']
      cf-ray: [3fe63a7a2ffe92c4-SJC]
      connection: [keep-alive]
      content-length: ['189']
      content-type: [application/json; charset=utf-8]
      date: ['Tue, 20 Mar 2018 06:47:37 GMT']
      etag: ['"eeb396bd2f7b1a6c7fdc95eda6103bba"']
      expect-ct: ['max-age=604800, report-uri="https://report-uri.cloudflare.com/cdn-cgi/beacon/expect-ct"']
      ratelimit-limit: ['5000']
      ratelimit-remaining: ['4757']
      ratelimit-reset: ['1521525195']
      server: [cloudflare]
      set-cookie: ['__cfduid=df6be8831329f9faaec3dc012c97caceb1521528457; expires=Wed,
          20-Mar-19 06:47:37 GMT; path=/; domain=.digitalocean.com; HttpOnly']
      x-content-type-options: [nosniff]
      x-frame-options: [SAMEORIGIN]
      x-gateway: [Edge-Gateway]
      x-request-id: [6c861dc4-3f06-425a-b4d0-1bee1fdbb397]
      x-response-from: [service]
      x-runtime: ['0.236893']
      x-xss-protection: [1; mode=block]
    status: {code: 201, message: Created}
- request:
    body: !!python/unicode '{}'
    headers:
      Accept: [application/json]
      Accept-Encoding: ['gzip, deflate']
      Connection: [keep-alive]
      Content-Length: ['2']
      Content-Type: [application/json]
      User-Agent: [python-requests/2.18.4]
    method: GET
    uri: https://api.digitalocean.com/v2/domains/capsulecd.com/records
  response:
    body: {string: !!python/unicode '{"domain_records":[{"id":13310015,"type":"NS","name":"@","data":"ns1.digitalocean.com","priority":null,"port":null,"ttl":1800,"weight":null,"flags":null,"tag":null},{"id":13310016,"type":"NS","name":"@","data":"ns2.digitalocean.com","priority":null,"port":null,"ttl":1800,"weight":null,"flags":null,"tag":null},{"id":13310017,"type":"NS","name":"@","data":"ns3.digitalocean.com","priority":null,"port":null,"ttl":1800,"weight":null,"flags":null,"tag":null},{"id":13310018,"type":"A","name":"@","data":"127.0.0.1","priority":null,"port":null,"ttl":1800,"weight":null,"flags":null,"tag":null},{"id":38629349,"type":"A","name":"localhost","data":"127.0.0.1","priority":null,"port":null,"ttl":1800,"weight":null,"flags":null,"tag":null},{"id":38629350,"type":"CNAME","name":"docs","data":"docs.example.com","priority":null,"port":null,"ttl":1800,"weight":null,"flags":null,"tag":null},{"id":38629351,"type":"TXT","name":"_acme-challenge.fqdn","data":"challengetoken","priority":null,"port":null,"ttl":1800,"weight":null,"flags":null,"tag":null},{"id":38629354,"type":"TXT","name":"_acme-challenge.full","data":"challengetoken","priority":null,"port":null,"ttl":1800,"weight":null,"flags":null,"tag":null},{"id":38629356,"type":"TXT","name":"_acme-challenge.test","data":"challengetoken","priority":null,"port":null,"ttl":1800,"weight":null,"flags":null,"tag":null},{"id":38629375,"type":"TXT","name":"random.fqdntest","data":"challengetoken","priority":null,"port":null,"ttl":1800,"weight":null,"flags":null,"tag":null},{"id":38629378,"type":"TXT","name":"random.fulltest","data":"challengetoken","priority":null,"port":null,"ttl":1800,"weight":null,"flags":null,"tag":null},{"id":38629383,"type":"TXT","name":"random.test","data":"challengetoken","priority":null,"port":null,"ttl":1800,"weight":null,"flags":null,"tag":null},{"id":38629387,"type":"TXT","name":"updated.test","data":"challengetoken","priority":null,"port":null,"ttl":1800,"weight":null,"flags":null,"tag":null},{"id":38629390,"type":"TXT","name":"updated.testfqdn","data":"challengetoken","priority":null,"port":null,"ttl":1800,"weight":null,"flags":null,"tag":null},{"id":38629391,"type":"TXT","name":"updated.testfull","data":"challengetoken","priority":null,"port":null,"ttl":1800,"weight":null,"flags":null,"tag":null},{"id":38629393,"type":"TXT","name":"_acme-challenge.createrecordset","data":"challengetoken1","priority":null,"port":null,"ttl":1800,"weight":null,"flags":null,"tag":null}],"links":{},"meta":{"total":16}}'}
    headers:
      cache-control: ['max-age=0, private, must-revalidate']
      cf-ray: [3fe63a7cd833961f-SJC]
      connection: [keep-alive]
      content-length: ['2490']
      content-type: [application/json; charset=utf-8]
      date: ['Tue, 20 Mar 2018 06:47:38 GMT']
      etag: [W/"39429373c8b2aa3e3f3208c7357472af"]
      expect-ct: ['max-age=604800, report-uri="https://report-uri.cloudflare.com/cdn-cgi/beacon/expect-ct"']
      ratelimit-limit: ['5000']
      ratelimit-remaining: ['4756']
      ratelimit-reset: ['1521525195']
      server: [cloudflare]
      set-cookie: ['__cfduid=de5d231b869456d1f95d66962e4df82351521528457; expires=Wed,
          20-Mar-19 06:47:37 GMT; path=/; domain=.digitalocean.com; HttpOnly']
      transfer-encoding: [chunked]
      x-content-type-options: [nosniff]
      x-frame-options: [SAMEORIGIN]
      x-gateway: [Edge-Gateway]
      x-request-id: [fead5d14-bae0-4c3b-9488-8081ce7378fa]
      x-response-from: [service]
      x-runtime: ['0.161286']
      x-xss-protection: [1; mode=block]
    status: {code: 200, message: OK}
- request:
    body: !!python/unicode '{"data": "challengetoken2", "type": "TXT", "name": "_acme-challenge.createrecordset"}'
    headers:
      Accept: [application/json]
      Accept-Encoding: ['gzip, deflate']
      Connection: [keep-alive]
      Content-Length: ['85']
      Content-Type: [application/json]
      User-Agent: [python-requests/2.18.4]
    method: POST
    uri: https://api.digitalocean.com/v2/domains/capsulecd.com/records
  response:
    body: {string: !!python/unicode '{"domain_record":{"id":38629394,"type":"TXT","name":"_acme-challenge.createrecordset","data":"challengetoken2","priority":null,"port":null,"ttl":1800,"weight":null,"flags":null,"tag":null}}'}
    headers:
      cache-control: ['max-age=0, private, must-revalidate']
      cf-ray: [3fe63a7eeaa692c4-SJC]
      connection: [keep-alive]
      content-length: ['189']
      content-type: [application/json; charset=utf-8]
      date: ['Tue, 20 Mar 2018 06:47:38 GMT']
      etag: ['"d769c14b49c5578ee920c6cd628b6ec5"']
      expect-ct: ['max-age=604800, report-uri="https://report-uri.cloudflare.com/cdn-cgi/beacon/expect-ct"']
      ratelimit-limit: ['5000']
      ratelimit-remaining: ['4755']
      ratelimit-reset: ['1521525195']
      server: [cloudflare]
      set-cookie: ['__cfduid=d66655f1f3c7a4230c65c17ed8956b0361521528458; expires=Wed,
          20-Mar-19 06:47:38 GMT; path=/; domain=.digitalocean.com; HttpOnly']
      x-content-type-options: [nosniff]
      x-frame-options: [SAMEORIGIN]
      x-gateway: [Edge-Gateway]
      x-request-id: [4e33c6cf-1a63-4f55-90f9-f49d35d72057]
      x-response-from: [service]
      x-runtime: ['0.364808']
      x-xss-protection: [1; mode=block]
    status: {code: 201, message: Created}
version: 1
