interactions:
- request:
    body: !!python/unicode '{"params": {"domain": "example.com"}, "method": "get-domain"}'
    headers:
      Accept:
      - application/json
      Accept-Encoding:
      - gzip, deflate
      Connection:
      - keep-alive
      Content-Length:
      - '59'
      Content-Type:
      - application/json
      User-Agent:
      - python-requests/2.23.0
    method: POST
    uri: https://njal.la/api/1/
  response:
    body:
      string: !!python/unicode '{"result": {"name": "example.com", "status": "active",
        "expiry": "2020-06-29T23:53:03Z", "mailforwarding": false, "max_nameservers":
        10}, "jsonrpc": "2.0"}

        '
    headers:
      connection:
      - keep-alive
      content-length:
      - '154'
      content-security-policy:
      - script-src 'self' 'unsafe-inline'
      content-type:
      - application/json; charset=utf-8
      date:
      - Sun, 26 Apr 2020 23:59:00 GMT
      referrer-policy:
      - same-origin
      server:
      - nginx/1.14.2
      set-cookie:
      - csrftoken=cihZg3e62TjWIRli8Ra4rogVzmMYwZY77pmSmMkUl3RKxvgbiEMdD336ZPweHdLy;
        expires=Sun, 25-Apr-2021 23:59:00 GMT; Max-Age=31449600; Path=/
      - sessionid=nzjrqwvb8n81frmtfvly0f9izge3385j; expires=Sun, 10-May-2020 23:59:00
        GMT; HttpOnly; Max-Age=1209600; Path=/; Secure
      strict-transport-security:
      - max-age=31536000; includeSubDomains
      transfer-encoding:
      - chunked
      vary:
      - Accept-Encoding
      - Cookie
      x-content-type-options:
      - nosniff
      x-frame-options:
      - SAMEORIGIN
      x-xss-protection:
      - 1; mode=block
    status:
      code: 200
      message: OK
- request:
    body: !!python/unicode '{"params": {"content": "challengetoken", "domain": "example.com",
      "type": "TXT", "name": "delete.testfull.example.com", "ttl": 3600}, "method":
      "add-record"}'
    headers:
      Accept:
      - application/json
      Accept-Encoding:
      - gzip, deflate
      Connection:
      - keep-alive
      Content-Length:
      - '153'
      Content-Type:
      - application/json
      User-Agent:
      - python-requests/2.23.0
    method: POST
    uri: https://njal.la/api/1/
  response:
    body:
      string: !!python/unicode '{"result": {"id": 133770, "name": "delete.testfull",
        "type": "TXT", "content": "challengetoken", "ttl": 3600}, "jsonrpc": "2.0"}

        '
    headers:
      connection:
      - keep-alive
      content-length:
      - '129'
      content-security-policy:
      - script-src 'self' 'unsafe-inline'
      content-type:
      - application/json; charset=utf-8
      date:
      - Sun, 26 Apr 2020 23:59:01 GMT
      referrer-policy:
      - same-origin
      server:
      - nginx/1.14.2
      set-cookie:
      - csrftoken=wYsHPbnj1yCxCeS7iXXjQp3bbhRqfLwyy65TXwHhCUNU1afbvIeheXSPclfI2GIt;
        expires=Sun, 25-Apr-2021 23:59:01 GMT; Max-Age=31449600; Path=/
      - sessionid=u7tbyieoe5y29d4vp9s1x9jhvekn7ilt; expires=Sun, 10-May-2020 23:59:01
        GMT; HttpOnly; Max-Age=1209600; Path=/; Secure
      strict-transport-security:
      - max-age=31536000; includeSubDomains
      transfer-encoding:
      - chunked
      vary:
      - Accept-Encoding
      - Cookie
      x-content-type-options:
      - nosniff
      x-frame-options:
      - SAMEORIGIN
      x-xss-protection:
      - 1; mode=block
    status:
      code: 200
      message: OK
- request:
    body: !!python/unicode '{"params": {"domain": "example.com"}, "method": "list-records"}'
    headers:
      Accept:
      - application/json
      Accept-Encoding:
      - gzip, deflate
      Connection:
      - keep-alive
      Content-Length:
      - '61'
      Content-Type:
      - application/json
      User-Agent:
      - python-requests/2.23.0
    method: POST
    uri: https://njal.la/api/1/
  response:
    body:
      string: !!python/unicode '{"result": {"records": [{"id": 133763, "name": "localhost",
        "type": "A", "content": "127.0.0.1", "ttl": 3600}, {"id": 133764, "name":
        "docs", "type": "CNAME", "content": "docs.example.com", "ttl": 3600}, {"id":
        133765, "name": "_acme-challenge.fqdn", "type": "TXT", "content": "challengetoken",
        "ttl": 3600}, {"id": 133766, "name": "_acme-challenge.full", "type": "TXT",
        "content": "challengetoken", "ttl": 3600}, {"id": 133767, "name": "_acme-challenge.test",
        "type": "TXT", "content": "challengetoken", "ttl": 3600}, {"id": 133770, "name":
        "delete.testfull", "type": "TXT", "content": "challengetoken", "ttl": 3600}]},
        "jsonrpc": "2.0"}

        '
    headers:
      connection:
      - keep-alive
      content-length:
      - '916'
      content-security-policy:
      - script-src 'self' 'unsafe-inline'
      content-type:
      - application/json; charset=utf-8
      date:
      - Sun, 26 Apr 2020 23:59:02 GMT
      referrer-policy:
      - same-origin
      server:
      - nginx/1.14.2
      set-cookie:
      - csrftoken=95klpKeCsiuuGLNzK2jktAsnpO2Kij1ufWZ1IXodREmqZXZPF0QMnuzGrCxe3Hv9;
        expires=Sun, 25-Apr-2021 23:59:02 GMT; Max-Age=31449600; Path=/
      - sessionid=w3kxl3moszo0cbgw0hb6kohu2sqp898h; expires=Sun, 10-May-2020 23:59:02
        GMT; HttpOnly; Max-Age=1209600; Path=/; Secure
      strict-transport-security:
      - max-age=31536000; includeSubDomains
      transfer-encoding:
      - chunked
      vary:
      - Accept-Encoding
      - Cookie
      x-content-type-options:
      - nosniff
      x-frame-options:
      - SAMEORIGIN
      x-xss-protection:
      - 1; mode=block
    status:
      code: 200
      message: OK
- request:
    body: !!python/unicode '{"params": {"domain": "example.com", "id": 133770}, "method":
      "remove-record"}'
    headers:
      Accept:
      - application/json
      Accept-Encoding:
      - gzip, deflate
      Connection:
      - keep-alive
      Content-Length:
      - '76'
      Content-Type:
      - application/json
      User-Agent:
      - python-requests/2.23.0
    method: POST
    uri: https://njal.la/api/1/
  response:
    body:
      string: !!python/unicode '{"result": {}, "jsonrpc": "2.0"}

        '
    headers:
      connection:
      - keep-alive
      content-length:
      - '33'
      content-security-policy:
      - script-src 'self' 'unsafe-inline'
      content-type:
      - application/json; charset=utf-8
      date:
      - Sun, 26 Apr 2020 23:59:03 GMT
      referrer-policy:
      - same-origin
      server:
      - nginx/1.14.2
      set-cookie:
      - csrftoken=9Bpn35iPQDa53G2FgxME9sc1yC8HZrlxtQAWGu6FiTK6zyI8XTtp6w44xI9whOBR;
        expires=Sun, 25-Apr-2021 23:59:03 GMT; Max-Age=31449600; Path=/
      - sessionid=qap16739zhzs3bchdfumo2jlw5lypkhs; expires=Sun, 10-May-2020 23:59:03
        GMT; HttpOnly; Max-Age=1209600; Path=/; Secure
      strict-transport-security:
      - max-age=31536000; includeSubDomains
      transfer-encoding:
      - chunked
      vary:
      - Accept-Encoding
      - Cookie
      x-content-type-options:
      - nosniff
      x-frame-options:
      - SAMEORIGIN
      x-xss-protection:
      - 1; mode=block
    status:
      code: 200
      message: OK
- request:
    body: !!python/unicode '{"params": {"domain": "example.com"}, "method": "list-records"}'
    headers:
      Accept:
      - application/json
      Accept-Encoding:
      - gzip, deflate
      Connection:
      - keep-alive
      Content-Length:
      - '61'
      Content-Type:
      - application/json
      User-Agent:
      - python-requests/2.23.0
    method: POST
    uri: https://njal.la/api/1/
  response:
    body:
      string: !!python/unicode '{"result": {"records": [{"id": 133763, "name": "localhost",
        "type": "A", "content": "127.0.0.1", "ttl": 3600}, {"id": 133764, "name":
        "docs", "type": "CNAME", "content": "docs.example.com", "ttl": 3600}, {"id":
        133765, "name": "_acme-challenge.fqdn", "type": "TXT", "content": "challengetoken",
        "ttl": 3600}, {"id": 133766, "name": "_acme-challenge.full", "type": "TXT",
        "content": "challengetoken", "ttl": 3600}, {"id": 133767, "name": "_acme-challenge.test",
        "type": "TXT", "content": "challengetoken", "ttl": 3600}]}, "jsonrpc": "2.0"}

        '
    headers:
      connection:
      - keep-alive
      content-length:
      - '816'
      content-security-policy:
      - script-src 'self' 'unsafe-inline'
      content-type:
      - application/json; charset=utf-8
      date:
      - Sun, 26 Apr 2020 23:59:03 GMT
      referrer-policy:
      - same-origin
      server:
      - nginx/1.14.2
      set-cookie:
      - csrftoken=QJL2xjzXSkVtblJr36wp1sxdQeWbm29JX12ugJuSgMKA0VfVWhd9QRjOqd9bxNmI;
        expires=Sun, 25-Apr-2021 23:59:03 GMT; Max-Age=31449600; Path=/
      - sessionid=oq2n3a6op7s0iobpq4u6vm7yfk3uuugj; expires=Sun, 10-May-2020 23:59:03
        GMT; HttpOnly; Max-Age=1209600; Path=/; Secure
      strict-transport-security:
      - max-age=31536000; includeSubDomains
      transfer-encoding:
      - chunked
      vary:
      - Accept-Encoding
      - Cookie
      x-content-type-options:
      - nosniff
      x-frame-options:
      - SAMEORIGIN
      x-xss-protection:
      - 1; mode=block
    status:
      code: 200
      message: OK
version: 1
