interactions:
- request:
    body: !!python/unicode '{}'
    headers:
      Accept: [application/json]
      Accept-Encoding: ['gzip, deflate']
      Connection: [keep-alive]
      Content-Length: ['2']
      Content-Type: [application/json]
      User-Agent: [python-requests/2.18.4]
    method: GET
    uri: https://pointhq.com/zones/capsulecd.com
  response:
    body: {string: !!python/unicode '{"zone":{"id":170389,"name":"capsulecd.com","group":"Default
        Group","user-id":26963,"ttl":3600}}'}
    headers:
      access-control-allow-origin: ['*']
      cache-control: ['must-revalidate, private, max-age=0', max-age=3600, no-cache="set-cookie"]
      connection: [keep-alive]
      content-length: ['96']
      content-type: [application/json]
      date: ['Fri, 23 Mar 2018 06:28:07 GMT']
      etag: ['"64759825f5fbcfb9ee3f1ac1c0819f88"']
      server: [nginx]
      set-cookie: [_passenger_route=1912600398; Path=/, AWSELB=7F9BF9B5028D24F72AB6FC4853D7E89FEFE964A037995DE72D38766FB5F397275FDAFAA7D1FB632A2DAFA326A2C02407F68C0AEFEF9286542B7B5AB062DDE4DBB44D319B80;PATH=/;MAX-AGE=3600]
      status: [200 OK]
      x-content-type-options: [nosniff]
      x-frame-options: [SAMEORIGIN]
      x-rack-cache: [miss]
      x-request-id: [27aee8b0db02bd74937a47f6a7b2bb73]
      x-runtime: ['0.109367']
      x-ua-compatible: ['IE=Edge,chrome=1']
      x-xss-protection: [1; mode=block]
    status: {code: 200, message: OK}
- request:
    body: !!python/unicode '{}'
    headers:
      Accept: [application/json]
      Accept-Encoding: ['gzip, deflate']
      Connection: [keep-alive]
      Content-Length: ['2']
      Content-Type: [application/json]
      User-Agent: [python-requests/2.18.4]
    method: GET
    uri: https://pointhq.com/zones/170389/records?record_type=A&name=localhost
  response:
    body: {string: !!python/unicode '[]'}
    headers:
      access-control-allow-origin: ['*']
      cache-control: ['must-revalidate, private, max-age=0', max-age=3600, no-cache="set-cookie"]
      connection: [keep-alive]
      content-length: ['2']
      content-type: [application/json]
      date: ['Fri, 23 Mar 2018 06:28:08 GMT']
      etag: ['"d751713988987e9331980363e24189ce"']
      server: [nginx]
      set-cookie: [_passenger_route=940398241; Path=/, AWSELB=7F9BF9B5028D24F72AB6FC4853D7E89FEFE964A037995DE72D38766FB5F397275FDAFAA7D1793130BF4EE137586FA70779F8E6C66D9B25AC5E01283C6B73F262A3C4C24ADD;PATH=/;MAX-AGE=3600]
      status: [200 OK]
      x-content-type-options: [nosniff]
      x-frame-options: [SAMEORIGIN]
      x-rack-cache: [miss]
      x-request-id: [29aa4c9d038102cc1df53ca938e12804]
      x-runtime: ['0.102019']
      x-ua-compatible: ['IE=Edge,chrome=1']
      x-xss-protection: [1; mode=block]
    status: {code: 200, message: OK}
- request:
    body: !!python/unicode '{"zone_record": {"record_type": "A", "data": "127.0.0.1",
      "name": "localhost"}}'
    headers:
      Accept: [application/json]
      Accept-Encoding: ['gzip, deflate']
      Connection: [keep-alive]
      Content-Length: ['79']
      Content-Type: [application/json]
      User-Agent: [python-requests/2.18.4]
    method: POST
    uri: https://pointhq.com/zones/170389/records
  response:
    body: {string: !!python/unicode '{"zone_record":{"name":"localhost.capsulecd.com.","data":"127.0.0.1","id":1678593517,"aux":null,"record_type":"A","ttl":3600,"zone_id":170389}}'}
    headers:
      access-control-allow-origin: ['*']
      cache-control: ['max-age=0, private, must-revalidate', max-age=3600, no-cache="set-cookie"]
      connection: [keep-alive]
      content-length: ['143']
      content-type: [application/json]
      date: ['Fri, 23 Mar 2018 06:28:09 GMT']
      etag: ['"b9ed6e10c11d467d901d55c49af60501"']
      server: [nginx]
      set-cookie: [_passenger_route=940398241; Path=/, AWSELB=7F9BF9B5028D24F72AB6FC4853D7E89FEFE964A037995DE72D38766FB5F397275FDAFAA7D1793130BF4EE137586FA70779F8E6C66D9B25AC5E01283C6B73F262A3C4C24ADD;PATH=/;MAX-AGE=3600]
      status: [201 Created]
      x-content-type-options: [nosniff]
      x-frame-options: [SAMEORIGIN]
      x-rack-cache: ['invalidate, pass']
      x-request-id: [2b5308ff89818c9bf72cf0f474c4cf08]
      x-runtime: ['0.162336']
      x-ua-compatible: ['IE=Edge,chrome=1']
      x-xss-protection: [1; mode=block]
    status: {code: 201, message: Created}
version: 1
