interactions:
- request:
    body: grant_type=client_credentials
    headers:
      Accept:
      - '*/*'
      Accept-Encoding:
      - gzip, deflate
      Connection:
      - keep-alive
      Content-Length:
      - '29'
      Content-Type:
      - application/x-www-form-urlencoded
      User-Agent:
      - python-requests/2.25.1
    method: POST
    uri: https://auth.mythic-beasts.com/login
  response:
    body:
      string: '{"access_token": "DUMMY_TOKEN","expires_in":300,"token_type":"bearer"}

        '
    headers:
      Connection:
      - Keep-Alive
      Content-Length:
      - '75'
      Content-Type:
      - application/json
      Date:
      - Thu, 18 Mar 2021 16:14:15 GMT
      Keep-Alive:
      - timeout=5, max=100
      Server:
      - Apache/2.4.38 (Debian)
    status:
      code: 200
      message: OK
- request:
    body: '{}'
    headers:
      Accept:
      - '*/*'
      Accept-Encoding:
      - gzip, deflate
      Connection:
      - keep-alive
      Content-Length:
      - '2'
      Content-Type:
      - application/json
      User-Agent:
      - python-requests/2.25.1
    method: GET
    uri: https://api.mythic-beasts.com/dns/v2/zones
  response:
    body:
      string: '{"zones":["lexitus.co.uk"]}

        '
    headers:
      Connection:
      - Keep-Alive
      Content-Length:
      - '28'
      Content-Type:
      - application/json
      Date:
      - Thu, 18 Mar 2021 16:14:17 GMT
      Keep-Alive:
      - timeout=5, max=100
      Server:
      - Apache/2.4.38 (Debian)
    status:
      code: 200
      message: OK
- request:
    body: '{"records": [{"host": "_acme-challenge.test", "type": "TXT", "data": "challengetoken",
      "ttl": 3600}]}'
    headers:
      Accept:
      - '*/*'
      Accept-Encoding:
      - gzip, deflate
      Connection:
      - keep-alive
      Content-Length:
      - '101'
      Content-Type:
      - application/json
      User-Agent:
      - python-requests/2.25.1
    method: POST
    uri: https://api.mythic-beasts.com/dns/v2/zones/lexitus.co.uk/records
  response:
    body:
      string: '{"message":"1 records added","records_added":1}

        '
    headers:
      Connection:
      - Keep-Alive
      Content-Length:
      - '48'
      Content-Type:
      - application/json
      Date:
      - Thu, 18 Mar 2021 16:14:17 GMT
      Keep-Alive:
      - timeout=5, max=100
      Server:
      - Apache/2.4.38 (Debian)
    status:
      code: 200
      message: OK
- request:
    body: '{}'
    headers:
      Accept:
      - '*/*'
      Accept-Encoding:
      - gzip, deflate
      Connection:
      - keep-alive
      Content-Length:
      - '2'
      Content-Type:
      - application/json
      User-Agent:
      - python-requests/2.25.1
    method: GET
    uri: https://api.mythic-beasts.com/dns/v2/zones/lexitus.co.uk/records/_acme-challenge.test/TXT?verify
  response:
    body:
      string: "{\n  \"errors\": [\n    \"Received 0 record(s), expected 1 from ns1.mythic-beasts.com.\",\n
        \   \"Received 0 record(s), expected 1 from ns2.mythic-beasts.com.\"\n  ]\n}"
    headers:
      Connection:
      - Keep-Alive
      Content-Length:
      - '156'
      Content-Type:
      - application/json
      Date:
      - Thu, 18 Mar 2021 16:14:18 GMT
      Keep-Alive:
      - timeout=5, max=100
      Server:
      - Apache/2.4.38 (Debian)
    status:
      code: 409
      message: Inconsistent
- request:
    body: '{}'
    headers:
      Accept:
      - '*/*'
      Accept-Encoding:
      - gzip, deflate
      Connection:
      - keep-alive
      Content-Length:
      - '2'
      Content-Type:
      - application/json
      User-Agent:
      - python-requests/2.25.1
    method: GET
    uri: https://api.mythic-beasts.com/dns/v2/zones/lexitus.co.uk/records/_acme-challenge.test/TXT?verify
  response:
    body:
      string: "{\n  \"errors\": [\n    \"Received 0 record(s), expected 1 from ns1.mythic-beasts.com.\",\n
        \   \"Received 0 record(s), expected 1 from ns2.mythic-beasts.com.\"\n  ]\n}"
    headers:
      Connection:
      - Keep-Alive
      Content-Length:
      - '156'
      Content-Type:
      - application/json
      Date:
      - Thu, 18 Mar 2021 16:14:28 GMT
      Keep-Alive:
      - timeout=5, max=100
      Server:
      - Apache/2.4.38 (Debian)
    status:
      code: 409
      message: Inconsistent
- request:
    body: '{}'
    headers:
      Accept:
      - '*/*'
      Accept-Encoding:
      - gzip, deflate
      Connection:
      - keep-alive
      Content-Length:
      - '2'
      Content-Type:
      - application/json
      User-Agent:
      - python-requests/2.25.1
    method: GET
    uri: https://api.mythic-beasts.com/dns/v2/zones/lexitus.co.uk/records/_acme-challenge.test/TXT?verify
  response:
    body:
      string: "{\n  \"errors\": [\n    \"Received 0 record(s), expected 1 from ns1.mythic-beasts.com.\",\n
        \   \"Received 0 record(s), expected 1 from ns2.mythic-beasts.com.\"\n  ]\n}"
    headers:
      Connection:
      - Keep-Alive
      Content-Length:
      - '156'
      Content-Type:
      - application/json
      Date:
      - Thu, 18 Mar 2021 16:14:39 GMT
      Keep-Alive:
      - timeout=5, max=100
      Server:
      - Apache/2.4.38 (Debian)
    status:
      code: 409
      message: Inconsistent
- request:
    body: '{}'
    headers:
      Accept:
      - '*/*'
      Accept-Encoding:
      - gzip, deflate
      Connection:
      - keep-alive
      Content-Length:
      - '2'
      Content-Type:
      - application/json
      User-Agent:
      - python-requests/2.25.1
    method: GET
    uri: https://api.mythic-beasts.com/dns/v2/zones/lexitus.co.uk/records/_acme-challenge.test/TXT?verify
  response:
    body:
      string: "{\n  \"errors\": [\n    \"Received 0 record(s), expected 1 from ns1.mythic-beasts.com.\",\n
        \   \"Received 0 record(s), expected 1 from ns2.mythic-beasts.com.\"\n  ]\n}"
    headers:
      Connection:
      - Keep-Alive
      Content-Length:
      - '156'
      Content-Type:
      - application/json
      Date:
      - Thu, 18 Mar 2021 16:14:49 GMT
      Keep-Alive:
      - timeout=5, max=100
      Server:
      - Apache/2.4.38 (Debian)
    status:
      code: 409
      message: Inconsistent
- request:
    body: '{}'
    headers:
      Accept:
      - '*/*'
      Accept-Encoding:
      - gzip, deflate
      Connection:
      - keep-alive
      Content-Length:
      - '2'
      Content-Type:
      - application/json
      User-Agent:
      - python-requests/2.25.1
    method: GET
    uri: https://api.mythic-beasts.com/dns/v2/zones/lexitus.co.uk/records/_acme-challenge.test/TXT?verify
  response:
    body:
      string: "{\n  \"errors\": [\n    \"Received 0 record(s), expected 1 from ns1.mythic-beasts.com.\",\n
        \   \"Received 0 record(s), expected 1 from ns2.mythic-beasts.com.\"\n  ]\n}"
    headers:
      Connection:
      - Keep-Alive
      Content-Length:
      - '156'
      Content-Type:
      - application/json
      Date:
      - Thu, 18 Mar 2021 16:15:00 GMT
      Keep-Alive:
      - timeout=5, max=100
      Server:
      - Apache/2.4.38 (Debian)
    status:
      code: 409
      message: Inconsistent
- request:
    body: '{}'
    headers:
      Accept:
      - '*/*'
      Accept-Encoding:
      - gzip, deflate
      Connection:
      - keep-alive
      Content-Length:
      - '2'
      Content-Type:
      - application/json
      User-Agent:
      - python-requests/2.25.1
    method: GET
    uri: https://api.mythic-beasts.com/dns/v2/zones/lexitus.co.uk/records/_acme-challenge.test/TXT?verify
  response:
    body:
      string: '{"records":[{"data":"challengetoken","host":"_acme-challenge.test","ttl":3600,"type":"TXT"}]}

        '
    headers:
      Connection:
      - Keep-Alive
      Content-Length:
      - '94'
      Content-Type:
      - application/json
      Date:
      - Thu, 18 Mar 2021 16:15:10 GMT
      Keep-Alive:
      - timeout=5, max=100
      Server:
      - Apache/2.4.38 (Debian)
    status:
      code: 200
      message: OK
version: 1
