interactions:
- request:
    body: grant_type=client_credentials
    headers:
      Accept:
      - '*/*'
      Accept-Encoding:
      - gzip, deflate
      Connection:
      - keep-alive
      Content-Length:
      - '29'
      Content-Type:
      - application/x-www-form-urlencoded
      User-Agent:
      - python-requests/2.25.1
    method: POST
    uri: https://auth.mythic-beasts.com/login
  response:
    body:
      string: '{"access_token":"jhj8a7ryy.puKskl","expires_in":300,"token_type":"bearer"}

        '
    headers:
      Connection:
      - Keep-Alive
      Content-Length:
      - '75'
      Content-Type:
      - application/json
      Date:
      - Thu, 18 Mar 2021 16:25:16 GMT
      Keep-Alive:
      - timeout=5, max=100
      Server:
      - Apache/2.4.38 (Debian)
    status:
      code: 200
      message: OK
- request:
    body: '{}'
    headers:
      Accept:
      - '*/*'
      Accept-Encoding:
      - gzip, deflate
      Connection:
      - keep-alive
      Content-Length:
      - '2'
      Content-Type:
      - application/json
      User-Agent:
      - python-requests/2.25.1
    method: GET
    uri: https://api.mythic-beasts.com/dns/v2/zones
  response:
    body:
      string: '{"zones":["lexitus.co.uk"]}

        '
    headers:
      Connection:
      - Keep-Alive
      Content-Length:
      - '28'
      Content-Type:
      - application/json
      Date:
      - Thu, 18 Mar 2021 16:25:17 GMT
      Keep-Alive:
      - timeout=5, max=100
      Server:
      - Apache/2.4.38 (Debian)
    status:
      code: 200
      message: OK
- request:
    body: '{"records": [{"host": "_acme-challenge.deleterecordset", "type": "TXT",
      "data": "challengetoken1", "ttl": 3600}]}'
    headers:
      Accept:
      - '*/*'
      Accept-Encoding:
      - gzip, deflate
      Connection:
      - keep-alive
      Content-Length:
      - '113'
      Content-Type:
      - application/json
      User-Agent:
      - python-requests/2.25.1
    method: POST
    uri: https://api.mythic-beasts.com/dns/v2/zones/lexitus.co.uk/records
  response:
    body:
      string: '{"message":"1 records added","records_added":1}

        '
    headers:
      Connection:
      - Keep-Alive
      Content-Length:
      - '48'
      Content-Type:
      - application/json
      Date:
      - Thu, 18 Mar 2021 16:25:17 GMT
      Keep-Alive:
      - timeout=5, max=100
      Server:
      - Apache/2.4.38 (Debian)
    status:
      code: 200
      message: OK
- request:
    body: '{}'
    headers:
      Accept:
      - '*/*'
      Accept-Encoding:
      - gzip, deflate
      Connection:
      - keep-alive
      Content-Length:
      - '2'
      Content-Type:
      - application/json
      User-Agent:
      - python-requests/2.25.1
    method: GET
    uri: https://api.mythic-beasts.com/dns/v2/zones/lexitus.co.uk/records/_acme-challenge.deleterecordset/TXT?verify
  response:
    body:
      string: "{\n  \"errors\": [\n    \"Received 0 record(s), expected 1 from ns1.mythic-beasts.com.\",\n
        \   \"Received 0 record(s), expected 1 from ns2.mythic-beasts.com.\"\n  ]\n}"
    headers:
      Connection:
      - Keep-Alive
      Content-Length:
      - '156'
      Content-Type:
      - application/json
      Date:
      - Thu, 18 Mar 2021 16:25:17 GMT
      Keep-Alive:
      - timeout=5, max=100
      Server:
      - Apache/2.4.38 (Debian)
    status:
      code: 409
      message: Inconsistent
- request:
    body: '{}'
    headers:
      Accept:
      - '*/*'
      Accept-Encoding:
      - gzip, deflate
      Connection:
      - keep-alive
      Content-Length:
      - '2'
      Content-Type:
      - application/json
      User-Agent:
      - python-requests/2.25.1
    method: GET
    uri: https://api.mythic-beasts.com/dns/v2/zones/lexitus.co.uk/records/_acme-challenge.deleterecordset/TXT?verify
  response:
    body:
      string: "{\n  \"errors\": [\n    \"Received 0 record(s), expected 1 from ns1.mythic-beasts.com.\",\n
        \   \"Received 0 record(s), expected 1 from ns2.mythic-beasts.com.\"\n  ]\n}"
    headers:
      Connection:
      - Keep-Alive
      Content-Length:
      - '156'
      Content-Type:
      - application/json
      Date:
      - Thu, 18 Mar 2021 16:25:28 GMT
      Keep-Alive:
      - timeout=5, max=100
      Server:
      - Apache/2.4.38 (Debian)
    status:
      code: 409
      message: Inconsistent
- request:
    body: '{}'
    headers:
      Accept:
      - '*/*'
      Accept-Encoding:
      - gzip, deflate
      Connection:
      - keep-alive
      Content-Length:
      - '2'
      Content-Type:
      - application/json
      User-Agent:
      - python-requests/2.25.1
    method: GET
    uri: https://api.mythic-beasts.com/dns/v2/zones/lexitus.co.uk/records/_acme-challenge.deleterecordset/TXT?verify
  response:
    body:
      string: "{\n  \"errors\": [\n    \"Received 0 record(s), expected 1 from ns1.mythic-beasts.com.\",\n
        \   \"Received 0 record(s), expected 1 from ns2.mythic-beasts.com.\"\n  ]\n}"
    headers:
      Connection:
      - Keep-Alive
      Content-Length:
      - '156'
      Content-Type:
      - application/json
      Date:
      - Thu, 18 Mar 2021 16:25:38 GMT
      Keep-Alive:
      - timeout=5, max=100
      Server:
      - Apache/2.4.38 (Debian)
    status:
      code: 409
      message: Inconsistent
- request:
    body: '{}'
    headers:
      Accept:
      - '*/*'
      Accept-Encoding:
      - gzip, deflate
      Connection:
      - keep-alive
      Content-Length:
      - '2'
      Content-Type:
      - application/json
      User-Agent:
      - python-requests/2.25.1
    method: GET
    uri: https://api.mythic-beasts.com/dns/v2/zones/lexitus.co.uk/records/_acme-challenge.deleterecordset/TXT?verify
  response:
    body:
      string: "{\n  \"errors\": [\n    \"Received 0 record(s), expected 1 from ns1.mythic-beasts.com.\",\n
        \   \"Received 0 record(s), expected 1 from ns2.mythic-beasts.com.\"\n  ]\n}"
    headers:
      Connection:
      - Keep-Alive
      Content-Length:
      - '156'
      Content-Type:
      - application/json
      Date:
      - Thu, 18 Mar 2021 16:25:49 GMT
      Keep-Alive:
      - timeout=5, max=100
      Server:
      - Apache/2.4.38 (Debian)
    status:
      code: 409
      message: Inconsistent
- request:
    body: '{}'
    headers:
      Accept:
      - '*/*'
      Accept-Encoding:
      - gzip, deflate
      Connection:
      - keep-alive
      Content-Length:
      - '2'
      Content-Type:
      - application/json
      User-Agent:
      - python-requests/2.25.1
    method: GET
    uri: https://api.mythic-beasts.com/dns/v2/zones/lexitus.co.uk/records/_acme-challenge.deleterecordset/TXT?verify
  response:
    body:
      string: "{\n  \"errors\": [\n    \"Received 0 record(s), expected 1 from ns1.mythic-beasts.com.\",\n
        \   \"Received 0 record(s), expected 1 from ns2.mythic-beasts.com.\"\n  ]\n}"
    headers:
      Connection:
      - Keep-Alive
      Content-Length:
      - '156'
      Content-Type:
      - application/json
      Date:
      - Thu, 18 Mar 2021 16:25:59 GMT
      Keep-Alive:
      - timeout=5, max=100
      Server:
      - Apache/2.4.38 (Debian)
    status:
      code: 409
      message: Inconsistent
- request:
    body: '{}'
    headers:
      Accept:
      - '*/*'
      Accept-Encoding:
      - gzip, deflate
      Connection:
      - keep-alive
      Content-Length:
      - '2'
      Content-Type:
      - application/json
      User-Agent:
      - python-requests/2.25.1
    method: GET
    uri: https://api.mythic-beasts.com/dns/v2/zones/lexitus.co.uk/records/_acme-challenge.deleterecordset/TXT?verify
  response:
    body:
      string: "{\n  \"errors\": [\n    \"Received 0 record(s), expected 1 from ns1.mythic-beasts.com.\",\n
        \   \"Received 0 record(s), expected 1 from ns2.mythic-beasts.com.\"\n  ]\n}"
    headers:
      Connection:
      - Keep-Alive
      Content-Length:
      - '156'
      Content-Type:
      - application/json
      Date:
      - Thu, 18 Mar 2021 16:26:10 GMT
      Keep-Alive:
      - timeout=5, max=100
      Server:
      - Apache/2.4.38 (Debian)
    status:
      code: 409
      message: Inconsistent
- request:
    body: '{}'
    headers:
      Accept:
      - '*/*'
      Accept-Encoding:
      - gzip, deflate
      Connection:
      - keep-alive
      Content-Length:
      - '2'
      Content-Type:
      - application/json
      User-Agent:
      - python-requests/2.25.1
    method: GET
    uri: https://api.mythic-beasts.com/dns/v2/zones/lexitus.co.uk/records/_acme-challenge.deleterecordset/TXT?verify
  response:
    body:
      string: "{\n  \"errors\": [\n    \"Received 0 record(s), expected 1 from ns1.mythic-beasts.com.\",\n
        \   \"Received 0 record(s), expected 1 from ns2.mythic-beasts.com.\"\n  ]\n}"
    headers:
      Connection:
      - Keep-Alive
      Content-Length:
      - '156'
      Content-Type:
      - application/json
      Date:
      - Thu, 18 Mar 2021 16:26:20 GMT
      Keep-Alive:
      - timeout=5, max=100
      Server:
      - Apache/2.4.38 (Debian)
    status:
      code: 409
      message: Inconsistent
- request:
    body: '{}'
    headers:
      Accept:
      - '*/*'
      Accept-Encoding:
      - gzip, deflate
      Connection:
      - keep-alive
      Content-Length:
      - '2'
      Content-Type:
      - application/json
      User-Agent:
      - python-requests/2.25.1
    method: GET
    uri: https://api.mythic-beasts.com/dns/v2/zones/lexitus.co.uk/records/_acme-challenge.deleterecordset/TXT?verify
  response:
    body:
      string: '{"records":[{"data":"challengetoken1","host":"_acme-challenge.deleterecordset","ttl":3600,"type":"TXT"}]}

        '
    headers:
      Connection:
      - Keep-Alive
      Content-Length:
      - '106'
      Content-Type:
      - application/json
      Date:
      - Thu, 18 Mar 2021 16:26:31 GMT
      Keep-Alive:
      - timeout=5, max=100
      Server:
      - Apache/2.4.38 (Debian)
    status:
      code: 200
      message: OK
- request:
    body: '{"records": [{"host": "_acme-challenge.deleterecordset", "type": "TXT",
      "data": "challengetoken2", "ttl": 3600}]}'
    headers:
      Accept:
      - '*/*'
      Accept-Encoding:
      - gzip, deflate
      Connection:
      - keep-alive
      Content-Length:
      - '113'
      Content-Type:
      - application/json
      User-Agent:
      - python-requests/2.25.1
    method: POST
    uri: https://api.mythic-beasts.com/dns/v2/zones/lexitus.co.uk/records
  response:
    body:
      string: '{"message":"1 records added","records_added":1}

        '
    headers:
      Connection:
      - Keep-Alive
      Content-Length:
      - '48'
      Content-Type:
      - application/json
      Date:
      - Thu, 18 Mar 2021 16:26:31 GMT
      Keep-Alive:
      - timeout=5, max=100
      Server:
      - Apache/2.4.38 (Debian)
    status:
      code: 200
      message: OK
- request:
    body: '{}'
    headers:
      Accept:
      - '*/*'
      Accept-Encoding:
      - gzip, deflate
      Connection:
      - keep-alive
      Content-Length:
      - '2'
      Content-Type:
      - application/json
      User-Agent:
      - python-requests/2.25.1
    method: GET
    uri: https://api.mythic-beasts.com/dns/v2/zones/lexitus.co.uk/records/_acme-challenge.deleterecordset/TXT?verify
  response:
    body:
      string: "{\n  \"errors\": [\n    \"Received 1 record(s), expected 2 from ns1.mythic-beasts.com.\",\n
        \   \"Received 1 record(s), expected 2 from ns2.mythic-beasts.com.\"\n  ]\n}"
    headers:
      Connection:
      - Keep-Alive
      Content-Length:
      - '156'
      Content-Type:
      - application/json
      Date:
      - Thu, 18 Mar 2021 16:26:32 GMT
      Keep-Alive:
      - timeout=5, max=100
      Server:
      - Apache/2.4.38 (Debian)
    status:
      code: 409
      message: Inconsistent
- request:
    body: '{}'
    headers:
      Accept:
      - '*/*'
      Accept-Encoding:
      - gzip, deflate
      Connection:
      - keep-alive
      Content-Length:
      - '2'
      Content-Type:
      - application/json
      User-Agent:
      - python-requests/2.25.1
    method: GET
    uri: https://api.mythic-beasts.com/dns/v2/zones/lexitus.co.uk/records/_acme-challenge.deleterecordset/TXT?verify
  response:
    body:
      string: "{\n  \"errors\": [\n    \"Received 1 record(s), expected 2 from ns1.mythic-beasts.com.\",\n
        \   \"Received 1 record(s), expected 2 from ns2.mythic-beasts.com.\"\n  ]\n}"
    headers:
      Connection:
      - Keep-Alive
      Content-Length:
      - '156'
      Content-Type:
      - application/json
      Date:
      - Thu, 18 Mar 2021 16:26:42 GMT
      Keep-Alive:
      - timeout=5, max=100
      Server:
      - Apache/2.4.38 (Debian)
    status:
      code: 409
      message: Inconsistent
- request:
    body: '{}'
    headers:
      Accept:
      - '*/*'
      Accept-Encoding:
      - gzip, deflate
      Connection:
      - keep-alive
      Content-Length:
      - '2'
      Content-Type:
      - application/json
      User-Agent:
      - python-requests/2.25.1
    method: GET
    uri: https://api.mythic-beasts.com/dns/v2/zones/lexitus.co.uk/records/_acme-challenge.deleterecordset/TXT?verify
  response:
    body:
      string: "{\n  \"errors\": [\n    \"Received 1 record(s), expected 2 from ns1.mythic-beasts.com.\",\n
        \   \"Received 1 record(s), expected 2 from ns2.mythic-beasts.com.\"\n  ]\n}"
    headers:
      Connection:
      - Keep-Alive
      Content-Length:
      - '156'
      Content-Type:
      - application/json
      Date:
      - Thu, 18 Mar 2021 16:26:53 GMT
      Keep-Alive:
      - timeout=5, max=100
      Server:
      - Apache/2.4.38 (Debian)
    status:
      code: 409
      message: Inconsistent
- request:
    body: '{}'
    headers:
      Accept:
      - '*/*'
      Accept-Encoding:
      - gzip, deflate
      Connection:
      - keep-alive
      Content-Length:
      - '2'
      Content-Type:
      - application/json
      User-Agent:
      - python-requests/2.25.1
    method: GET
    uri: https://api.mythic-beasts.com/dns/v2/zones/lexitus.co.uk/records/_acme-challenge.deleterecordset/TXT?verify
  response:
    body:
      string: "{\n  \"errors\": [\n    \"Received 1 record(s), expected 2 from ns1.mythic-beasts.com.\",\n
        \   \"Received 1 record(s), expected 2 from ns2.mythic-beasts.com.\"\n  ]\n}"
    headers:
      Connection:
      - Keep-Alive
      Content-Length:
      - '156'
      Content-Type:
      - application/json
      Date:
      - Thu, 18 Mar 2021 16:27:03 GMT
      Keep-Alive:
      - timeout=5, max=100
      Server:
      - Apache/2.4.38 (Debian)
    status:
      code: 409
      message: Inconsistent
- request:
    body: '{}'
    headers:
      Accept:
      - '*/*'
      Accept-Encoding:
      - gzip, deflate
      Connection:
      - keep-alive
      Content-Length:
      - '2'
      Content-Type:
      - application/json
      User-Agent:
      - python-requests/2.25.1
    method: GET
    uri: https://api.mythic-beasts.com/dns/v2/zones/lexitus.co.uk/records/_acme-challenge.deleterecordset/TXT?verify
  response:
    body:
      string: "{\n  \"errors\": [\n    \"Received 1 record(s), expected 2 from ns1.mythic-beasts.com.\",\n
        \   \"Received 1 record(s), expected 2 from ns2.mythic-beasts.com.\"\n  ]\n}"
    headers:
      Connection:
      - Keep-Alive
      Content-Length:
      - '156'
      Content-Type:
      - application/json
      Date:
      - Thu, 18 Mar 2021 16:27:14 GMT
      Keep-Alive:
      - timeout=5, max=100
      Server:
      - Apache/2.4.38 (Debian)
    status:
      code: 409
      message: Inconsistent
- request:
    body: '{}'
    headers:
      Accept:
      - '*/*'
      Accept-Encoding:
      - gzip, deflate
      Connection:
      - keep-alive
      Content-Length:
      - '2'
      Content-Type:
      - application/json
      User-Agent:
      - python-requests/2.25.1
    method: GET
    uri: https://api.mythic-beasts.com/dns/v2/zones/lexitus.co.uk/records/_acme-challenge.deleterecordset/TXT?verify
  response:
    body:
      string: "{\n  \"errors\": [\n    \"Received 1 record(s), expected 2 from ns1.mythic-beasts.com.\",\n
        \   \"Received 1 record(s), expected 2 from ns2.mythic-beasts.com.\"\n  ]\n}"
    headers:
      Connection:
      - Keep-Alive
      Content-Length:
      - '156'
      Content-Type:
      - application/json
      Date:
      - Thu, 18 Mar 2021 16:27:24 GMT
      Keep-Alive:
      - timeout=5, max=100
      Server:
      - Apache/2.4.38 (Debian)
    status:
      code: 409
      message: Inconsistent
- request:
    body: '{}'
    headers:
      Accept:
      - '*/*'
      Accept-Encoding:
      - gzip, deflate
      Connection:
      - keep-alive
      Content-Length:
      - '2'
      Content-Type:
      - application/json
      User-Agent:
      - python-requests/2.25.1
    method: GET
    uri: https://api.mythic-beasts.com/dns/v2/zones/lexitus.co.uk/records/_acme-challenge.deleterecordset/TXT?verify
  response:
    body:
      string: "{\n  \"errors\": [\n    \"Received 1 record(s), expected 2 from ns1.mythic-beasts.com.\",\n
        \   \"Received 1 record(s), expected 2 from ns2.mythic-beasts.com.\"\n  ]\n}"
    headers:
      Connection:
      - Keep-Alive
      Content-Length:
      - '156'
      Content-Type:
      - application/json
      Date:
      - Thu, 18 Mar 2021 16:27:35 GMT
      Keep-Alive:
      - timeout=5, max=100
      Server:
      - Apache/2.4.38 (Debian)
    status:
      code: 409
      message: Inconsistent
- request:
    body: '{}'
    headers:
      Accept:
      - '*/*'
      Accept-Encoding:
      - gzip, deflate
      Connection:
      - keep-alive
      Content-Length:
      - '2'
      Content-Type:
      - application/json
      User-Agent:
      - python-requests/2.25.1
    method: GET
    uri: https://api.mythic-beasts.com/dns/v2/zones/lexitus.co.uk/records/_acme-challenge.deleterecordset/TXT?verify
  response:
    body:
      string: "{\n  \"errors\": [\n    \"Received 1 record(s), expected 2 from ns1.mythic-beasts.com.\",\n
        \   \"Received 1 record(s), expected 2 from ns2.mythic-beasts.com.\"\n  ]\n}"
    headers:
      Connection:
      - Keep-Alive
      Content-Length:
      - '156'
      Content-Type:
      - application/json
      Date:
      - Thu, 18 Mar 2021 16:27:45 GMT
      Keep-Alive:
      - timeout=5, max=100
      Server:
      - Apache/2.4.38 (Debian)
    status:
      code: 409
      message: Inconsistent
- request:
    body: '{}'
    headers:
      Accept:
      - '*/*'
      Accept-Encoding:
      - gzip, deflate
      Connection:
      - keep-alive
      Content-Length:
      - '2'
      Content-Type:
      - application/json
      User-Agent:
      - python-requests/2.25.1
    method: GET
    uri: https://api.mythic-beasts.com/dns/v2/zones/lexitus.co.uk/records/_acme-challenge.deleterecordset/TXT?verify
  response:
    body:
      string: '{"records":[{"data":"challengetoken1","host":"_acme-challenge.deleterecordset","ttl":3600,"type":"TXT"},{"data":"challengetoken2","host":"_acme-challenge.deleterecordset","ttl":3600,"type":"TXT"}]}

        '
    headers:
      Connection:
      - Keep-Alive
      Content-Length:
      - '198'
      Content-Type:
      - application/json
      Date:
      - Thu, 18 Mar 2021 16:27:57 GMT
      Keep-Alive:
      - timeout=5, max=100
      Server:
      - Apache/2.4.38 (Debian)
    status:
      code: 200
      message: OK
- request:
    body: '{}'
    headers:
      Accept:
      - '*/*'
      Accept-Encoding:
      - gzip, deflate
      Connection:
      - keep-alive
      Content-Length:
      - '2'
      Content-Type:
      - application/json
      User-Agent:
      - python-requests/2.25.1
    method: GET
    uri: https://api.mythic-beasts.com/dns/v2/zones/lexitus.co.uk/records?type=TXT&host=_acme-challenge.deleterecordset
  response:
    body:
      string: '{"records":[{"data":"challengetoken1","host":"_acme-challenge.deleterecordset","ttl":3600,"type":"TXT"},{"data":"challengetoken2","host":"_acme-challenge.deleterecordset","ttl":3600,"type":"TXT"}]}

        '
    headers:
      Connection:
      - Keep-Alive
      Content-Length:
      - '198'
      Content-Type:
      - application/json
      Date:
      - Thu, 18 Mar 2021 16:27:57 GMT
      Keep-Alive:
      - timeout=5, max=100
      Server:
      - Apache/2.4.38 (Debian)
    status:
      code: 200
      message: OK
- request:
    body: '{}'
    headers:
      Accept:
      - '*/*'
      Accept-Encoding:
      - gzip, deflate
      Connection:
      - keep-alive
      Content-Length:
      - '2'
      Content-Type:
      - application/json
      User-Agent:
      - python-requests/2.25.1
    method: DELETE
    uri: https://api.mythic-beasts.com/dns/v2/zones/lexitus.co.uk/records/_acme-challenge.deleterecordset/TXT?type=TXT&host=_acme-challenge.deleterecordset
  response:
    body:
      string: '{"records_removed":2}

        '
    headers:
      Connection:
      - Keep-Alive
      Content-Length:
      - '22'
      Content-Type:
      - application/json
      Date:
      - Thu, 18 Mar 2021 16:27:58 GMT
      Keep-Alive:
      - timeout=5, max=100
      Server:
      - Apache/2.4.38 (Debian)
    status:
      code: 200
      message: OK
- request:
    body: '{}'
    headers:
      Accept:
      - '*/*'
      Accept-Encoding:
      - gzip, deflate
      Connection:
      - keep-alive
      Content-Length:
      - '2'
      Content-Type:
      - application/json
      User-Agent:
      - python-requests/2.25.1
    method: DELETE
    uri: https://api.mythic-beasts.com/dns/v2/zones/lexitus.co.uk/records/_acme-challenge.deleterecordset/TXT?type=TXT&host=_acme-challenge.deleterecordset
  response:
    body:
      string: '{"records_removed":0}

        '
    headers:
      Connection:
      - Keep-Alive
      Content-Length:
      - '22'
      Content-Type:
      - application/json
      Date:
      - Thu, 18 Mar 2021 16:27:58 GMT
      Keep-Alive:
      - timeout=5, max=100
      Server:
      - Apache/2.4.38 (Debian)
    status:
      code: 200
      message: OK
- request:
    body: '{}'
    headers:
      Accept:
      - '*/*'
      Accept-Encoding:
      - gzip, deflate
      Connection:
      - keep-alive
      Content-Length:
      - '2'
      Content-Type:
      - application/json
      User-Agent:
      - python-requests/2.25.1
    method: GET
    uri: https://api.mythic-beasts.com/dns/v2/zones/lexitus.co.uk/records?type=TXT&host=_acme-challenge.deleterecordset
  response:
    body:
      string: '{"records":[]}

        '
    headers:
      Connection:
      - Keep-Alive
      Content-Length:
      - '15'
      Content-Type:
      - application/json
      Date:
      - Thu, 18 Mar 2021 16:27:58 GMT
      Keep-Alive:
      - timeout=5, max=100
      Server:
      - Apache/2.4.38 (Debian)
    status:
      code: 200
      message: OK
version: 1
