interactions:
- request:
    body: grant_type=client_credentials
    headers:
      Accept:
      - '*/*'
      Accept-Encoding:
      - gzip, deflate
      Connection:
      - keep-alive
      Content-Length:
      - '29'
      Content-Type:
      - application/x-www-form-urlencoded
      User-Agent:
      - python-requests/2.25.1
    method: POST
    uri: https://auth.mythic-beasts.com/login
  response:
    body:
      string: '{"access_token": "DUMMY_TOKEN","expires_in":300,"token_type":"bearer"}

        '
    headers:
      Connection:
      - Keep-Alive
      Content-Length:
      - '75'
      Content-Type:
      - application/json
      Date:
      - Fri, 19 Mar 2021 14:22:29 GMT
      Keep-Alive:
      - timeout=5, max=100
      Server:
      - Apache/2.4.38 (Debian)
    status:
      code: 200
      message: OK
- request:
    body: '{}'
    headers:
      Accept:
      - '*/*'
      Accept-Encoding:
      - gzip, deflate
      Connection:
      - keep-alive
      Content-Length:
      - '2'
      Content-Type:
      - application/json
      User-Agent:
      - python-requests/2.25.1
    method: GET
    uri: https://api.mythic-beasts.com/dns/v2/zones
  response:
    body:
      string: '{"zones":["lexitus.co.uk"]}

        '
    headers:
      Connection:
      - Keep-Alive
      Content-Length:
      - '28'
      Content-Type:
      - application/json
      Date:
      - Fri, 19 Mar 2021 14:22:30 GMT
      Keep-Alive:
      - timeout=5, max=100
      Server:
      - Apache/2.4.38 (Debian)
    status:
      code: 200
      message: OK
- request:
    body: '{"records": [{"host": "random.fulltest", "type": "TXT", "data": "challengetoken",
      "ttl": 3600}]}'
    headers:
      Accept:
      - '*/*'
      Accept-Encoding:
      - gzip, deflate
      Connection:
      - keep-alive
      Content-Length:
      - '96'
      Content-Type:
      - application/json
      User-Agent:
      - python-requests/2.25.1
    method: POST
    uri: https://api.mythic-beasts.com/dns/v2/zones/lexitus.co.uk/records
  response:
    body:
      string: '{"message":"1 records added","records_added":1}

        '
    headers:
      Connection:
      - Keep-Alive
      Content-Length:
      - '48'
      Content-Type:
      - application/json
      Date:
      - Fri, 19 Mar 2021 14:22:30 GMT
      Keep-Alive:
      - timeout=5, max=100
      Server:
      - Apache/2.4.38 (Debian)
    status:
      code: 200
      message: OK
- request:
    body: '{}'
    headers:
      Accept:
      - '*/*'
      Accept-Encoding:
      - gzip, deflate
      Connection:
      - keep-alive
      Content-Length:
      - '2'
      Content-Type:
      - application/json
      User-Agent:
      - python-requests/2.25.1
    method: GET
    uri: https://api.mythic-beasts.com/dns/v2/zones/lexitus.co.uk/records/random.fulltest/TXT?verify
  response:
    body:
      string: "{\n  \"errors\": [\n    \"Received 0 record(s), expected 1 from ns1.mythic-beasts.com.\",\n
        \   \"Received 0 record(s), expected 1 from ns2.mythic-beasts.com.\"\n  ]\n}"
    headers:
      Connection:
      - Keep-Alive
      Content-Length:
      - '156'
      Content-Type:
      - application/json
      Date:
      - Fri, 19 Mar 2021 14:22:31 GMT
      Keep-Alive:
      - timeout=5, max=100
      Server:
      - Apache/2.4.38 (Debian)
    status:
      code: 409
      message: Inconsistent
- request:
    body: '{}'
    headers:
      Accept:
      - '*/*'
      Accept-Encoding:
      - gzip, deflate
      Connection:
      - keep-alive
      Content-Length:
      - '2'
      Content-Type:
      - application/json
      User-Agent:
      - python-requests/2.25.1
    method: GET
    uri: https://api.mythic-beasts.com/dns/v2/zones/lexitus.co.uk/records/random.fulltest/TXT?verify
  response:
    body:
      string: "{\n  \"errors\": [\n    \"Received 0 record(s), expected 1 from ns1.mythic-beasts.com.\",\n
        \   \"Received 0 record(s), expected 1 from ns2.mythic-beasts.com.\"\n  ]\n}"
    headers:
      Connection:
      - Keep-Alive
      Content-Length:
      - '156'
      Content-Type:
      - application/json
      Date:
      - Fri, 19 Mar 2021 14:22:31 GMT
      Keep-Alive:
      - timeout=5, max=100
      Server:
      - Apache/2.4.38 (Debian)
    status:
      code: 409
      message: Inconsistent
- request:
    body: '{}'
    headers:
      Accept:
      - '*/*'
      Accept-Encoding:
      - gzip, deflate
      Connection:
      - keep-alive
      Content-Length:
      - '2'
      Content-Type:
      - application/json
      User-Agent:
      - python-requests/2.25.1
    method: GET
    uri: https://api.mythic-beasts.com/dns/v2/zones/lexitus.co.uk/records/random.fulltest/TXT?verify
  response:
    body:
      string: "{\n  \"errors\": [\n    \"Received 0 record(s), expected 1 from ns1.mythic-beasts.com.\",\n
        \   \"Received 0 record(s), expected 1 from ns2.mythic-beasts.com.\"\n  ]\n}"
    headers:
      Connection:
      - Keep-Alive
      Content-Length:
      - '156'
      Content-Type:
      - application/json
      Date:
      - Fri, 19 Mar 2021 14:22:33 GMT
      Keep-Alive:
      - timeout=5, max=100
      Server:
      - Apache/2.4.38 (Debian)
    status:
      code: 409
      message: Inconsistent
- request:
    body: '{}'
    headers:
      Accept:
      - '*/*'
      Accept-Encoding:
      - gzip, deflate
      Connection:
      - keep-alive
      Content-Length:
      - '2'
      Content-Type:
      - application/json
      User-Agent:
      - python-requests/2.25.1
    method: GET
    uri: https://api.mythic-beasts.com/dns/v2/zones/lexitus.co.uk/records/random.fulltest/TXT?verify
  response:
    body:
      string: "{\n  \"errors\": [\n    \"Received 0 record(s), expected 1 from ns1.mythic-beasts.com.\",\n
        \   \"Received 0 record(s), expected 1 from ns2.mythic-beasts.com.\"\n  ]\n}"
    headers:
      Connection:
      - Keep-Alive
      Content-Length:
      - '156'
      Content-Type:
      - application/json
      Date:
      - Fri, 19 Mar 2021 14:22:35 GMT
      Keep-Alive:
      - timeout=5, max=100
      Server:
      - Apache/2.4.38 (Debian)
    status:
      code: 409
      message: Inconsistent
- request:
    body: '{}'
    headers:
      Accept:
      - '*/*'
      Accept-Encoding:
      - gzip, deflate
      Connection:
      - keep-alive
      Content-Length:
      - '2'
      Content-Type:
      - application/json
      User-Agent:
      - python-requests/2.25.1
    method: GET
    uri: https://api.mythic-beasts.com/dns/v2/zones/lexitus.co.uk/records/random.fulltest/TXT?verify
  response:
    body:
      string: "{\n  \"errors\": [\n    \"Received 0 record(s), expected 1 from ns1.mythic-beasts.com.\",\n
        \   \"Received 0 record(s), expected 1 from ns2.mythic-beasts.com.\"\n  ]\n}"
    headers:
      Connection:
      - Keep-Alive
      Content-Length:
      - '156'
      Content-Type:
      - application/json
      Date:
      - Fri, 19 Mar 2021 14:22:40 GMT
      Keep-Alive:
      - timeout=5, max=100
      Server:
      - Apache/2.4.38 (Debian)
    status:
      code: 409
      message: Inconsistent
- request:
    body: '{}'
    headers:
      Accept:
      - '*/*'
      Accept-Encoding:
      - gzip, deflate
      Connection:
      - keep-alive
      Content-Length:
      - '2'
      Content-Type:
      - application/json
      User-Agent:
      - python-requests/2.25.1
    method: GET
    uri: https://api.mythic-beasts.com/dns/v2/zones/lexitus.co.uk/records/random.fulltest/TXT?verify
  response:
    body:
      string: "{\n  \"errors\": [\n    \"Received 0 record(s), expected 1 from ns1.mythic-beasts.com.\",\n
        \   \"Received 0 record(s), expected 1 from ns2.mythic-beasts.com.\"\n  ]\n}"
    headers:
      Connection:
      - Keep-Alive
      Content-Length:
      - '156'
      Content-Type:
      - application/json
      Date:
      - Fri, 19 Mar 2021 14:22:48 GMT
      Keep-Alive:
      - timeout=5, max=100
      Server:
      - Apache/2.4.38 (Debian)
    status:
      code: 409
      message: Inconsistent
- request:
    body: '{}'
    headers:
      Accept:
      - '*/*'
      Accept-Encoding:
      - gzip, deflate
      Connection:
      - keep-alive
      Content-Length:
      - '2'
      Content-Type:
      - application/json
      User-Agent:
      - python-requests/2.25.1
    method: GET
    uri: https://api.mythic-beasts.com/dns/v2/zones/lexitus.co.uk/records/random.fulltest/TXT?verify
  response:
    body:
      string: "{\n  \"errors\": [\n    \"Received 0 record(s), expected 1 from ns1.mythic-beasts.com.\",\n
        \   \"Received 0 record(s), expected 1 from ns2.mythic-beasts.com.\"\n  ]\n}"
    headers:
      Connection:
      - Keep-Alive
      Content-Length:
      - '156'
      Content-Type:
      - application/json
      Date:
      - Fri, 19 Mar 2021 14:23:05 GMT
      Keep-Alive:
      - timeout=5, max=100
      Server:
      - Apache/2.4.38 (Debian)
    status:
      code: 409
      message: Inconsistent
- request:
    body: '{}'
    headers:
      Accept:
      - '*/*'
      Accept-Encoding:
      - gzip, deflate
      Connection:
      - keep-alive
      Content-Length:
      - '2'
      Content-Type:
      - application/json
      User-Agent:
      - python-requests/2.25.1
    method: GET
    uri: https://api.mythic-beasts.com/dns/v2/zones/lexitus.co.uk/records/random.fulltest/TXT?verify
  response:
    body:
      string: "{\n  \"errors\": [\n    \"Received 0 record(s), expected 1 from ns1.mythic-beasts.com.\",\n
        \   \"Received 0 record(s), expected 1 from ns2.mythic-beasts.com.\"\n  ]\n}"
    headers:
      Connection:
      - Keep-Alive
      Content-Length:
      - '156'
      Content-Type:
      - application/json
      Date:
      - Fri, 19 Mar 2021 14:23:37 GMT
      Keep-Alive:
      - timeout=5, max=100
      Server:
      - Apache/2.4.38 (Debian)
    status:
      code: 409
      message: Inconsistent
- request:
    body: '{}'
    headers:
      Accept:
      - '*/*'
      Accept-Encoding:
      - gzip, deflate
      Connection:
      - keep-alive
      Content-Length:
      - '2'
      Content-Type:
      - application/json
      User-Agent:
      - python-requests/2.25.1
    method: GET
    uri: https://api.mythic-beasts.com/dns/v2/zones/lexitus.co.uk/records/random.fulltest/TXT?verify
  response:
    body:
      string: '{"records":[{"data":"challengetoken","host":"random.fulltest","ttl":3600,"type":"TXT"}]}

        '
    headers:
      Connection:
      - Keep-Alive
      Content-Length:
      - '89'
      Content-Type:
      - application/json
      Date:
      - Fri, 19 Mar 2021 14:24:42 GMT
      Keep-Alive:
      - timeout=5, max=100
      Server:
      - Apache/2.4.38 (Debian)
    status:
      code: 200
      message: OK
- request:
    body: '{}'
    headers:
      Accept:
      - '*/*'
      Accept-Encoding:
      - gzip, deflate
      Connection:
      - keep-alive
      Content-Length:
      - '2'
      Content-Type:
      - application/json
      User-Agent:
      - python-requests/2.25.1
    method: GET
    uri: https://api.mythic-beasts.com/dns/v2/zones/lexitus.co.uk/records?type=TXT&host=random.fulltest
  response:
    body:
      string: '{"records":[{"data":"challengetoken","host":"random.fulltest","ttl":3600,"type":"TXT"}]}

        '
    headers:
      Connection:
      - Keep-Alive
      Content-Length:
      - '89'
      Content-Type:
      - application/json
      Date:
      - Fri, 19 Mar 2021 14:24:42 GMT
      Keep-Alive:
      - timeout=5, max=100
      Server:
      - Apache/2.4.38 (Debian)
    status:
      code: 200
      message: OK
version: 1
