interactions:
- request:
    body: grant_type=client_credentials
    headers:
      Accept:
      - '*/*'
      Accept-Encoding:
      - gzip, deflate
      Connection:
      - keep-alive
      Content-Length:
      - '29'
      Content-Type:
      - application/x-www-form-urlencoded
      User-Agent:
      - python-requests/2.25.1
    method: POST
    uri: https://auth.mythic-beasts.com/login
  response:
    body:
      string: '{"access_token":"hTtur.cugOuBvczf","expires_in":300,"token_type":"bearer"}

        '
    headers:
      Connection:
      - Keep-Alive
      Content-Length:
      - '75'
      Content-Type:
      - application/json
      Date:
      - Fri, 19 Mar 2021 14:25:08 GMT
      Keep-Alive:
      - timeout=5, max=100
      Server:
      - Apache/2.4.38 (Debian)
    status:
      code: 200
      message: OK
- request:
    body: '{}'
    headers:
      Accept:
      - '*/*'
      Accept-Encoding:
      - gzip, deflate
      Connection:
      - keep-alive
      Content-Length:
      - '2'
      Content-Type:
      - application/json
      User-Agent:
      - python-requests/2.25.1
    method: GET
    uri: https://api.mythic-beasts.com/dns/v2/zones
  response:
    body:
      string: '{"zones":["lexitus.co.uk"]}

        '
    headers:
      Connection:
      - Keep-Alive
      Content-Length:
      - '28'
      Content-Type:
      - application/json
      Date:
      - Fri, 19 Mar 2021 14:25:08 GMT
      Keep-Alive:
      - timeout=5, max=100
      Server:
      - Apache/2.4.38 (Debian)
    status:
      code: 200
      message: OK
- request:
    body: '{"records": [{"host": "orig.test", "type": "TXT", "data": "challengetoken",
      "ttl": 3600}]}'
    headers:
      Accept:
      - '*/*'
      Accept-Encoding:
      - gzip, deflate
      Connection:
      - keep-alive
      Content-Length:
      - '90'
      Content-Type:
      - application/json
      User-Agent:
      - python-requests/2.25.1
    method: POST
    uri: https://api.mythic-beasts.com/dns/v2/zones/lexitus.co.uk/records
  response:
    body:
      string: '{"message":"1 records added","records_added":1}

        '
    headers:
      Connection:
      - Keep-Alive
      Content-Length:
      - '48'
      Content-Type:
      - application/json
      Date:
      - Fri, 19 Mar 2021 14:25:09 GMT
      Keep-Alive:
      - timeout=5, max=100
      Server:
      - Apache/2.4.38 (Debian)
    status:
      code: 200
      message: OK
- request:
    body: '{}'
    headers:
      Accept:
      - '*/*'
      Accept-Encoding:
      - gzip, deflate
      Connection:
      - keep-alive
      Content-Length:
      - '2'
      Content-Type:
      - application/json
      User-Agent:
      - python-requests/2.25.1
    method: GET
    uri: https://api.mythic-beasts.com/dns/v2/zones/lexitus.co.uk/records/orig.test/TXT?verify
  response:
    body:
      string: '{"records":[{"data":"challengetoken","host":"orig.test","ttl":3600,"type":"TXT"}]}

        '
    headers:
      Connection:
      - Keep-Alive
      Content-Length:
      - '83'
      Content-Type:
      - application/json
      Date:
      - Fri, 19 Mar 2021 14:27:21 GMT
      Keep-Alive:
      - timeout=5, max=100
      Server:
      - Apache/2.4.38 (Debian)
    status:
      code: 200
      message: OK
- request:
    body: '{}'
    headers:
      Accept:
      - '*/*'
      Accept-Encoding:
      - gzip, deflate
      Connection:
      - keep-alive
      Content-Length:
      - '2'
      Content-Type:
      - application/json
      User-Agent:
      - python-requests/2.25.1
    method: GET
    uri: https://api.mythic-beasts.com/dns/v2/zones/lexitus.co.uk/records?type=TXT&host=orig.test
  response:
    body:
      string: '{"records":[{"data":"challengetoken","host":"orig.test","ttl":3600,"type":"TXT"}]}

        '
    headers:
      Connection:
      - Keep-Alive
      Content-Length:
      - '83'
      Content-Type:
      - application/json
      Date:
      - Fri, 19 Mar 2021 14:27:22 GMT
      Keep-Alive:
      - timeout=5, max=100
      Server:
      - Apache/2.4.38 (Debian)
    status:
      code: 200
      message: OK
- request:
    body: '{}'
    headers:
      Accept:
      - '*/*'
      Accept-Encoding:
      - gzip, deflate
      Connection:
      - keep-alive
      Content-Length:
      - '2'
      Content-Type:
      - application/json
      User-Agent:
      - python-requests/2.25.1
    method: GET
    uri: https://api.mythic-beasts.com/dns/v2/zones/lexitus.co.uk/records
  response:
    body:
      string: '{"records":[{"_template":true,"data":"46.235.227.111","host":"@","ttl":3600,"type":"A"},{"_template":true,"data":"2a00:1098:82::6:1","host":"@","ttl":3600,"type":"AAAA"},{"_template":true,"data":"46.235.227.111","host":"www","ttl":3600,"type":"A"},{"_template":true,"data":"2a00:1098:82::6:1","host":"www","ttl":3600,"type":"AAAA"},{"_template":true,"data":"ns1.mythic-beasts.com.","host":"@","ttl":86400,"type":"NS"},{"_template":true,"data":"ns2.mythic-beasts.com.","host":"@","ttl":86400,"type":"NS"},{"_template":true,"data":"mx.mythic-beasts.com.","host":"@","mx_priority":10,"ttl":3600,"type":"MX"},{"_template":true,"data":"caracal.autoconfig.mythic-beasts.com.","host":"_autodiscover._tcp","srv_port":443,"srv_priority":50,"srv_weight":10,"ttl":300,"type":"SRV"},{"data":"127.0.0.1","host":"localhost","ttl":3600,"type":"A"},{"data":"docs.example.com.lexitus.co.uk.","host":"docs","ttl":3600,"type":"CNAME"},{"data":"challengetoken2","host":"_acme-challenge.deleterecordinset","ttl":3600,"type":"TXT"},{"data":"ttlshouldbe3600","host":"ttl.fqdn","ttl":3600,"type":"TXT"},{"data":"challengetoken1","host":"_acme-challenge.listrecordset","ttl":3600,"type":"TXT"},{"data":"challengetoken2","host":"_acme-challenge.listrecordset","ttl":3600,"type":"TXT"},{"data":"challengetoken","host":"random.fqdntest","ttl":3600,"type":"TXT"},{"data":"challengetoken","host":"random.fulltest","ttl":3600,"type":"TXT"},{"data":"challengetoken","host":"random.test","ttl":3600,"type":"TXT"},{"data":"challengetoken","host":"orig.test","ttl":3600,"type":"TXT"},{"_generated":true,"data":"k3.lexitus.co.uk.dkim.mythic-beasts.com.","host":"mythic-beasts-k3._domainkey","ttl":300,"type":"CNAME"},{"_generated":true,"data":"k1.lexitus.co.uk.dkim.mythic-beasts.com.","host":"mythic-beasts-k1._domainkey","ttl":300,"type":"CNAME"},{"_generated":true,"data":"k2.lexitus.co.uk.dkim.mythic-beasts.com.","host":"mythic-beasts-k2._domainkey","ttl":300,"type":"CNAME"}]}

        '
    headers:
      Connection:
      - Keep-Alive
      Content-Length:
      - '1947'
      Content-Type:
      - application/json
      Date:
      - Fri, 19 Mar 2021 14:27:22 GMT
      Keep-Alive:
      - timeout=5, max=100
      Server:
      - Apache/2.4.38 (Debian)
    status:
      code: 200
      message: OK
- request:
    body: '{"records": [{"data": "challengetoken", "ttl": 3600}], "type": "TXT", "host":
      "updated.test"}'
    headers:
      Accept:
      - '*/*'
      Accept-Encoding:
      - gzip, deflate
      Connection:
      - keep-alive
      Content-Length:
      - '93'
      Content-Type:
      - application/json
      User-Agent:
      - python-requests/2.25.1
    method: PUT
    uri: https://api.mythic-beasts.com/dns/v2/zones/lexitus.co.uk/records/_acme-challenge.deleterecordinset/TXT?type=TXT&host=_acme-challenge.deleterecordinset&data=challengetoken2
  response:
    body:
      string: '{"message":"1 records added","records_added":1,"records_removed":1}

        '
    headers:
      Connection:
      - Keep-Alive
      Content-Length:
      - '68'
      Content-Type:
      - application/json
      Date:
      - Fri, 19 Mar 2021 14:27:22 GMT
      Keep-Alive:
      - timeout=5, max=100
      Server:
      - Apache/2.4.38 (Debian)
    status:
      code: 200
      message: OK
version: 1
