interactions:
- request:
    body: '{}'
    headers:
      Accept: [application/json]
      Accept-Encoding: ['gzip, deflate']
      Connection: [keep-alive]
      Content-Length: ['2']
      Content-Type: [application/json]
      User-Agent: [python-requests/2.18.4]
    method: GET
    uri: https://api.godaddy.com/v1/domains/fullm3tal.online
  response:
    body: {string: '{"domainId":270044166,"domain":"fullm3tal.online","status":"ACTIVE","expires":"2019-06-05T23:59:59Z","expirationProtected":false,"holdRegistrar":false,"locked":true,"privacy":false,"renewAuto":true,"renewable":true,"renewDeadline":"2019-07-20T06:59:13Z","transferProtected":false,"createdAt":"2018-06-05T13:59:17Z","transferAwayEligibleAt":"2018-08-04T13:59:17Z"}'}
    headers:
      Cache-Control: ['max-age=0, no-cache, no-store']
      Connection: [keep-alive]
      Content-Type: [application/json; charset=utf-8]
      Date: ['Wed, 06 Jun 2018 15:22:10 GMT']
      ETag: [W/"645-0LcPEd+dkziKXRmuxdfmST9n3n8"]
      Expires: ['Wed, 06 Jun 2018 15:22:10 GMT']
      Pragma: [no-cache]
      Server: [nginx]
      Strict-Transport-Security: [max-age=15724800; includeSubDomains;]
      Vary: [Accept-Encoding, 'Origin,Accept-Encoding']
      X-DataCenter: [PHX3]
      X-Powered-By: [Express]
      X-Request-Id: [sugQfuYsV8eKtHMaASnEHq]
      content-length: ['1605']
    status: {code: 200, message: OK}
- request:
    body: '{}'
    headers:
      Accept: [application/json]
      Accept-Encoding: ['gzip, deflate']
      Connection: [keep-alive]
      Content-Length: ['2']
      Content-Type: [application/json]
      User-Agent: [python-requests/2.18.4]
    method: GET
    uri: https://api.godaddy.com/v1/domains/fullm3tal.online/records
  response:
    body: {string: '[{"data":"ns49.domaincontrol.com","name":"@","ttl":3600,"type":"NS"},{"data":"ns50.domaincontrol.com","name":"@","ttl":3600,"type":"NS"},{"data":"_domainconnect.gd.domaincontrol.com","name":"_domainconnect","ttl":3600,"type":"CNAME"},{"data":"@","name":"www","ttl":3600,"type":"CNAME"},{"data":"127.0.0.1","name":"localhost","ttl":3600,"type":"A"},{"data":"docs.example.com","name":"docs","ttl":3600,"type":"CNAME"},{"data":"challengetoken","name":"_acme-challenge.fqdn","ttl":3600,"type":"TXT"},{"data":"challengetoken","name":"_acme-challenge.full","ttl":3600,"type":"TXT"},{"data":"challengetoken","name":"_acme-challenge.test","ttl":3600,"type":"TXT"},{"data":"challengetoken1","name":"_acme-challenge.createrecordset","ttl":3600,"type":"TXT"},{"data":"challengetoken2","name":"_acme-challenge.createrecordset","ttl":3600,"type":"TXT"},{"data":"challengetoken","name":"_acme-challenge.noop","ttl":3600,"type":"TXT"},{"data":"challengetoken2","name":"_acme-challenge.deleterecordinset","ttl":3600,"type":"TXT"},{"data":"ttlshouldbe3600","name":"ttl.fqdn","ttl":3600,"type":"TXT"},{"data":"challengetoken1","name":"_acme-challenge.listrecordset","ttl":3600,"type":"TXT"},{"data":"challengetoken2","name":"_acme-challenge.listrecordset","ttl":3600,"type":"TXT"},{"data":"challengetoken","name":"random.fqdntest","ttl":3600,"type":"TXT"},{"data":"challengetoken","name":"random.fulltest","ttl":3600,"type":"TXT"},{"data":"challengetoken","name":"random.test","ttl":3600,"type":"TXT"},{"data":"challengetoken","name":"orig.test","ttl":3600,"type":"TXT"},{"data":"updated","name":"orig.nameonly.test","ttl":3600,"type":"TXT"},{"data":"challengetoken","name":"orig.testfqdn","ttl":3600,"type":"TXT"}]

        '}
    headers:
      Cache-Control: ['max-age=0, no-cache, no-store']
      Connection: [keep-alive]
      Content-Type: [application/json]
      Date: ['Wed, 06 Jun 2018 15:22:10 GMT']
      Expires: ['Wed, 06 Jun 2018 15:22:10 GMT']
      Pragma: [no-cache]
      Server: [nginx]
      Strict-Transport-Security: [max-age=15724800; includeSubDomains;]
      Vary: [Accept-Encoding]
      X-DataCenter: [PHX3]
      X-Request-Id: [75PMDF2UcFB5QmMKupcfPt]
      content-length: ['1698']
    status: {code: 200, message: OK}
- request:
    body: '[{"data": "ns49.domaincontrol.com", "name": "@", "ttl": 3600, "type": "NS"},
      {"data": "ns50.domaincontrol.com", "name": "@", "ttl": 3600, "type": "NS"},
      {"data": "_domainconnect.gd.domaincontrol.com", "name": "_domainconnect", "ttl":
      3600, "type": "CNAME"}, {"data": "@", "name": "www", "ttl": 3600, "type": "CNAME"},
      {"data": "127.0.0.1", "name": "localhost", "ttl": 3600, "type": "A"}, {"data":
      "docs.example.com", "name": "docs", "ttl": 3600, "type": "CNAME"}, {"data":
      "challengetoken", "name": "_acme-challenge.fqdn", "ttl": 3600, "type": "TXT"},
      {"data": "challengetoken", "name": "_acme-challenge.full", "ttl": 3600, "type":
      "TXT"}, {"data": "challengetoken", "name": "_acme-challenge.test", "ttl": 3600,
      "type": "TXT"}, {"data": "challengetoken1", "name": "_acme-challenge.createrecordset",
      "ttl": 3600, "type": "TXT"}, {"data": "challengetoken2", "name": "_acme-challenge.createrecordset",
      "ttl": 3600, "type": "TXT"}, {"data": "challengetoken", "name": "_acme-challenge.noop",
      "ttl": 3600, "type": "TXT"}, {"data": "challengetoken2", "name": "_acme-challenge.deleterecordinset",
      "ttl": 3600, "type": "TXT"}, {"data": "ttlshouldbe3600", "name": "ttl.fqdn",
      "ttl": 3600, "type": "TXT"}, {"data": "challengetoken1", "name": "_acme-challenge.listrecordset",
      "ttl": 3600, "type": "TXT"}, {"data": "challengetoken2", "name": "_acme-challenge.listrecordset",
      "ttl": 3600, "type": "TXT"}, {"data": "challengetoken", "name": "random.fqdntest",
      "ttl": 3600, "type": "TXT"}, {"data": "challengetoken", "name": "random.fulltest",
      "ttl": 3600, "type": "TXT"}, {"data": "challengetoken", "name": "random.test",
      "ttl": 3600, "type": "TXT"}, {"data": "challengetoken", "name": "orig.test",
      "ttl": 3600, "type": "TXT"}, {"data": "updated", "name": "orig.nameonly.test",
      "ttl": 3600, "type": "TXT"}, {"data": "challengetoken", "name": "orig.testfqdn",
      "ttl": 3600, "type": "TXT"}, {"type": "TXT", "name": "orig.testfull", "data":
      "challengetoken", "ttl": 3600}]'
    headers:
      Accept: [application/json]
      Accept-Encoding: ['gzip, deflate']
      Connection: [keep-alive]
      Content-Length: ['1953']
      Content-Type: [application/json]
      User-Agent: [python-requests/2.18.4]
    method: PUT
    uri: https://api.godaddy.com/v1/domains/fullm3tal.online/records
  response:
    body: {string: '{"code":"INACTIVE_DOMAIN","message":"The given domain is not eligible
        to have its nameservers changed"}

        '}
    headers:
      Cache-Control: ['max-age=0, no-cache, no-store']
      Connection: [close]
      Content-Length: ['104']
      Content-Type: [application/json]
      Date: ['Wed, 06 Jun 2018 15:22:16 GMT']
      Expires: ['Wed, 06 Jun 2018 15:22:16 GMT']
      Pragma: [no-cache]
      Server: [nginx]
      Strict-Transport-Security: [max-age=15724800; includeSubDomains;]
      X-DataCenter: [PHX3]
      X-Request-Id: [3KvsLtXrKYDYgyjXhKBUPC]
    status: {code: 409, message: Conflict}
- request:
    body: '[{"data": "ns49.domaincontrol.com", "name": "@", "ttl": 3600, "type": "NS"},
      {"data": "ns50.domaincontrol.com", "name": "@", "ttl": 3600, "type": "NS"},
      {"data": "_domainconnect.gd.domaincontrol.com", "name": "_domainconnect", "ttl":
      3600, "type": "CNAME"}, {"data": "@", "name": "www", "ttl": 3600, "type": "CNAME"},
      {"data": "127.0.0.1", "name": "localhost", "ttl": 3600, "type": "A"}, {"data":
      "docs.example.com", "name": "docs", "ttl": 3600, "type": "CNAME"}, {"data":
      "challengetoken", "name": "_acme-challenge.fqdn", "ttl": 3600, "type": "TXT"},
      {"data": "challengetoken", "name": "_acme-challenge.full", "ttl": 3600, "type":
      "TXT"}, {"data": "challengetoken", "name": "_acme-challenge.test", "ttl": 3600,
      "type": "TXT"}, {"data": "challengetoken1", "name": "_acme-challenge.createrecordset",
      "ttl": 3600, "type": "TXT"}, {"data": "challengetoken2", "name": "_acme-challenge.createrecordset",
      "ttl": 3600, "type": "TXT"}, {"data": "challengetoken", "name": "_acme-challenge.noop",
      "ttl": 3600, "type": "TXT"}, {"data": "challengetoken2", "name": "_acme-challenge.deleterecordinset",
      "ttl": 3600, "type": "TXT"}, {"data": "ttlshouldbe3600", "name": "ttl.fqdn",
      "ttl": 3600, "type": "TXT"}, {"data": "challengetoken1", "name": "_acme-challenge.listrecordset",
      "ttl": 3600, "type": "TXT"}, {"data": "challengetoken2", "name": "_acme-challenge.listrecordset",
      "ttl": 3600, "type": "TXT"}, {"data": "challengetoken", "name": "random.fqdntest",
      "ttl": 3600, "type": "TXT"}, {"data": "challengetoken", "name": "random.fulltest",
      "ttl": 3600, "type": "TXT"}, {"data": "challengetoken", "name": "random.test",
      "ttl": 3600, "type": "TXT"}, {"data": "challengetoken", "name": "orig.test",
      "ttl": 3600, "type": "TXT"}, {"data": "updated", "name": "orig.nameonly.test",
      "ttl": 3600, "type": "TXT"}, {"data": "challengetoken", "name": "orig.testfqdn",
      "ttl": 3600, "type": "TXT"}, {"type": "TXT", "name": "orig.testfull", "data":
      "challengetoken", "ttl": 3600}]'
    headers:
      Accept: [application/json]
      Accept-Encoding: ['gzip, deflate']
      Connection: [keep-alive]
      Content-Length: ['1953']
      Content-Type: [application/json]
      User-Agent: [python-requests/2.18.4]
    method: PUT
    uri: https://api.godaddy.com/v1/domains/fullm3tal.online/records
  response:
    body: {string: ''}
    headers:
      Cache-Control: ['max-age=0, no-cache, no-store']
      Connection: [keep-alive]
      Content-Length: ['0']
      Content-Type: [text/plain; charset=utf-8]
      Date: ['Wed, 06 Jun 2018 15:22:22 GMT']
      Expires: ['Wed, 06 Jun 2018 15:22:22 GMT']
      Pragma: [no-cache]
      Server: [nginx]
      Strict-Transport-Security: [max-age=15724800; includeSubDomains;]
      X-DataCenter: [PHX3]
      X-Request-Id: [dLUDJKEVxaRWrtfx4ixHSg]
    status: {code: 200, message: OK}
- request:
    body: '{}'
    headers:
      Accept: [application/json]
      Accept-Encoding: ['gzip, deflate']
      Connection: [keep-alive]
      Content-Length: ['2']
      Content-Type: [application/json]
      User-Agent: [python-requests/2.18.4]
    method: GET
    uri: https://api.godaddy.com/v1/domains/fullm3tal.online/records/TXT/orig.testfull
  response:
    body: {string: '[{"data":"challengetoken","name":"orig.testfull","ttl":3600,"type":"TXT"}]

        '}
    headers:
      Cache-Control: ['max-age=0, no-cache, no-store']
      Connection: [keep-alive]
      Content-Length: ['75']
      Content-Type: [application/json]
      Date: ['Wed, 06 Jun 2018 15:22:22 GMT']
      Expires: ['Wed, 06 Jun 2018 15:22:22 GMT']
      Pragma: [no-cache]
      Server: [nginx]
      Strict-Transport-Security: [max-age=15724800; includeSubDomains;]
      Vary: [Accept-Encoding]
      X-DataCenter: [PHX3]
      X-Request-Id: [igxCud3yzDLJaAgDxsr8L5]
    status: {code: 200, message: OK}
- request:
    body: '{}'
    headers:
      Accept: [application/json]
      Accept-Encoding: ['gzip, deflate']
      Connection: [keep-alive]
      Content-Length: ['2']
      Content-Type: [application/json]
      User-Agent: [python-requests/2.18.4]
    method: GET
    uri: https://api.godaddy.com/v1/domains/fullm3tal.online/records
  response:
    body: {string: '[{"data":"ns49.domaincontrol.com","name":"@","ttl":3600,"type":"NS"},{"data":"ns50.domaincontrol.com","name":"@","ttl":3600,"type":"NS"},{"data":"_domainconnect.gd.domaincontrol.com","name":"_domainconnect","ttl":3600,"type":"CNAME"},{"data":"@","name":"www","ttl":3600,"type":"CNAME"},{"data":"127.0.0.1","name":"localhost","ttl":3600,"type":"A"},{"data":"docs.example.com","name":"docs","ttl":3600,"type":"CNAME"},{"data":"challengetoken","name":"_acme-challenge.fqdn","ttl":3600,"type":"TXT"},{"data":"challengetoken","name":"_acme-challenge.full","ttl":3600,"type":"TXT"},{"data":"challengetoken","name":"_acme-challenge.test","ttl":3600,"type":"TXT"},{"data":"challengetoken1","name":"_acme-challenge.createrecordset","ttl":3600,"type":"TXT"},{"data":"challengetoken2","name":"_acme-challenge.createrecordset","ttl":3600,"type":"TXT"},{"data":"challengetoken","name":"_acme-challenge.noop","ttl":3600,"type":"TXT"},{"data":"challengetoken2","name":"_acme-challenge.deleterecordinset","ttl":3600,"type":"TXT"},{"data":"ttlshouldbe3600","name":"ttl.fqdn","ttl":3600,"type":"TXT"},{"data":"challengetoken1","name":"_acme-challenge.listrecordset","ttl":3600,"type":"TXT"},{"data":"challengetoken2","name":"_acme-challenge.listrecordset","ttl":3600,"type":"TXT"},{"data":"challengetoken","name":"random.fqdntest","ttl":3600,"type":"TXT"},{"data":"challengetoken","name":"random.fulltest","ttl":3600,"type":"TXT"},{"data":"challengetoken","name":"random.test","ttl":3600,"type":"TXT"},{"data":"challengetoken","name":"orig.test","ttl":3600,"type":"TXT"},{"data":"updated","name":"orig.nameonly.test","ttl":3600,"type":"TXT"},{"data":"challengetoken","name":"orig.testfqdn","ttl":3600,"type":"TXT"},{"data":"challengetoken","name":"orig.testfull","ttl":3600,"type":"TXT"}]

        '}
    headers:
      Cache-Control: ['max-age=0, no-cache, no-store']
      Connection: [keep-alive]
      Content-Type: [application/json]
      Date: ['Wed, 06 Jun 2018 15:22:22 GMT']
      Expires: ['Wed, 06 Jun 2018 15:22:22 GMT']
      Pragma: [no-cache]
      Server: [nginx]
      Strict-Transport-Security: [max-age=15724800; includeSubDomains;]
      Vary: [Accept-Encoding]
      X-DataCenter: [PHX3]
      X-Request-Id: [q89sKkGL4bQXjPf2pWTRtd]
      content-length: ['1771']
    status: {code: 200, message: OK}
- request:
    body: '[{"data": "ns49.domaincontrol.com", "name": "@", "ttl": 3600, "type": "NS"},
      {"data": "ns50.domaincontrol.com", "name": "@", "ttl": 3600, "type": "NS"},
      {"data": "_domainconnect.gd.domaincontrol.com", "name": "_domainconnect", "ttl":
      3600, "type": "CNAME"}, {"data": "@", "name": "www", "ttl": 3600, "type": "CNAME"},
      {"data": "127.0.0.1", "name": "localhost", "ttl": 3600, "type": "A"}, {"data":
      "docs.example.com", "name": "docs", "ttl": 3600, "type": "CNAME"}, {"data":
      "challengetoken", "name": "_acme-challenge.fqdn", "ttl": 3600, "type": "TXT"},
      {"data": "challengetoken", "name": "_acme-challenge.full", "ttl": 3600, "type":
      "TXT"}, {"data": "challengetoken", "name": "_acme-challenge.test", "ttl": 3600,
      "type": "TXT"}, {"data": "challengetoken1", "name": "_acme-challenge.createrecordset",
      "ttl": 3600, "type": "TXT"}, {"data": "challengetoken2", "name": "_acme-challenge.createrecordset",
      "ttl": 3600, "type": "TXT"}, {"data": "challengetoken", "name": "_acme-challenge.noop",
      "ttl": 3600, "type": "TXT"}, {"data": "challengetoken2", "name": "_acme-challenge.deleterecordinset",
      "ttl": 3600, "type": "TXT"}, {"data": "ttlshouldbe3600", "name": "ttl.fqdn",
      "ttl": 3600, "type": "TXT"}, {"data": "challengetoken1", "name": "_acme-challenge.listrecordset",
      "ttl": 3600, "type": "TXT"}, {"data": "challengetoken2", "name": "_acme-challenge.listrecordset",
      "ttl": 3600, "type": "TXT"}, {"data": "challengetoken", "name": "random.fqdntest",
      "ttl": 3600, "type": "TXT"}, {"data": "challengetoken", "name": "random.fulltest",
      "ttl": 3600, "type": "TXT"}, {"data": "challengetoken", "name": "random.test",
      "ttl": 3600, "type": "TXT"}, {"data": "challengetoken", "name": "orig.test",
      "ttl": 3600, "type": "TXT"}, {"data": "updated", "name": "orig.nameonly.test",
      "ttl": 3600, "type": "TXT"}, {"data": "challengetoken", "name": "orig.testfqdn",
      "ttl": 3600, "type": "TXT"}, {"data": "challengetoken", "name": "orig.testfull",
      "ttl": 3600, "type": "TXT"}]'
    headers:
      Accept: [application/json]
      Accept-Encoding: ['gzip, deflate']
      Connection: [keep-alive]
      Content-Length: ['1953']
      Content-Type: [application/json]
      User-Agent: [python-requests/2.18.4]
    method: PUT
    uri: https://api.godaddy.com/v1/domains/fullm3tal.online/records
  response:
    body: {string: ''}
    headers:
      Cache-Control: ['max-age=0, no-cache, no-store']
      Connection: [keep-alive]
      Content-Length: ['0']
      Content-Type: [text/plain; charset=utf-8]
      Date: ['Wed, 06 Jun 2018 15:22:24 GMT']
      Expires: ['Wed, 06 Jun 2018 15:22:24 GMT']
      Pragma: [no-cache]
      Server: [nginx]
      Strict-Transport-Security: [max-age=15724800; includeSubDomains;]
      X-DataCenter: [PHX3]
      X-Request-Id: [46QHyP3yXQLa1JcYeXFqaM]
    status: {code: 200, message: OK}
version: 1
