interactions:
- request:
    body: '{}'
    headers:
      Accept: [application/json]
      Accept-Encoding: ['gzip, deflate']
      Connection: [keep-alive]
      Content-Length: ['2']
      Content-Type: [application/json]
      User-Agent: [python-requests/2.18.4]
    method: GET
    uri: https://api.godaddy.com/v1/domains/fullm3tal.online
  response:
    body: {string: '{"domainId":270044166,"domain":"fullm3tal.online","status":"PENDING_DNS","expires":"2019-06-05T23:59:59Z","expirationProtected":false,"holdRegistrar":false,"locked":true,"privacy":false,"renewAuto":true,"renewable":true,"renewDeadline":"2019-07-20T06:59:13Z","transferProtected":false,"createdAt":"2018-06-05T13:59:17Z","transferAwayEligibleAt":"2018-08-04T13:59:17Z"}'}
    headers:
      Cache-Control: ['max-age=0, no-cache, no-store']
      Connection: [keep-alive]
      Content-Type: [application/json; charset=utf-8]
      Date: ['Wed, 06 Jun 2018 15:21:21 GMT']
      ETag: [W/"64a-f9Ab2TBZI7+tsw/2tPnXhgnQIRY"]
      Expires: ['Wed, 06 Jun 2018 15:21:21 GMT']
      Pragma: [no-cache]
      Server: [nginx]
      Strict-Transport-Security: [max-age=15724800; includeSubDomains;]
      Vary: [Accept-Encoding, 'Origin,Accept-Encoding']
      X-DataCenter: [PHX3]
      X-Powered-By: [Express]
      X-Request-Id: [nc5Jt5C4GmKR5VQfdPhFzL]
      content-length: ['1610']
    status: {code: 200, message: OK}
- request:
    body: '{}'
    headers:
      Accept: [application/json]
      Accept-Encoding: ['gzip, deflate']
      Connection: [keep-alive]
      Content-Length: ['2']
      Content-Type: [application/json]
      User-Agent: [python-requests/2.18.4]
    method: GET
    uri: https://api.godaddy.com/v1/domains/fullm3tal.online/records/TXT/random.test
  response:
    body: {string: '[]

        '}
    headers:
      Cache-Control: ['max-age=0, no-cache, no-store']
      Connection: [keep-alive]
      Content-Type: [application/json]
      Date: ['Wed, 06 Jun 2018 15:21:21 GMT']
      Expires: ['Wed, 06 Jun 2018 15:21:21 GMT']
      Pragma: [no-cache]
      Server: [nginx]
      Strict-Transport-Security: [max-age=15724800; includeSubDomains;]
      Vary: [Accept-Encoding]
      X-DataCenter: [PHX3]
      X-Request-Id: [cifjfH8RCLjVhuHDbWzudT]
      content-length: ['3']
    status: {code: 200, message: OK}
- request:
    body: '[{"type": "TXT", "name": "random.test", "data": "challengetoken", "ttl": 3600}]'
    headers:
      Accept: [application/json]
      Accept-Encoding: ['gzip, deflate']
      Connection: [keep-alive]
      Content-Length: ['79']
      Content-Type: [application/json]
      User-Agent: [python-requests/2.18.4]
    method: PUT
    uri: https://api.godaddy.com/v1/domains/fullm3tal.online/records/TXT/random.test
  response:
    body: {string: '{"code":"INACTIVE_DOMAIN","message":"The given domain is not eligible
        to have its nameservers changed"}

        '}
    headers:
      Cache-Control: ['max-age=0, no-cache, no-store']
      Connection: [close]
      Content-Length: ['104']
      Content-Type: [application/json]
      Date: ['Wed, 06 Jun 2018 15:21:22 GMT']
      Expires: ['Wed, 06 Jun 2018 15:21:22 GMT']
      Pragma: [no-cache]
      Server: [nginx]
      Strict-Transport-Security: [max-age=15724800; includeSubDomains;]
      X-DataCenter: [PHX3]
      X-Request-Id: [sp7BeTwM2hT3bHe9ANqt7C]
    status: {code: 409, message: Conflict}
- request:
    body: '[{"type": "TXT", "name": "random.test", "data": "challengetoken", "ttl": 3600}]'
    headers:
      Accept: [application/json]
      Accept-Encoding: ['gzip, deflate']
      Connection: [keep-alive]
      Content-Length: ['79']
      Content-Type: [application/json]
      User-Agent: [python-requests/2.18.4]
    method: PUT
    uri: https://api.godaddy.com/v1/domains/fullm3tal.online/records/TXT/random.test
  response:
    body: {string: ''}
    headers:
      Cache-Control: ['max-age=0, no-cache, no-store']
      Connection: [keep-alive]
      Content-Length: ['0']
      Content-Type: [text/plain; charset=utf-8]
      Date: ['Wed, 06 Jun 2018 15:21:32 GMT']
      Expires: ['Wed, 06 Jun 2018 15:21:32 GMT']
      Pragma: [no-cache]
      Server: [nginx]
      Strict-Transport-Security: [max-age=15724800; includeSubDomains;]
      X-DataCenter: [PHX3]
      X-Request-Id: [iUw36tq4vCS39Ev92SGWLJ]
    status: {code: 200, message: OK}
- request:
    body: '{}'
    headers:
      Accept: [application/json]
      Accept-Encoding: ['gzip, deflate']
      Connection: [keep-alive]
      Content-Length: ['2']
      Content-Type: [application/json]
      User-Agent: [python-requests/2.18.4]
    method: GET
    uri: https://api.godaddy.com/v1/domains/fullm3tal.online/records/TXT/random.test
  response:
    body: {string: '[{"data":"challengetoken","name":"random.test","ttl":3600,"type":"TXT"}]

        '}
    headers:
      Cache-Control: ['max-age=0, no-cache, no-store']
      Connection: [keep-alive]
      Content-Length: ['73']
      Content-Type: [application/json]
      Date: ['Wed, 06 Jun 2018 15:21:32 GMT']
      Expires: ['Wed, 06 Jun 2018 15:21:32 GMT']
      Pragma: [no-cache]
      Server: [nginx]
      Strict-Transport-Security: [max-age=15724800; includeSubDomains;]
      Vary: [Accept-Encoding]
      X-DataCenter: [PHX3]
      X-Request-Id: [xfGiDinJKu3dAiW6znp8Fg]
    status: {code: 200, message: OK}
version: 1
