interactions:
- request:
    body: '{}'
    headers:
      Accept:
      - '*/*'
      Accept-Encoding:
      - gzip, deflate
      Connection:
      - keep-alive
      Content-Length:
      - '170'
      Content-Type:
      - application/json
      User-Agent:
      - python-requests/2.32.3
    method: POST
    uri: https://api.porkbun.com/api/json/v3/ping
  response:
    body:
      string: '{"status":"SUCCESS","yourIp":"8.8.8.8","xForwardedFor":"8.8.8.8"}'
    headers:
      Cache-Control:
      - no-store, no-cache, must-revalidate
      Connection:
      - keep-alive
      Content-Language:
      - en-US, en
      Content-Type:
      - application/json
      Date:
      - Mon, 14 Oct 2024 00:27:03 GMT
      Expires:
      - Thu, 19 Nov 1981 08:52:00 GMT
      Pragma:
      - no-cache
      Referrer-Policy:
      - origin
      Server:
      - openresty
      Set-Cookie:
      - BUNSESSION2=da2HVsEfXKIeEXBNs49JKU0F3ycPJXBjHPOEKBEVnQSiFbLz; path=/; secure;
        HttpOnly; SameSite=Lax
      Strict-Transport-Security:
      - max-age=63072000; includeSubDomains; preload
      Transfer-Encoding:
      - chunked
      X-Content-Type-Options:
      - nosniff
      X-Frame-Options:
      - sameorigin
      X-XSS-Protection:
      - 1; mode=block
    status:
      code: 200
      message: OK
- request:
    body: '{}'
    headers:
      Accept:
      - '*/*'
      Accept-Encoding:
      - gzip, deflate
      Connection:
      - keep-alive
      Content-Length:
      - '170'
      Content-Type:
      - application/json
      User-Agent:
      - python-requests/2.32.3
    method: POST
    uri: https://api.porkbun.com/api/json/v3/dns/retrieve/example.xyz
  response:
    body:
      string: '{"status":"SUCCESS","cloudflare":"enabled","records":[{"id":"432480875","name":"localhost.example.xyz","type":"A","content":"127.0.0.1","ttl":"3600","prio":"0","notes":null},{"id":"421658077","name":"example.xyz","type":"A","content":"8.8.8.8","ttl":"600","prio":"0","notes":null},{"id":"421671186","name":"*.example.xyz","type":"CNAME","content":"example.xyz","ttl":"600","prio":"0","notes":""},{"id":"432480882","name":"docs.example.xyz","type":"CNAME","content":"docs.example.com","ttl":"3600","prio":"0","notes":null},{"id":"421642428","name":"example.xyz","type":"NS","content":"maceio.porkbun.com","ttl":"86400","prio":null,"notes":null},{"id":"421642429","name":"example.xyz","type":"NS","content":"salvador.porkbun.com","ttl":"86400","prio":null,"notes":null},{"id":"421642430","name":"example.xyz","type":"NS","content":"fortaleza.porkbun.com","ttl":"86400","prio":null,"notes":null},{"id":"421642431","name":"example.xyz","type":"NS","content":"curitiba.porkbun.com","ttl":"86400","prio":null,"notes":null},{"id":"432480894","name":"_acme-challenge.fqdn.example.xyz","type":"TXT","content":"challengetoken","ttl":"3600","prio":"0","notes":null},{"id":"432480897","name":"_acme-challenge.full.example.xyz","type":"TXT","content":"challengetoken","ttl":"3600","prio":"0","notes":null},{"id":"432480902","name":"_acme-challenge.test.example.xyz","type":"TXT","content":"challengetoken","ttl":"3600","prio":"0","notes":null},{"id":"432480908","name":"_acme-challenge.createrecordset.example.xyz","type":"TXT","content":"challengetoken1","ttl":"3600","prio":"0","notes":null},{"id":"432480912","name":"_acme-challenge.createrecordset.example.xyz","type":"TXT","content":"challengetoken2","ttl":"3600","prio":"0","notes":null},{"id":"432480916","name":"_acme-challenge.noop.example.xyz","type":"TXT","content":"challengetoken","ttl":"3600","prio":"0","notes":null}]}'
    headers:
      Cache-Control:
      - no-store, no-cache, must-revalidate
      Connection:
      - keep-alive
      Content-Language:
      - en-US, en
      Content-Type:
      - application/json
      Date:
      - Mon, 14 Oct 2024 00:27:06 GMT
      Expires:
      - Thu, 19 Nov 1981 08:52:00 GMT
      Pragma:
      - no-cache
      Referrer-Policy:
      - origin
      Server:
      - openresty
      Set-Cookie:
      - BUNSESSION2=BfTH130laPJtl1m4RlmTNrGn9a3J5C0bxADyK3mchn%2CuNSZc; path=/; secure;
        HttpOnly; SameSite=Lax
      Strict-Transport-Security:
      - max-age=63072000; includeSubDomains; preload
      Transfer-Encoding:
      - chunked
      X-Content-Type-Options:
      - nosniff
      X-Frame-Options:
      - sameorigin
      X-XSS-Protection:
      - 1; mode=block
    status:
      code: 200
      message: OK
- request:
    body: '{}'
    headers:
      Accept:
      - '*/*'
      Accept-Encoding:
      - gzip, deflate
      Connection:
      - keep-alive
      Content-Length:
      - '170'
      Content-Type:
      - application/json
      User-Agent:
      - python-requests/2.32.3
    method: POST
    uri: https://api.porkbun.com/api/json/v3/dns/retrieve/example.xyz
  response:
    body:
      string: '{"status":"SUCCESS","cloudflare":"enabled","records":[{"id":"432480875","name":"localhost.example.xyz","type":"A","content":"127.0.0.1","ttl":"3600","prio":"0","notes":null},{"id":"421658077","name":"example.xyz","type":"A","content":"8.8.8.8","ttl":"600","prio":"0","notes":null},{"id":"421671186","name":"*.example.xyz","type":"CNAME","content":"example.xyz","ttl":"600","prio":"0","notes":""},{"id":"432480882","name":"docs.example.xyz","type":"CNAME","content":"docs.example.com","ttl":"3600","prio":"0","notes":null},{"id":"421642428","name":"example.xyz","type":"NS","content":"maceio.porkbun.com","ttl":"86400","prio":null,"notes":null},{"id":"421642429","name":"example.xyz","type":"NS","content":"salvador.porkbun.com","ttl":"86400","prio":null,"notes":null},{"id":"421642430","name":"example.xyz","type":"NS","content":"fortaleza.porkbun.com","ttl":"86400","prio":null,"notes":null},{"id":"421642431","name":"example.xyz","type":"NS","content":"curitiba.porkbun.com","ttl":"86400","prio":null,"notes":null},{"id":"432480894","name":"_acme-challenge.fqdn.example.xyz","type":"TXT","content":"challengetoken","ttl":"3600","prio":"0","notes":null},{"id":"432480897","name":"_acme-challenge.full.example.xyz","type":"TXT","content":"challengetoken","ttl":"3600","prio":"0","notes":null},{"id":"432480902","name":"_acme-challenge.test.example.xyz","type":"TXT","content":"challengetoken","ttl":"3600","prio":"0","notes":null},{"id":"432480908","name":"_acme-challenge.createrecordset.example.xyz","type":"TXT","content":"challengetoken1","ttl":"3600","prio":"0","notes":null},{"id":"432480912","name":"_acme-challenge.createrecordset.example.xyz","type":"TXT","content":"challengetoken2","ttl":"3600","prio":"0","notes":null},{"id":"432480916","name":"_acme-challenge.noop.example.xyz","type":"TXT","content":"challengetoken","ttl":"3600","prio":"0","notes":null}]}'
    headers:
      Cache-Control:
      - no-store, no-cache, must-revalidate
      Connection:
      - keep-alive
      Content-Language:
      - en-US, en
      Content-Type:
      - application/json
      Date:
      - Mon, 14 Oct 2024 00:27:08 GMT
      Expires:
      - Thu, 19 Nov 1981 08:52:00 GMT
      Pragma:
      - no-cache
      Referrer-Policy:
      - origin
      Server:
      - openresty
      Set-Cookie:
      - BUNSESSION2=zAYhSvnZd3QRpoZ0z0UNXauTE2DNlPSAtO4zGfRjCXde7djl; path=/; secure;
        HttpOnly; SameSite=Lax
      Strict-Transport-Security:
      - max-age=63072000; includeSubDomains; preload
      Transfer-Encoding:
      - chunked
      X-Content-Type-Options:
      - nosniff
      X-Frame-Options:
      - sameorigin
      X-XSS-Protection:
      - 1; mode=block
    status:
      code: 200
      message: OK
- request:
    body: '{"type": "TXT", "content": "challengetoken", "name": "delete.testfqdn",
      "ttl": 3600}'
    headers:
      Accept:
      - '*/*'
      Accept-Encoding:
      - gzip, deflate
      Connection:
      - keep-alive
      Content-Length:
      - '254'
      Content-Type:
      - application/json
      User-Agent:
      - python-requests/2.32.3
    method: POST
    uri: https://api.porkbun.com/api/json/v3/dns/create/example.xyz
  response:
    body:
      string: '{"status":"SUCCESS","id":432480944}'
    headers:
      Cache-Control:
      - no-store, no-cache, must-revalidate
      Connection:
      - keep-alive
      Content-Language:
      - en-US, en
      Content-Type:
      - application/json
      Date:
      - Mon, 14 Oct 2024 00:27:10 GMT
      Expires:
      - Thu, 19 Nov 1981 08:52:00 GMT
      Pragma:
      - no-cache
      Referrer-Policy:
      - origin
      Server:
      - openresty
      Set-Cookie:
      - BUNSESSION2=9mhgUAc4dB8OADQgXsw32fQ8OISMHwaIX%2CfLB5I9l0xBG7ua; path=/; secure;
        HttpOnly; SameSite=Lax
      Strict-Transport-Security:
      - max-age=63072000; includeSubDomains; preload
      Transfer-Encoding:
      - chunked
      X-Content-Type-Options:
      - nosniff
      X-Frame-Options:
      - sameorigin
      X-XSS-Protection:
      - 1; mode=block
    status:
      code: 200
      message: OK
- request:
    body: '{}'
    headers:
      Accept:
      - '*/*'
      Accept-Encoding:
      - gzip, deflate
      Connection:
      - keep-alive
      Content-Length:
      - '170'
      Content-Type:
      - application/json
      User-Agent:
      - python-requests/2.32.3
    method: POST
    uri: https://api.porkbun.com/api/json/v3/dns/retrieve/example.xyz
  response:
    body:
      string: '{"status":"SUCCESS","cloudflare":"enabled","records":[{"id":"432480875","name":"localhost.example.xyz","type":"A","content":"127.0.0.1","ttl":"3600","prio":"0","notes":null},{"id":"421658077","name":"example.xyz","type":"A","content":"8.8.8.8","ttl":"600","prio":"0","notes":null},{"id":"421671186","name":"*.example.xyz","type":"CNAME","content":"example.xyz","ttl":"600","prio":"0","notes":""},{"id":"432480882","name":"docs.example.xyz","type":"CNAME","content":"docs.example.com","ttl":"3600","prio":"0","notes":null},{"id":"421642428","name":"example.xyz","type":"NS","content":"maceio.porkbun.com","ttl":"86400","prio":null,"notes":null},{"id":"421642429","name":"example.xyz","type":"NS","content":"salvador.porkbun.com","ttl":"86400","prio":null,"notes":null},{"id":"421642430","name":"example.xyz","type":"NS","content":"fortaleza.porkbun.com","ttl":"86400","prio":null,"notes":null},{"id":"421642431","name":"example.xyz","type":"NS","content":"curitiba.porkbun.com","ttl":"86400","prio":null,"notes":null},{"id":"432480894","name":"_acme-challenge.fqdn.example.xyz","type":"TXT","content":"challengetoken","ttl":"3600","prio":"0","notes":null},{"id":"432480897","name":"_acme-challenge.full.example.xyz","type":"TXT","content":"challengetoken","ttl":"3600","prio":"0","notes":null},{"id":"432480902","name":"_acme-challenge.test.example.xyz","type":"TXT","content":"challengetoken","ttl":"3600","prio":"0","notes":null},{"id":"432480908","name":"_acme-challenge.createrecordset.example.xyz","type":"TXT","content":"challengetoken1","ttl":"3600","prio":"0","notes":null},{"id":"432480912","name":"_acme-challenge.createrecordset.example.xyz","type":"TXT","content":"challengetoken2","ttl":"3600","prio":"0","notes":null},{"id":"432480916","name":"_acme-challenge.noop.example.xyz","type":"TXT","content":"challengetoken","ttl":"3600","prio":"0","notes":null},{"id":"432480944","name":"delete.testfqdn.example.xyz","type":"TXT","content":"challengetoken","ttl":"3600","prio":"0","notes":null}]}'
    headers:
      Cache-Control:
      - no-store, no-cache, must-revalidate
      Connection:
      - keep-alive
      Content-Language:
      - en-US, en
      Content-Type:
      - application/json
      Date:
      - Mon, 14 Oct 2024 00:27:11 GMT
      Expires:
      - Thu, 19 Nov 1981 08:52:00 GMT
      Pragma:
      - no-cache
      Referrer-Policy:
      - origin
      Server:
      - openresty
      Set-Cookie:
      - BUNSESSION2=GmZh%2Cf7uCI3n-7tZoYUnZg2pR9RcbhzmjJmX2Pfamf2dXvTI; path=/; secure;
        HttpOnly; SameSite=Lax
      Strict-Transport-Security:
      - max-age=63072000; includeSubDomains; preload
      Transfer-Encoding:
      - chunked
      X-Content-Type-Options:
      - nosniff
      X-Frame-Options:
      - sameorigin
      X-XSS-Protection:
      - 1; mode=block
    status:
      code: 200
      message: OK
- request:
    body: '{}'
    headers:
      Accept:
      - '*/*'
      Accept-Encoding:
      - gzip, deflate
      Connection:
      - keep-alive
      Content-Length:
      - '170'
      Content-Type:
      - application/json
      User-Agent:
      - python-requests/2.32.3
    method: POST
    uri: https://api.porkbun.com/api/json/v3/dns/delete/example.xyz/432480944
  response:
    body:
      string: '{"status":"SUCCESS"}'
    headers:
      Cache-Control:
      - no-store, no-cache, must-revalidate
      Connection:
      - keep-alive
      Content-Language:
      - en-US, en
      Content-Type:
      - application/json
      Date:
      - Mon, 14 Oct 2024 00:27:12 GMT
      Expires:
      - Thu, 19 Nov 1981 08:52:00 GMT
      Pragma:
      - no-cache
      Referrer-Policy:
      - origin
      Server:
      - openresty
      Set-Cookie:
      - BUNSESSION2=zgIqnMlc3MGZJ0IgSkKBCUs1tlBqEUnRGLJNwA5dSyeLSr3R; path=/; secure;
        HttpOnly; SameSite=Lax
      Strict-Transport-Security:
      - max-age=63072000; includeSubDomains; preload
      Transfer-Encoding:
      - chunked
      X-Content-Type-Options:
      - nosniff
      X-Frame-Options:
      - sameorigin
      X-XSS-Protection:
      - 1; mode=block
    status:
      code: 200
      message: OK
- request:
    body: '{}'
    headers:
      Accept:
      - '*/*'
      Accept-Encoding:
      - gzip, deflate
      Connection:
      - keep-alive
      Content-Length:
      - '170'
      Content-Type:
      - application/json
      User-Agent:
      - python-requests/2.32.3
    method: POST
    uri: https://api.porkbun.com/api/json/v3/dns/retrieve/example.xyz
  response:
    body:
      string: '{"status":"SUCCESS","cloudflare":"enabled","records":[{"id":"432480875","name":"localhost.example.xyz","type":"A","content":"127.0.0.1","ttl":"3600","prio":"0","notes":null},{"id":"421658077","name":"example.xyz","type":"A","content":"8.8.8.8","ttl":"600","prio":"0","notes":null},{"id":"421671186","name":"*.example.xyz","type":"CNAME","content":"example.xyz","ttl":"600","prio":"0","notes":""},{"id":"432480882","name":"docs.example.xyz","type":"CNAME","content":"docs.example.com","ttl":"3600","prio":"0","notes":null},{"id":"421642428","name":"example.xyz","type":"NS","content":"maceio.porkbun.com","ttl":"86400","prio":null,"notes":null},{"id":"421642429","name":"example.xyz","type":"NS","content":"salvador.porkbun.com","ttl":"86400","prio":null,"notes":null},{"id":"421642430","name":"example.xyz","type":"NS","content":"fortaleza.porkbun.com","ttl":"86400","prio":null,"notes":null},{"id":"421642431","name":"example.xyz","type":"NS","content":"curitiba.porkbun.com","ttl":"86400","prio":null,"notes":null},{"id":"432480894","name":"_acme-challenge.fqdn.example.xyz","type":"TXT","content":"challengetoken","ttl":"3600","prio":"0","notes":null},{"id":"432480897","name":"_acme-challenge.full.example.xyz","type":"TXT","content":"challengetoken","ttl":"3600","prio":"0","notes":null},{"id":"432480902","name":"_acme-challenge.test.example.xyz","type":"TXT","content":"challengetoken","ttl":"3600","prio":"0","notes":null},{"id":"432480908","name":"_acme-challenge.createrecordset.example.xyz","type":"TXT","content":"challengetoken1","ttl":"3600","prio":"0","notes":null},{"id":"432480912","name":"_acme-challenge.createrecordset.example.xyz","type":"TXT","content":"challengetoken2","ttl":"3600","prio":"0","notes":null},{"id":"432480916","name":"_acme-challenge.noop.example.xyz","type":"TXT","content":"challengetoken","ttl":"3600","prio":"0","notes":null}]}'
    headers:
      Cache-Control:
      - no-store, no-cache, must-revalidate
      Connection:
      - keep-alive
      Content-Language:
      - en-US, en
      Content-Type:
      - application/json
      Date:
      - Mon, 14 Oct 2024 00:27:13 GMT
      Expires:
      - Thu, 19 Nov 1981 08:52:00 GMT
      Pragma:
      - no-cache
      Referrer-Policy:
      - origin
      Server:
      - openresty
      Set-Cookie:
      - BUNSESSION2=EUECjR2FniMFX2rCNb0YT5m7COyoA4X2fepdxJpUYog4hPcg; path=/; secure;
        HttpOnly; SameSite=Lax
      Strict-Transport-Security:
      - max-age=63072000; includeSubDomains; preload
      Transfer-Encoding:
      - chunked
      X-Content-Type-Options:
      - nosniff
      X-Frame-Options:
      - sameorigin
      X-XSS-Protection:
      - 1; mode=block
    status:
      code: 200
      message: OK
version: 1
