interactions:
- request:
    body: '{}'
    headers:
      Accept:
      - '*/*'
      Accept-Encoding:
      - gzip, deflate
      Connection:
      - keep-alive
      Content-Length:
      - '170'
      Content-Type:
      - application/json
      User-Agent:
      - python-requests/2.27.1
    method: POST
    uri: https://porkbun.com/api/json/v3/ping
  response:
    body:
      string: '{"status":"SUCCESS","yourIp":"8.8.8.8"}'
    headers:
      Cache-Control:
      - no-store, no-cache, must-revalidate
      Connection:
      - keep-alive
      Content-Language:
      - en-US, en
      Content-Type:
      - application/json
      Date:
      - Sun, 12 Jun 2022 01:18:01 GMT
      Expires:
      - Thu, 19 Nov 1981 08:52:00 GMT
      Pragma:
      - no-cache
      Referrer-Policy:
      - origin
      Server:
      - openresty
      Set-Cookie:
      - AWSALB=LEfGuPsJhdkbfugDAw9l2WYQLiKsUzMJKgvJLkJKiuaZXNK/GB71ECLyl7B7fVmK+ma7v0w1PPQUBo1dsEnfYPZKTAU3lhRb8y0+7XMr1TFGlen2fN5/NK3x0ktx;
        Expires=Sun, 19 Jun 2022 01:18:01 GMT; Path=/
      - AWSALBCORS=LEfGuPsJhdkbfugDAw9l2WYQLiKsUzMJKgvJLkJKiuaZXNK/GB71ECLyl7B7fVmK+ma7v0w1PPQUBo1dsEnfYPZKTAU3lhRb8y0+7XMr1TFGlen2fN5/NK3x0ktx;
        Expires=Sun, 19 Jun 2022 01:18:01 GMT; Path=/; SameSite=None; Secure
      - BUNSESSION2=8yrT%2CV42vsCCM9zvY3dPQuwDlaKBK%2CNarmyH%2C19jsfIhNzy2; path=/;
        secure; HttpOnly; SameSite=Lax
      Strict-Transport-Security:
      - max-age=63072000; includeSubDomains; preload
      Transfer-Encoding:
      - chunked
      X-Content-Type-Options:
      - nosniff
      X-Frame-Options:
      - sameorigin
      X-XSS-Protection:
      - 1; mode=block
    status:
      code: 200
      message: OK
- request:
    body: '{}'
    headers:
      Accept:
      - '*/*'
      Accept-Encoding:
      - gzip, deflate
      Connection:
      - keep-alive
      Content-Length:
      - '170'
      Content-Type:
      - application/json
      User-Agent:
      - python-requests/2.27.1
    method: POST
    uri: https://porkbun.com/api/json/v3/dns/retrieve/example.xyz
  response:
    body:
      string: '{"status":"SUCCESS","cloudflare":"disabled","records":[{"id":"236096065","name":"example.xyz","type":"A","content":"8.8.8.8","ttl":"600","prio":"0"},{"id":"236238296","name":"www.example.xyz","type":"A","content":"8.8.8.8","ttl":"600","prio":"0"},{"id":"236272619","name":"localhost.example.xyz","type":"A","content":"127.0.0.1","ttl":"3600","prio":"0"},{"id":"230514990","name":"example.xyz","type":"ALIAS","content":"pixie.porkbun.com","ttl":"600","prio":null},{"id":"230514991","name":"www.example.xyz","type":"ALIAS","content":"pixie.porkbun.com","ttl":"600","prio":null},{"id":"230514992","name":"*.example.xyz","type":"CNAME","content":"pixie.porkbun.com","ttl":"600","prio":null},{"id":"236272623","name":"docs.example.xyz","type":"CNAME","content":"docs.example.com","ttl":"3600","prio":"0"},{"id":"230514985","name":"example.xyz","type":"MX","content":"fwd1.porkbun.com","ttl":"600","prio":"10"},{"id":"230514986","name":"example.xyz","type":"MX","content":"fwd2.porkbun.com","ttl":"600","prio":"20"},{"id":"236272660","name":"_acme-challenge.deleterecordinset.example.xyz","type":"TXT","content":"challengetoken2","ttl":"3600","prio":"0"},{"id":"236272672","name":"_acme-challenge.deleterecordset.example.xyz","type":"TXT","content":"challengetoken1","ttl":"3600","prio":"0"},{"id":"236272628","name":"_acme-challenge.fqdn.example.xyz","type":"TXT","content":"challengetoken","ttl":"3600","prio":"0"},{"id":"236272629","name":"_acme-challenge.full.example.xyz","type":"TXT","content":"challengetoken","ttl":"3600","prio":"0"},{"id":"236272630","name":"_acme-challenge.test.example.xyz","type":"TXT","content":"challengetoken","ttl":"3600","prio":"0"},{"id":"236272631","name":"_acme-challenge.createrecordset.example.xyz","type":"TXT","content":"challengetoken1","ttl":"3600","prio":"0"},{"id":"236272632","name":"_acme-challenge.createrecordset.example.xyz","type":"TXT","content":"challengetoken2","ttl":"3600","prio":"0"},{"id":"236272635","name":"_acme-challenge.noop.example.xyz","type":"TXT","content":"challengetoken","ttl":"3600","prio":"0"}]}'
    headers:
      Cache-Control:
      - no-store, no-cache, must-revalidate
      Connection:
      - keep-alive
      Content-Language:
      - en-US, en
      Content-Type:
      - application/json
      Date:
      - Sun, 12 Jun 2022 01:18:02 GMT
      Expires:
      - Thu, 19 Nov 1981 08:52:00 GMT
      Pragma:
      - no-cache
      Referrer-Policy:
      - origin
      Server:
      - openresty
      Set-Cookie:
      - AWSALB=htXcRncVH8nReE70rBbCtaI7g5KyEU3zJjbHPnfVo4CDVW7osH/vzUxQ0BH013r+h6p2lu8P2YG1S7fE9vtpuE9U5XcFcUAbmY5L+QbQQSZPuJbplbIuK4PHTQqS;
        Expires=Sun, 19 Jun 2022 01:18:02 GMT; Path=/
      - AWSALBCORS=htXcRncVH8nReE70rBbCtaI7g5KyEU3zJjbHPnfVo4CDVW7osH/vzUxQ0BH013r+h6p2lu8P2YG1S7fE9vtpuE9U5XcFcUAbmY5L+QbQQSZPuJbplbIuK4PHTQqS;
        Expires=Sun, 19 Jun 2022 01:18:02 GMT; Path=/; SameSite=None; Secure
      - BUNSESSION2=GPFRQ39o6DBVppWNVK-UOh%2C6aNroWIyUcyFWZKhDpo0AaDxr; path=/; secure;
        HttpOnly; SameSite=Lax
      Strict-Transport-Security:
      - max-age=63072000; includeSubDomains; preload
      Transfer-Encoding:
      - chunked
      X-Content-Type-Options:
      - nosniff
      X-Frame-Options:
      - sameorigin
      X-XSS-Protection:
      - 1; mode=block
    status:
      code: 200
      message: OK
- request:
    body: '{}'
    headers:
      Accept:
      - '*/*'
      Accept-Encoding:
      - gzip, deflate
      Connection:
      - keep-alive
      Content-Length:
      - '170'
      Content-Type:
      - application/json
      User-Agent:
      - python-requests/2.27.1
    method: POST
    uri: https://porkbun.com/api/json/v3/dns/retrieve/example.xyz
  response:
    body:
      string: '{"status":"SUCCESS","cloudflare":"disabled","records":[{"id":"236096065","name":"example.xyz","type":"A","content":"8.8.8.8","ttl":"600","prio":"0"},{"id":"236238296","name":"www.example.xyz","type":"A","content":"8.8.8.8","ttl":"600","prio":"0"},{"id":"236272619","name":"localhost.example.xyz","type":"A","content":"127.0.0.1","ttl":"3600","prio":"0"},{"id":"230514990","name":"example.xyz","type":"ALIAS","content":"pixie.porkbun.com","ttl":"600","prio":null},{"id":"230514991","name":"www.example.xyz","type":"ALIAS","content":"pixie.porkbun.com","ttl":"600","prio":null},{"id":"230514992","name":"*.example.xyz","type":"CNAME","content":"pixie.porkbun.com","ttl":"600","prio":null},{"id":"236272623","name":"docs.example.xyz","type":"CNAME","content":"docs.example.com","ttl":"3600","prio":"0"},{"id":"230514985","name":"example.xyz","type":"MX","content":"fwd1.porkbun.com","ttl":"600","prio":"10"},{"id":"230514986","name":"example.xyz","type":"MX","content":"fwd2.porkbun.com","ttl":"600","prio":"20"},{"id":"236272660","name":"_acme-challenge.deleterecordinset.example.xyz","type":"TXT","content":"challengetoken2","ttl":"3600","prio":"0"},{"id":"236272672","name":"_acme-challenge.deleterecordset.example.xyz","type":"TXT","content":"challengetoken1","ttl":"3600","prio":"0"},{"id":"236272628","name":"_acme-challenge.fqdn.example.xyz","type":"TXT","content":"challengetoken","ttl":"3600","prio":"0"},{"id":"236272629","name":"_acme-challenge.full.example.xyz","type":"TXT","content":"challengetoken","ttl":"3600","prio":"0"},{"id":"236272630","name":"_acme-challenge.test.example.xyz","type":"TXT","content":"challengetoken","ttl":"3600","prio":"0"},{"id":"236272631","name":"_acme-challenge.createrecordset.example.xyz","type":"TXT","content":"challengetoken1","ttl":"3600","prio":"0"},{"id":"236272632","name":"_acme-challenge.createrecordset.example.xyz","type":"TXT","content":"challengetoken2","ttl":"3600","prio":"0"},{"id":"236272635","name":"_acme-challenge.noop.example.xyz","type":"TXT","content":"challengetoken","ttl":"3600","prio":"0"}]}'
    headers:
      Cache-Control:
      - no-store, no-cache, must-revalidate
      Connection:
      - keep-alive
      Content-Language:
      - en-US, en
      Content-Type:
      - application/json
      Date:
      - Sun, 12 Jun 2022 01:18:03 GMT
      Expires:
      - Thu, 19 Nov 1981 08:52:00 GMT
      Pragma:
      - no-cache
      Referrer-Policy:
      - origin
      Server:
      - openresty
      Set-Cookie:
      - AWSALB=DxsuUZsYObj/hjFncXvNVaWUW0qQNiPuG/vIaf4/knarXM6XGQ76zdHdJ5WXA7l2cARuHxDO9iKvtoMcBIyHQCCqvlSvHnp51pE+X08Uz50ULfd0m+6/qLQ8rqJ0;
        Expires=Sun, 19 Jun 2022 01:18:03 GMT; Path=/
      - AWSALBCORS=DxsuUZsYObj/hjFncXvNVaWUW0qQNiPuG/vIaf4/knarXM6XGQ76zdHdJ5WXA7l2cARuHxDO9iKvtoMcBIyHQCCqvlSvHnp51pE+X08Uz50ULfd0m+6/qLQ8rqJ0;
        Expires=Sun, 19 Jun 2022 01:18:03 GMT; Path=/; SameSite=None; Secure
      - BUNSESSION2=yva0mG7w01i0yHgPyQtuImOnPTRNMVQoAg8BkwYVmfvEQ%2Clj; path=/; secure;
        HttpOnly; SameSite=Lax
      Strict-Transport-Security:
      - max-age=63072000; includeSubDomains; preload
      Transfer-Encoding:
      - chunked
      X-Content-Type-Options:
      - nosniff
      X-Frame-Options:
      - sameorigin
      X-XSS-Protection:
      - 1; mode=block
    status:
      code: 200
      message: OK
- request:
    body: '{"type": "TXT", "content": "ttlshouldbe3600", "name": "ttl.fqdn", "ttl":
      3600}'
    headers:
      Accept:
      - '*/*'
      Accept-Encoding:
      - gzip, deflate
      Connection:
      - keep-alive
      Content-Length:
      - '248'
      Content-Type:
      - application/json
      User-Agent:
      - python-requests/2.27.1
    method: POST
    uri: https://porkbun.com/api/json/v3/dns/create/example.xyz
  response:
    body:
      string: '{"status":"SUCCESS","id":236272889}'
    headers:
      Cache-Control:
      - no-store, no-cache, must-revalidate
      Connection:
      - keep-alive
      Content-Language:
      - en-US, en
      Content-Type:
      - application/json
      Date:
      - Sun, 12 Jun 2022 01:18:04 GMT
      Expires:
      - Thu, 19 Nov 1981 08:52:00 GMT
      Pragma:
      - no-cache
      Referrer-Policy:
      - origin
      Server:
      - openresty
      Set-Cookie:
      - AWSALB=10nafRdEC+mS5MiOgnOwbaFrdWdyUqPbxTaW0U1jYxKw9rIKaKnU/W8YuvAfkeoaPTEM+VBPjWjXbiC6T0W5mzsMeQDDLibXCAR2oLYfmNMxRVvmGR77cynF3Jpc;
        Expires=Sun, 19 Jun 2022 01:18:03 GMT; Path=/
      - AWSALBCORS=10nafRdEC+mS5MiOgnOwbaFrdWdyUqPbxTaW0U1jYxKw9rIKaKnU/W8YuvAfkeoaPTEM+VBPjWjXbiC6T0W5mzsMeQDDLibXCAR2oLYfmNMxRVvmGR77cynF3Jpc;
        Expires=Sun, 19 Jun 2022 01:18:03 GMT; Path=/; SameSite=None; Secure
      - BUNSESSION2=tGXGe6FXywR8CnGJ6jvJhDKyin426ZMU4aHXk9S%2CUyo%2CCjpm; path=/;
        secure; HttpOnly; SameSite=Lax
      Strict-Transport-Security:
      - max-age=63072000; includeSubDomains; preload
      Transfer-Encoding:
      - chunked
      X-Content-Type-Options:
      - nosniff
      X-Frame-Options:
      - sameorigin
      X-XSS-Protection:
      - 1; mode=block
    status:
      code: 200
      message: OK
- request:
    body: '{}'
    headers:
      Accept:
      - '*/*'
      Accept-Encoding:
      - gzip, deflate
      Connection:
      - keep-alive
      Content-Length:
      - '170'
      Content-Type:
      - application/json
      User-Agent:
      - python-requests/2.27.1
    method: POST
    uri: https://porkbun.com/api/json/v3/dns/retrieve/example.xyz
  response:
    body:
      string: '{"status":"SUCCESS","cloudflare":"disabled","records":[{"id":"236096065","name":"example.xyz","type":"A","content":"8.8.8.8","ttl":"600","prio":"0"},{"id":"236238296","name":"www.example.xyz","type":"A","content":"8.8.8.8","ttl":"600","prio":"0"},{"id":"236272619","name":"localhost.example.xyz","type":"A","content":"127.0.0.1","ttl":"3600","prio":"0"},{"id":"230514990","name":"example.xyz","type":"ALIAS","content":"pixie.porkbun.com","ttl":"600","prio":null},{"id":"230514991","name":"www.example.xyz","type":"ALIAS","content":"pixie.porkbun.com","ttl":"600","prio":null},{"id":"230514992","name":"*.example.xyz","type":"CNAME","content":"pixie.porkbun.com","ttl":"600","prio":null},{"id":"236272623","name":"docs.example.xyz","type":"CNAME","content":"docs.example.com","ttl":"3600","prio":"0"},{"id":"230514985","name":"example.xyz","type":"MX","content":"fwd1.porkbun.com","ttl":"600","prio":"10"},{"id":"230514986","name":"example.xyz","type":"MX","content":"fwd2.porkbun.com","ttl":"600","prio":"20"},{"id":"236272660","name":"_acme-challenge.deleterecordinset.example.xyz","type":"TXT","content":"challengetoken2","ttl":"3600","prio":"0"},{"id":"236272672","name":"_acme-challenge.deleterecordset.example.xyz","type":"TXT","content":"challengetoken1","ttl":"3600","prio":"0"},{"id":"236272628","name":"_acme-challenge.fqdn.example.xyz","type":"TXT","content":"challengetoken","ttl":"3600","prio":"0"},{"id":"236272629","name":"_acme-challenge.full.example.xyz","type":"TXT","content":"challengetoken","ttl":"3600","prio":"0"},{"id":"236272630","name":"_acme-challenge.test.example.xyz","type":"TXT","content":"challengetoken","ttl":"3600","prio":"0"},{"id":"236272631","name":"_acme-challenge.createrecordset.example.xyz","type":"TXT","content":"challengetoken1","ttl":"3600","prio":"0"},{"id":"236272632","name":"_acme-challenge.createrecordset.example.xyz","type":"TXT","content":"challengetoken2","ttl":"3600","prio":"0"},{"id":"236272889","name":"ttl.fqdn.example.xyz","type":"TXT","content":"ttlshouldbe3600","ttl":"3600","prio":"0"},{"id":"236272635","name":"_acme-challenge.noop.example.xyz","type":"TXT","content":"challengetoken","ttl":"3600","prio":"0"}]}'
    headers:
      Cache-Control:
      - no-store, no-cache, must-revalidate
      Connection:
      - keep-alive
      Content-Language:
      - en-US, en
      Content-Type:
      - application/json
      Date:
      - Sun, 12 Jun 2022 01:18:04 GMT
      Expires:
      - Thu, 19 Nov 1981 08:52:00 GMT
      Pragma:
      - no-cache
      Referrer-Policy:
      - origin
      Server:
      - openresty
      Set-Cookie:
      - AWSALB=qTyVMBG9JjTfKJWu988oThOu4h/96Quszre9KMXEQjZSXIv4+kT9JfFf+YgPmw+L2/6pWLbwWNoNmo0XdsynSe/7Uiffmpbv9Znpw9e1Bk/cXkxGzV0+aizXatGU;
        Expires=Sun, 19 Jun 2022 01:18:04 GMT; Path=/
      - AWSALBCORS=qTyVMBG9JjTfKJWu988oThOu4h/96Quszre9KMXEQjZSXIv4+kT9JfFf+YgPmw+L2/6pWLbwWNoNmo0XdsynSe/7Uiffmpbv9Znpw9e1Bk/cXkxGzV0+aizXatGU;
        Expires=Sun, 19 Jun 2022 01:18:04 GMT; Path=/; SameSite=None; Secure
      - BUNSESSION2=vfpcYD4tHBSyP%2CgPs8TbUC5%2C1js13OuFmvVaWDB0Z2Txue1t; path=/;
        secure; HttpOnly; SameSite=Lax
      Strict-Transport-Security:
      - max-age=63072000; includeSubDomains; preload
      Transfer-Encoding:
      - chunked
      X-Content-Type-Options:
      - nosniff
      X-Frame-Options:
      - sameorigin
      X-XSS-Protection:
      - 1; mode=block
    status:
      code: 200
      message: OK
version: 1
