interactions:
- request:
    body: '{}'
    headers:
      Accept:
      - '*/*'
      Accept-Encoding:
      - gzip, deflate
      Connection:
      - keep-alive
      Content-Length:
      - '170'
      Content-Type:
      - application/json
      User-Agent:
      - python-requests/2.32.3
    method: POST
    uri: https://api.porkbun.com/api/json/v3/ping
  response:
    body:
      string: '{"status":"SUCCESS","yourIp":"8.8.8.8","xForwardedFor":"8.8.8.8"}'
    headers:
      Cache-Control:
      - no-store, no-cache, must-revalidate
      Connection:
      - keep-alive
      Content-Language:
      - en-US, en
      Content-Type:
      - application/json
      Date:
      - Mon, 14 Oct 2024 00:27:58 GMT
      Expires:
      - Thu, 19 Nov 1981 08:52:00 GMT
      Pragma:
      - no-cache
      Referrer-Policy:
      - origin
      Server:
      - openresty
      Set-Cookie:
      - BUNSESSION2=Gg-UAQ8aZKL8hIPjCo%2CqTvKWZi3pD0-diuaUeLjRM5jzoLNM; path=/; secure;
        HttpOnly; SameSite=Lax
      Strict-Transport-Security:
      - max-age=63072000; includeSubDomains; preload
      Transfer-Encoding:
      - chunked
      X-Content-Type-Options:
      - nosniff
      X-Frame-Options:
      - sameorigin
      X-XSS-Protection:
      - 1; mode=block
    status:
      code: 200
      message: OK
- request:
    body: '{}'
    headers:
      Accept:
      - '*/*'
      Accept-Encoding:
      - gzip, deflate
      Connection:
      - keep-alive
      Content-Length:
      - '170'
      Content-Type:
      - application/json
      User-Agent:
      - python-requests/2.32.3
    method: POST
    uri: https://api.porkbun.com/api/json/v3/dns/retrieve/example.xyz
  response:
    body:
      string: '{"status":"SUCCESS","cloudflare":"enabled","records":[{"id":"432480875","name":"localhost.example.xyz","type":"A","content":"127.0.0.1","ttl":"3600","prio":"0","notes":null},{"id":"421658077","name":"example.xyz","type":"A","content":"8.8.8.8","ttl":"600","prio":"0","notes":null},{"id":"421671186","name":"*.example.xyz","type":"CNAME","content":"example.xyz","ttl":"600","prio":"0","notes":""},{"id":"432480882","name":"docs.example.xyz","type":"CNAME","content":"docs.example.com","ttl":"3600","prio":"0","notes":null},{"id":"421642428","name":"example.xyz","type":"NS","content":"maceio.porkbun.com","ttl":"86400","prio":null,"notes":null},{"id":"421642429","name":"example.xyz","type":"NS","content":"salvador.porkbun.com","ttl":"86400","prio":null,"notes":null},{"id":"421642430","name":"example.xyz","type":"NS","content":"fortaleza.porkbun.com","ttl":"86400","prio":null,"notes":null},{"id":"421642431","name":"example.xyz","type":"NS","content":"curitiba.porkbun.com","ttl":"86400","prio":null,"notes":null},{"id":"432480894","name":"_acme-challenge.fqdn.example.xyz","type":"TXT","content":"challengetoken","ttl":"3600","prio":"0","notes":null},{"id":"432480897","name":"_acme-challenge.full.example.xyz","type":"TXT","content":"challengetoken","ttl":"3600","prio":"0","notes":null},{"id":"432480902","name":"_acme-challenge.test.example.xyz","type":"TXT","content":"challengetoken","ttl":"3600","prio":"0","notes":null},{"id":"432480908","name":"_acme-challenge.createrecordset.example.xyz","type":"TXT","content":"challengetoken1","ttl":"3600","prio":"0","notes":null},{"id":"432480912","name":"_acme-challenge.createrecordset.example.xyz","type":"TXT","content":"challengetoken2","ttl":"3600","prio":"0","notes":null},{"id":"432480916","name":"_acme-challenge.noop.example.xyz","type":"TXT","content":"challengetoken","ttl":"3600","prio":"0","notes":null},{"id":"432480979","name":"_acme-challenge.deleterecordinset.example.xyz","type":"TXT","content":"challengetoken2","ttl":"3600","prio":"0","notes":null},{"id":"432481012","name":"ttl.fqdn.example.xyz","type":"TXT","content":"ttlshouldbe3600","ttl":"3600","prio":"0","notes":null},{"id":"432481019","name":"_acme-challenge.listrecordset.example.xyz","type":"TXT","content":"challengetoken1","ttl":"3600","prio":"0","notes":null},{"id":"432481023","name":"_acme-challenge.listrecordset.example.xyz","type":"TXT","content":"challengetoken2","ttl":"3600","prio":"0","notes":null}]}'
    headers:
      Cache-Control:
      - no-store, no-cache, must-revalidate
      Connection:
      - keep-alive
      Content-Language:
      - en-US, en
      Content-Type:
      - application/json
      Date:
      - Mon, 14 Oct 2024 00:27:59 GMT
      Expires:
      - Thu, 19 Nov 1981 08:52:00 GMT
      Pragma:
      - no-cache
      Referrer-Policy:
      - origin
      Server:
      - openresty
      Set-Cookie:
      - BUNSESSION2=LLm9w%2CMHxuzqNNqUTx5v38NxFLxbmhqxrqy84QN0wr4iU36j; path=/; secure;
        HttpOnly; SameSite=Lax
      Strict-Transport-Security:
      - max-age=63072000; includeSubDomains; preload
      Transfer-Encoding:
      - chunked
      X-Content-Type-Options:
      - nosniff
      X-Frame-Options:
      - sameorigin
      X-XSS-Protection:
      - 1; mode=block
    status:
      code: 200
      message: OK
- request:
    body: '{}'
    headers:
      Accept:
      - '*/*'
      Accept-Encoding:
      - gzip, deflate
      Connection:
      - keep-alive
      Content-Length:
      - '170'
      Content-Type:
      - application/json
      User-Agent:
      - python-requests/2.32.3
    method: POST
    uri: https://api.porkbun.com/api/json/v3/dns/retrieve/example.xyz
  response:
    body:
      string: '{"status":"SUCCESS","cloudflare":"enabled","records":[{"id":"432480875","name":"localhost.example.xyz","type":"A","content":"127.0.0.1","ttl":"3600","prio":"0","notes":null},{"id":"421658077","name":"example.xyz","type":"A","content":"8.8.8.8","ttl":"600","prio":"0","notes":null},{"id":"421671186","name":"*.example.xyz","type":"CNAME","content":"example.xyz","ttl":"600","prio":"0","notes":""},{"id":"432480882","name":"docs.example.xyz","type":"CNAME","content":"docs.example.com","ttl":"3600","prio":"0","notes":null},{"id":"421642428","name":"example.xyz","type":"NS","content":"maceio.porkbun.com","ttl":"86400","prio":null,"notes":null},{"id":"421642429","name":"example.xyz","type":"NS","content":"salvador.porkbun.com","ttl":"86400","prio":null,"notes":null},{"id":"421642430","name":"example.xyz","type":"NS","content":"fortaleza.porkbun.com","ttl":"86400","prio":null,"notes":null},{"id":"421642431","name":"example.xyz","type":"NS","content":"curitiba.porkbun.com","ttl":"86400","prio":null,"notes":null},{"id":"432480894","name":"_acme-challenge.fqdn.example.xyz","type":"TXT","content":"challengetoken","ttl":"3600","prio":"0","notes":null},{"id":"432480897","name":"_acme-challenge.full.example.xyz","type":"TXT","content":"challengetoken","ttl":"3600","prio":"0","notes":null},{"id":"432480902","name":"_acme-challenge.test.example.xyz","type":"TXT","content":"challengetoken","ttl":"3600","prio":"0","notes":null},{"id":"432480908","name":"_acme-challenge.createrecordset.example.xyz","type":"TXT","content":"challengetoken1","ttl":"3600","prio":"0","notes":null},{"id":"432480912","name":"_acme-challenge.createrecordset.example.xyz","type":"TXT","content":"challengetoken2","ttl":"3600","prio":"0","notes":null},{"id":"432480916","name":"_acme-challenge.noop.example.xyz","type":"TXT","content":"challengetoken","ttl":"3600","prio":"0","notes":null},{"id":"432480979","name":"_acme-challenge.deleterecordinset.example.xyz","type":"TXT","content":"challengetoken2","ttl":"3600","prio":"0","notes":null},{"id":"432481012","name":"ttl.fqdn.example.xyz","type":"TXT","content":"ttlshouldbe3600","ttl":"3600","prio":"0","notes":null},{"id":"432481019","name":"_acme-challenge.listrecordset.example.xyz","type":"TXT","content":"challengetoken1","ttl":"3600","prio":"0","notes":null},{"id":"432481023","name":"_acme-challenge.listrecordset.example.xyz","type":"TXT","content":"challengetoken2","ttl":"3600","prio":"0","notes":null}]}'
    headers:
      Cache-Control:
      - no-store, no-cache, must-revalidate
      Connection:
      - keep-alive
      Content-Language:
      - en-US, en
      Content-Type:
      - application/json
      Date:
      - Mon, 14 Oct 2024 00:28:00 GMT
      Expires:
      - Thu, 19 Nov 1981 08:52:00 GMT
      Pragma:
      - no-cache
      Referrer-Policy:
      - origin
      Server:
      - openresty
      Set-Cookie:
      - BUNSESSION2=eaW5UCPTORJ09O%2CuO4HYYnZD7FUDU9DJkiCdpKaf0RjchxO2; path=/; secure;
        HttpOnly; SameSite=Lax
      Strict-Transport-Security:
      - max-age=63072000; includeSubDomains; preload
      Transfer-Encoding:
      - chunked
      X-Content-Type-Options:
      - nosniff
      X-Frame-Options:
      - sameorigin
      X-XSS-Protection:
      - 1; mode=block
    status:
      code: 200
      message: OK
- request:
    body: '{"type": "TXT", "content": "challengetoken", "name": "random.fqdntest",
      "ttl": 3600}'
    headers:
      Accept:
      - '*/*'
      Accept-Encoding:
      - gzip, deflate
      Connection:
      - keep-alive
      Content-Length:
      - '254'
      Content-Type:
      - application/json
      User-Agent:
      - python-requests/2.32.3
    method: POST
    uri: https://api.porkbun.com/api/json/v3/dns/create/example.xyz
  response:
    body:
      string: '{"status":"SUCCESS","id":432481026}'
    headers:
      Cache-Control:
      - no-store, no-cache, must-revalidate
      Connection:
      - keep-alive
      Content-Language:
      - en-US, en
      Content-Type:
      - application/json
      Date:
      - Mon, 14 Oct 2024 00:28:02 GMT
      Expires:
      - Thu, 19 Nov 1981 08:52:00 GMT
      Pragma:
      - no-cache
      Referrer-Policy:
      - origin
      Server:
      - openresty
      Set-Cookie:
      - BUNSESSION2=yMHCuYxfFuhl1%2CEG1AYvgVmA8kgNO0EiU-IILWuLmfd8fdmg; path=/; secure;
        HttpOnly; SameSite=Lax
      Strict-Transport-Security:
      - max-age=63072000; includeSubDomains; preload
      Transfer-Encoding:
      - chunked
      X-Content-Type-Options:
      - nosniff
      X-Frame-Options:
      - sameorigin
      X-XSS-Protection:
      - 1; mode=block
    status:
      code: 200
      message: OK
- request:
    body: '{}'
    headers:
      Accept:
      - '*/*'
      Accept-Encoding:
      - gzip, deflate
      Connection:
      - keep-alive
      Content-Length:
      - '170'
      Content-Type:
      - application/json
      User-Agent:
      - python-requests/2.32.3
    method: POST
    uri: https://api.porkbun.com/api/json/v3/dns/retrieve/example.xyz
  response:
    body:
      string: '{"status":"SUCCESS","cloudflare":"enabled","records":[{"id":"432480875","name":"localhost.example.xyz","type":"A","content":"127.0.0.1","ttl":"3600","prio":"0","notes":null},{"id":"421658077","name":"example.xyz","type":"A","content":"8.8.8.8","ttl":"600","prio":"0","notes":null},{"id":"421671186","name":"*.example.xyz","type":"CNAME","content":"example.xyz","ttl":"600","prio":"0","notes":""},{"id":"432480882","name":"docs.example.xyz","type":"CNAME","content":"docs.example.com","ttl":"3600","prio":"0","notes":null},{"id":"421642428","name":"example.xyz","type":"NS","content":"maceio.porkbun.com","ttl":"86400","prio":null,"notes":null},{"id":"421642429","name":"example.xyz","type":"NS","content":"salvador.porkbun.com","ttl":"86400","prio":null,"notes":null},{"id":"421642430","name":"example.xyz","type":"NS","content":"fortaleza.porkbun.com","ttl":"86400","prio":null,"notes":null},{"id":"421642431","name":"example.xyz","type":"NS","content":"curitiba.porkbun.com","ttl":"86400","prio":null,"notes":null},{"id":"432481026","name":"random.fqdntest.example.xyz","type":"TXT","content":"challengetoken","ttl":"3600","prio":"0","notes":null},{"id":"432480894","name":"_acme-challenge.fqdn.example.xyz","type":"TXT","content":"challengetoken","ttl":"3600","prio":"0","notes":null},{"id":"432480897","name":"_acme-challenge.full.example.xyz","type":"TXT","content":"challengetoken","ttl":"3600","prio":"0","notes":null},{"id":"432480902","name":"_acme-challenge.test.example.xyz","type":"TXT","content":"challengetoken","ttl":"3600","prio":"0","notes":null},{"id":"432480908","name":"_acme-challenge.createrecordset.example.xyz","type":"TXT","content":"challengetoken1","ttl":"3600","prio":"0","notes":null},{"id":"432480912","name":"_acme-challenge.createrecordset.example.xyz","type":"TXT","content":"challengetoken2","ttl":"3600","prio":"0","notes":null},{"id":"432480916","name":"_acme-challenge.noop.example.xyz","type":"TXT","content":"challengetoken","ttl":"3600","prio":"0","notes":null},{"id":"432480979","name":"_acme-challenge.deleterecordinset.example.xyz","type":"TXT","content":"challengetoken2","ttl":"3600","prio":"0","notes":null},{"id":"432481012","name":"ttl.fqdn.example.xyz","type":"TXT","content":"ttlshouldbe3600","ttl":"3600","prio":"0","notes":null},{"id":"432481019","name":"_acme-challenge.listrecordset.example.xyz","type":"TXT","content":"challengetoken1","ttl":"3600","prio":"0","notes":null},{"id":"432481023","name":"_acme-challenge.listrecordset.example.xyz","type":"TXT","content":"challengetoken2","ttl":"3600","prio":"0","notes":null}]}'
    headers:
      Cache-Control:
      - no-store, no-cache, must-revalidate
      Connection:
      - keep-alive
      Content-Language:
      - en-US, en
      Content-Type:
      - application/json
      Date:
      - Mon, 14 Oct 2024 00:28:04 GMT
      Expires:
      - Thu, 19 Nov 1981 08:52:00 GMT
      Pragma:
      - no-cache
      Referrer-Policy:
      - origin
      Server:
      - openresty
      Set-Cookie:
      - BUNSESSION2=Xr45fnYXVvX668rC-h97MLmkJ8KJlrmCv828JnQ8JdlgXIG7; path=/; secure;
        HttpOnly; SameSite=Lax
      Strict-Transport-Security:
      - max-age=63072000; includeSubDomains; preload
      Transfer-Encoding:
      - chunked
      X-Content-Type-Options:
      - nosniff
      X-Frame-Options:
      - sameorigin
      X-XSS-Protection:
      - 1; mode=block
    status:
      code: 200
      message: OK
version: 1
