interactions:
- request:
    body: !!python/unicode '{}'
    headers:
      Accept:
      - application/json
      Accept-Encoding:
      - gzip, deflate
      Connection:
      - keep-alive
      Content-Length:
      - '2'
      Content-Type:
      - application/json
      User-Agent:
      - python-requests/2.22.0
    method: GET
    uri: https://api.ukfast.io/safedns/v1/zones/tests.lexicon.com
  response:
    body:
      string: !!python/unicode '{"data":{"name":"tests.lexicon.com","description":"Lexicon
        Test zone"},"meta":{}}'
    headers:
      access-control-allow-origin:
      - https://developers.ukfast.io
      cache-control:
      - no-cache, private
      connection:
      - close
      content-length:
      - '81'
      content-type:
      - application/json
      date:
      - Tue, 25 Jun 2019 19:58:48 GMT
      request-id:
      - 6c05468f-89e6-4b7a-8349-1f9dac8a274d
      server:
      - UKFast Web Services
      transfer-encoding:
      - chunked
      vary:
      - Origin
    status:
      code: 200
      message: OK
- request:
    body: !!python/unicode '{}'
    headers:
      Accept:
      - application/json
      Accept-Encoding:
      - gzip, deflate
      Connection:
      - keep-alive
      Content-Length:
      - '2'
      Content-Type:
      - application/json
      User-Agent:
      - python-requests/2.22.0
    method: GET
    uri: https://api.ukfast.io/safedns/v1/zones/tests.lexicon.com/records
  response:
    body:
      string: !!python/unicode '{"data":[{"id":3836012,"name":"tests.lexicon.com","type":"NS","content":"ns0.ukfast.net","updated_at":"2019-06-19T17:20:09+00:00","ttl":86400,"priority":0},{"id":3836015,"name":"tests.lexicon.com","type":"NS","content":"ns1.ukfast.net","updated_at":"2019-06-19T17:20:09+00:00","ttl":86400,"priority":0},{"id":3849554,"name":"localhost.tests.lexicon.com","type":"A","content":"127.0.0.1","updated_at":"2019-06-25T19:58:10+00:00","ttl":86400,"priority":0},{"id":3849557,"name":"_acme-challenge.fqdn.tests.lexicon.com","type":"TXT","content":"\"challengetoken\"","updated_at":"2019-06-25T19:58:13+00:00","ttl":86400,"priority":0},{"id":3849560,"name":"_acme-challenge.full.tests.lexicon.com","type":"TXT","content":"\"challengetoken\"","updated_at":"2019-06-25T19:58:17+00:00","ttl":86400,"priority":0},{"id":3849563,"name":"_acme-challenge.test.tests.lexicon.com","type":"TXT","content":"\"challengetoken\"","updated_at":"2019-06-25T19:58:21+00:00","ttl":86400,"priority":0},{"id":3849566,"name":"_acme-challenge.createrecordset.tests.lexicon.com","type":"TXT","content":"\"challengetoken1\"","updated_at":"2019-06-25T19:58:24+00:00","ttl":86400,"priority":0},{"id":3849569,"name":"_acme-challenge.createrecordset.tests.lexicon.com","type":"TXT","content":"\"challengetoken2\"","updated_at":"2019-06-25T19:58:27+00:00","ttl":86400,"priority":0},{"id":3849572,"name":"_acme-challenge.noop.tests.lexicon.com","type":"TXT","content":"\"challengetoken\"","updated_at":"2019-06-25T19:58:30+00:00","ttl":86400,"priority":0}],"meta":{"pagination":{"total":9,"count":9,"per_page":10,"current_page":1,"total_pages":1,"links":{}}}}'
    headers:
      access-control-allow-origin:
      - https://developers.ukfast.io
      cache-control:
      - no-cache, private
      connection:
      - close
      content-length:
      - '1619'
      content-type:
      - application/json
      date:
      - Tue, 25 Jun 2019 19:58:49 GMT
      request-id:
      - 96e564b7-a24c-47c5-8928-ae353cf3c884
      server:
      - UKFast Web Services
      transfer-encoding:
      - chunked
      vary:
      - Origin
    status:
      code: 200
      message: OK
- request:
    body: !!python/unicode '{"content": "\"challengetoken\"", "type": "TXT", "name":
      "delete.testfull.tests.lexicon.com"}'
    headers:
      Accept:
      - application/json
      Accept-Encoding:
      - gzip, deflate
      Connection:
      - keep-alive
      Content-Length:
      - '93'
      Content-Type:
      - application/json
      User-Agent:
      - python-requests/2.22.0
    method: POST
    uri: https://api.ukfast.io/safedns/v1/zones/tests.lexicon.com/records
  response:
    body:
      string: !!python/unicode '{"data":{"id":3849581},"meta":{"location":"http:\/\/apio-safedns\/v1\/zones\/tests.lexicon.com\/records\/3849581"}}'
    headers:
      access-control-allow-origin:
      - https://developers.ukfast.io
      cache-control:
      - no-cache, private
      connection:
      - close
      content-type:
      - application/json
      date:
      - Tue, 25 Jun 2019 19:58:50 GMT
      request-id:
      - 8a9977cc-7bd4-4ce4-8fa1-32e60517d9a5
      server:
      - UKFast Web Services
      transfer-encoding:
      - chunked
      vary:
      - Origin
    status:
      code: 201
      message: Created
- request:
    body: !!python/unicode '{}'
    headers:
      Accept:
      - application/json
      Accept-Encoding:
      - gzip, deflate
      Connection:
      - keep-alive
      Content-Length:
      - '2'
      Content-Type:
      - application/json
      User-Agent:
      - python-requests/2.22.0
    method: GET
    uri: https://api.ukfast.io/safedns/v1/zones/tests.lexicon.com/records
  response:
    body:
      string: !!python/unicode '{"data":[{"id":3836012,"name":"tests.lexicon.com","type":"NS","content":"ns0.ukfast.net","updated_at":"2019-06-19T17:20:09+00:00","ttl":86400,"priority":0},{"id":3836015,"name":"tests.lexicon.com","type":"NS","content":"ns1.ukfast.net","updated_at":"2019-06-19T17:20:09+00:00","ttl":86400,"priority":0},{"id":3849554,"name":"localhost.tests.lexicon.com","type":"A","content":"127.0.0.1","updated_at":"2019-06-25T19:58:10+00:00","ttl":86400,"priority":0},{"id":3849557,"name":"_acme-challenge.fqdn.tests.lexicon.com","type":"TXT","content":"\"challengetoken\"","updated_at":"2019-06-25T19:58:13+00:00","ttl":86400,"priority":0},{"id":3849560,"name":"_acme-challenge.full.tests.lexicon.com","type":"TXT","content":"\"challengetoken\"","updated_at":"2019-06-25T19:58:17+00:00","ttl":86400,"priority":0},{"id":3849563,"name":"_acme-challenge.test.tests.lexicon.com","type":"TXT","content":"\"challengetoken\"","updated_at":"2019-06-25T19:58:21+00:00","ttl":86400,"priority":0},{"id":3849566,"name":"_acme-challenge.createrecordset.tests.lexicon.com","type":"TXT","content":"\"challengetoken1\"","updated_at":"2019-06-25T19:58:24+00:00","ttl":86400,"priority":0},{"id":3849569,"name":"_acme-challenge.createrecordset.tests.lexicon.com","type":"TXT","content":"\"challengetoken2\"","updated_at":"2019-06-25T19:58:27+00:00","ttl":86400,"priority":0},{"id":3849572,"name":"_acme-challenge.noop.tests.lexicon.com","type":"TXT","content":"\"challengetoken\"","updated_at":"2019-06-25T19:58:30+00:00","ttl":86400,"priority":0},{"id":3849581,"name":"delete.testfull.tests.lexicon.com","type":"TXT","content":"\"challengetoken\"","updated_at":"2019-06-25T19:58:50+00:00","ttl":86400,"priority":0}],"meta":{"pagination":{"total":10,"count":10,"per_page":10,"current_page":1,"total_pages":1,"links":{}}}}'
    headers:
      access-control-allow-origin:
      - https://developers.ukfast.io
      cache-control:
      - no-cache, private
      connection:
      - close
      content-length:
      - '1789'
      content-type:
      - application/json
      date:
      - Tue, 25 Jun 2019 19:58:51 GMT
      request-id:
      - 6c59ca63-7200-42ea-af37-442bd68bd8c2
      server:
      - UKFast Web Services
      transfer-encoding:
      - chunked
      vary:
      - Origin
    status:
      code: 200
      message: OK
- request:
    body: !!python/unicode '{}'
    headers:
      Accept:
      - application/json
      Accept-Encoding:
      - gzip, deflate
      Connection:
      - keep-alive
      Content-Length:
      - '2'
      Content-Type:
      - application/json
      User-Agent:
      - python-requests/2.22.0
    method: DELETE
    uri: https://api.ukfast.io/safedns/v1/zones/tests.lexicon.com/records/3849581
  response:
    body:
      string: !!python/unicode ''
    headers:
      access-control-allow-origin:
      - https://developers.ukfast.io
      cache-control:
      - no-cache, private
      connection:
      - close
      content-type:
      - text/html; charset=UTF-8
      date:
      - Tue, 25 Jun 2019 19:58:52 GMT
      request-id:
      - 5582eb77-a9c5-424d-9b60-7061ed3933e1
      server:
      - UKFast Web Services
      vary:
      - Origin
    status:
      code: 204
      message: No Content
- request:
    body: !!python/unicode '{}'
    headers:
      Accept:
      - application/json
      Accept-Encoding:
      - gzip, deflate
      Connection:
      - keep-alive
      Content-Length:
      - '2'
      Content-Type:
      - application/json
      User-Agent:
      - python-requests/2.22.0
    method: GET
    uri: https://api.ukfast.io/safedns/v1/zones/tests.lexicon.com/records
  response:
    body:
      string: !!python/unicode '{"data":[{"id":3836012,"name":"tests.lexicon.com","type":"NS","content":"ns0.ukfast.net","updated_at":"2019-06-19T17:20:09+00:00","ttl":86400,"priority":0},{"id":3836015,"name":"tests.lexicon.com","type":"NS","content":"ns1.ukfast.net","updated_at":"2019-06-19T17:20:09+00:00","ttl":86400,"priority":0},{"id":3849554,"name":"localhost.tests.lexicon.com","type":"A","content":"127.0.0.1","updated_at":"2019-06-25T19:58:10+00:00","ttl":86400,"priority":0},{"id":3849557,"name":"_acme-challenge.fqdn.tests.lexicon.com","type":"TXT","content":"\"challengetoken\"","updated_at":"2019-06-25T19:58:13+00:00","ttl":86400,"priority":0},{"id":3849560,"name":"_acme-challenge.full.tests.lexicon.com","type":"TXT","content":"\"challengetoken\"","updated_at":"2019-06-25T19:58:17+00:00","ttl":86400,"priority":0},{"id":3849563,"name":"_acme-challenge.test.tests.lexicon.com","type":"TXT","content":"\"challengetoken\"","updated_at":"2019-06-25T19:58:21+00:00","ttl":86400,"priority":0},{"id":3849566,"name":"_acme-challenge.createrecordset.tests.lexicon.com","type":"TXT","content":"\"challengetoken1\"","updated_at":"2019-06-25T19:58:24+00:00","ttl":86400,"priority":0},{"id":3849569,"name":"_acme-challenge.createrecordset.tests.lexicon.com","type":"TXT","content":"\"challengetoken2\"","updated_at":"2019-06-25T19:58:27+00:00","ttl":86400,"priority":0},{"id":3849572,"name":"_acme-challenge.noop.tests.lexicon.com","type":"TXT","content":"\"challengetoken\"","updated_at":"2019-06-25T19:58:30+00:00","ttl":86400,"priority":0}],"meta":{"pagination":{"total":9,"count":9,"per_page":10,"current_page":1,"total_pages":1,"links":{}}}}'
    headers:
      access-control-allow-origin:
      - https://developers.ukfast.io
      cache-control:
      - no-cache, private
      connection:
      - close
      content-length:
      - '1619'
      content-type:
      - application/json
      date:
      - Tue, 25 Jun 2019 19:58:53 GMT
      request-id:
      - 4cbea81f-4fc1-4fd9-86ba-8e10a3ed3005
      server:
      - UKFast Web Services
      transfer-encoding:
      - chunked
      vary:
      - Origin
    status:
      code: 200
      message: OK
version: 1
