interactions:
- request:
    body: !!python/unicode '{}'
    headers:
      Accept:
      - application/json
      Accept-Encoding:
      - gzip, deflate
      Connection:
      - keep-alive
      Content-Length:
      - '2'
      Content-Type:
      - application/json
      User-Agent:
      - python-requests/2.22.0
    method: GET
    uri: https://api.ukfast.io/safedns/v1/zones/tests.lexicon.com
  response:
    body:
      string: !!python/unicode '{"data":{"name":"tests.lexicon.com","description":"Lexicon
        Test zone"},"meta":{}}'
    headers:
      access-control-allow-origin:
      - https://developers.ukfast.io
      cache-control:
      - no-cache, private
      connection:
      - close
      content-length:
      - '81'
      content-type:
      - application/json
      date:
      - Tue, 25 Jun 2019 19:58:34 GMT
      request-id:
      - c0741f7d-d9d6-47cb-862d-20f9cb75d1fe
      server:
      - UKFast Web Services
      transfer-encoding:
      - chunked
      vary:
      - Origin
    status:
      code: 200
      message: OK
- request:
    body: !!python/unicode '{}'
    headers:
      Accept:
      - application/json
      Accept-Encoding:
      - gzip, deflate
      Connection:
      - keep-alive
      Content-Length:
      - '2'
      Content-Type:
      - application/json
      User-Agent:
      - python-requests/2.22.0
    method: GET
    uri: https://api.ukfast.io/safedns/v1/zones/tests.lexicon.com/records
  response:
    body:
      string: !!python/unicode '{"data":[{"id":3836012,"name":"tests.lexicon.com","type":"NS","content":"ns0.ukfast.net","updated_at":"2019-06-19T17:20:09+00:00","ttl":86400,"priority":0},{"id":3836015,"name":"tests.lexicon.com","type":"NS","content":"ns1.ukfast.net","updated_at":"2019-06-19T17:20:09+00:00","ttl":86400,"priority":0},{"id":3849554,"name":"localhost.tests.lexicon.com","type":"A","content":"127.0.0.1","updated_at":"2019-06-25T19:58:10+00:00","ttl":86400,"priority":0},{"id":3849557,"name":"_acme-challenge.fqdn.tests.lexicon.com","type":"TXT","content":"\"challengetoken\"","updated_at":"2019-06-25T19:58:13+00:00","ttl":86400,"priority":0},{"id":3849560,"name":"_acme-challenge.full.tests.lexicon.com","type":"TXT","content":"\"challengetoken\"","updated_at":"2019-06-25T19:58:17+00:00","ttl":86400,"priority":0},{"id":3849563,"name":"_acme-challenge.test.tests.lexicon.com","type":"TXT","content":"\"challengetoken\"","updated_at":"2019-06-25T19:58:21+00:00","ttl":86400,"priority":0},{"id":3849566,"name":"_acme-challenge.createrecordset.tests.lexicon.com","type":"TXT","content":"\"challengetoken1\"","updated_at":"2019-06-25T19:58:24+00:00","ttl":86400,"priority":0},{"id":3849569,"name":"_acme-challenge.createrecordset.tests.lexicon.com","type":"TXT","content":"\"challengetoken2\"","updated_at":"2019-06-25T19:58:27+00:00","ttl":86400,"priority":0},{"id":3849572,"name":"_acme-challenge.noop.tests.lexicon.com","type":"TXT","content":"\"challengetoken\"","updated_at":"2019-06-25T19:58:30+00:00","ttl":86400,"priority":0}],"meta":{"pagination":{"total":9,"count":9,"per_page":10,"current_page":1,"total_pages":1,"links":{}}}}'
    headers:
      access-control-allow-origin:
      - https://developers.ukfast.io
      cache-control:
      - no-cache, private
      connection:
      - close
      content-length:
      - '1619'
      content-type:
      - application/json
      date:
      - Tue, 25 Jun 2019 19:58:35 GMT
      request-id:
      - e859cb5a-4818-4e87-aee3-ae61482f5b48
      server:
      - UKFast Web Services
      transfer-encoding:
      - chunked
      vary:
      - Origin
    status:
      code: 200
      message: OK
- request:
    body: !!python/unicode '{"content": "\"challengetoken\"", "type": "TXT", "name":
      "delete.testfilt.tests.lexicon.com"}'
    headers:
      Accept:
      - application/json
      Accept-Encoding:
      - gzip, deflate
      Connection:
      - keep-alive
      Content-Length:
      - '93'
      Content-Type:
      - application/json
      User-Agent:
      - python-requests/2.22.0
    method: POST
    uri: https://api.ukfast.io/safedns/v1/zones/tests.lexicon.com/records
  response:
    body:
      string: !!python/unicode '{"data":{"id":3849575},"meta":{"location":"http:\/\/apio-safedns\/v1\/zones\/tests.lexicon.com\/records\/3849575"}}'
    headers:
      access-control-allow-origin:
      - https://developers.ukfast.io
      cache-control:
      - no-cache, private
      connection:
      - close
      content-type:
      - application/json
      date:
      - Tue, 25 Jun 2019 19:58:36 GMT
      request-id:
      - eea6a178-725c-4b97-8989-4b52f88676a1
      server:
      - UKFast Web Services
      transfer-encoding:
      - chunked
      vary:
      - Origin
    status:
      code: 201
      message: Created
- request:
    body: !!python/unicode '{}'
    headers:
      Accept:
      - application/json
      Accept-Encoding:
      - gzip, deflate
      Connection:
      - keep-alive
      Content-Length:
      - '2'
      Content-Type:
      - application/json
      User-Agent:
      - python-requests/2.22.0
    method: GET
    uri: https://api.ukfast.io/safedns/v1/zones/tests.lexicon.com/records
  response:
    body:
      string: !!python/unicode '{"data":[{"id":3836012,"name":"tests.lexicon.com","type":"NS","content":"ns0.ukfast.net","updated_at":"2019-06-19T17:20:09+00:00","ttl":86400,"priority":0},{"id":3836015,"name":"tests.lexicon.com","type":"NS","content":"ns1.ukfast.net","updated_at":"2019-06-19T17:20:09+00:00","ttl":86400,"priority":0},{"id":3849554,"name":"localhost.tests.lexicon.com","type":"A","content":"127.0.0.1","updated_at":"2019-06-25T19:58:10+00:00","ttl":86400,"priority":0},{"id":3849557,"name":"_acme-challenge.fqdn.tests.lexicon.com","type":"TXT","content":"\"challengetoken\"","updated_at":"2019-06-25T19:58:13+00:00","ttl":86400,"priority":0},{"id":3849560,"name":"_acme-challenge.full.tests.lexicon.com","type":"TXT","content":"\"challengetoken\"","updated_at":"2019-06-25T19:58:17+00:00","ttl":86400,"priority":0},{"id":3849563,"name":"_acme-challenge.test.tests.lexicon.com","type":"TXT","content":"\"challengetoken\"","updated_at":"2019-06-25T19:58:21+00:00","ttl":86400,"priority":0},{"id":3849566,"name":"_acme-challenge.createrecordset.tests.lexicon.com","type":"TXT","content":"\"challengetoken1\"","updated_at":"2019-06-25T19:58:24+00:00","ttl":86400,"priority":0},{"id":3849569,"name":"_acme-challenge.createrecordset.tests.lexicon.com","type":"TXT","content":"\"challengetoken2\"","updated_at":"2019-06-25T19:58:27+00:00","ttl":86400,"priority":0},{"id":3849572,"name":"_acme-challenge.noop.tests.lexicon.com","type":"TXT","content":"\"challengetoken\"","updated_at":"2019-06-25T19:58:30+00:00","ttl":86400,"priority":0},{"id":3849575,"name":"delete.testfilt.tests.lexicon.com","type":"TXT","content":"\"challengetoken\"","updated_at":"2019-06-25T19:58:36+00:00","ttl":86400,"priority":0}],"meta":{"pagination":{"total":10,"count":10,"per_page":10,"current_page":1,"total_pages":1,"links":{}}}}'
    headers:
      access-control-allow-origin:
      - https://developers.ukfast.io
      cache-control:
      - no-cache, private
      connection:
      - close
      content-length:
      - '1789'
      content-type:
      - application/json
      date:
      - Tue, 25 Jun 2019 19:58:37 GMT
      request-id:
      - 55e50919-cc8a-4507-b3b6-d533ed91aa5b
      server:
      - UKFast Web Services
      transfer-encoding:
      - chunked
      vary:
      - Origin
    status:
      code: 200
      message: OK
- request:
    body: !!python/unicode '{}'
    headers:
      Accept:
      - application/json
      Accept-Encoding:
      - gzip, deflate
      Connection:
      - keep-alive
      Content-Length:
      - '2'
      Content-Type:
      - application/json
      User-Agent:
      - python-requests/2.22.0
    method: DELETE
    uri: https://api.ukfast.io/safedns/v1/zones/tests.lexicon.com/records/3849575
  response:
    body:
      string: !!python/unicode ''
    headers:
      access-control-allow-origin:
      - https://developers.ukfast.io
      cache-control:
      - no-cache, private
      connection:
      - close
      content-type:
      - text/html; charset=UTF-8
      date:
      - Tue, 25 Jun 2019 19:58:38 GMT
      request-id:
      - 60438f97-cb7d-4c2b-9ed9-0a2c99553531
      server:
      - UKFast Web Services
      vary:
      - Origin
    status:
      code: 204
      message: No Content
- request:
    body: !!python/unicode '{}'
    headers:
      Accept:
      - application/json
      Accept-Encoding:
      - gzip, deflate
      Connection:
      - keep-alive
      Content-Length:
      - '2'
      Content-Type:
      - application/json
      User-Agent:
      - python-requests/2.22.0
    method: GET
    uri: https://api.ukfast.io/safedns/v1/zones/tests.lexicon.com/records
  response:
    body:
      string: !!python/unicode '{"data":[{"id":3836012,"name":"tests.lexicon.com","type":"NS","content":"ns0.ukfast.net","updated_at":"2019-06-19T17:20:09+00:00","ttl":86400,"priority":0},{"id":3836015,"name":"tests.lexicon.com","type":"NS","content":"ns1.ukfast.net","updated_at":"2019-06-19T17:20:09+00:00","ttl":86400,"priority":0},{"id":3849554,"name":"localhost.tests.lexicon.com","type":"A","content":"127.0.0.1","updated_at":"2019-06-25T19:58:10+00:00","ttl":86400,"priority":0},{"id":3849557,"name":"_acme-challenge.fqdn.tests.lexicon.com","type":"TXT","content":"\"challengetoken\"","updated_at":"2019-06-25T19:58:13+00:00","ttl":86400,"priority":0},{"id":3849560,"name":"_acme-challenge.full.tests.lexicon.com","type":"TXT","content":"\"challengetoken\"","updated_at":"2019-06-25T19:58:17+00:00","ttl":86400,"priority":0},{"id":3849563,"name":"_acme-challenge.test.tests.lexicon.com","type":"TXT","content":"\"challengetoken\"","updated_at":"2019-06-25T19:58:21+00:00","ttl":86400,"priority":0},{"id":3849566,"name":"_acme-challenge.createrecordset.tests.lexicon.com","type":"TXT","content":"\"challengetoken1\"","updated_at":"2019-06-25T19:58:24+00:00","ttl":86400,"priority":0},{"id":3849569,"name":"_acme-challenge.createrecordset.tests.lexicon.com","type":"TXT","content":"\"challengetoken2\"","updated_at":"2019-06-25T19:58:27+00:00","ttl":86400,"priority":0},{"id":3849572,"name":"_acme-challenge.noop.tests.lexicon.com","type":"TXT","content":"\"challengetoken\"","updated_at":"2019-06-25T19:58:30+00:00","ttl":86400,"priority":0}],"meta":{"pagination":{"total":9,"count":9,"per_page":10,"current_page":1,"total_pages":1,"links":{}}}}'
    headers:
      access-control-allow-origin:
      - https://developers.ukfast.io
      cache-control:
      - no-cache, private
      connection:
      - close
      content-length:
      - '1619'
      content-type:
      - application/json
      date:
      - Tue, 25 Jun 2019 19:58:39 GMT
      request-id:
      - 5d77def7-5679-4dc0-ad53-7483aa933d00
      server:
      - UKFast Web Services
      transfer-encoding:
      - chunked
      vary:
      - Origin
    status:
      code: 200
      message: OK
version: 1
