interactions:
- request:
    body: !!python/unicode '{}'
    headers:
      Accept:
      - application/json
      Accept-Encoding:
      - gzip, deflate
      Connection:
      - keep-alive
      Content-Length:
      - '2'
      Content-Type:
      - application/json
      User-Agent:
      - python-requests/2.22.0
    method: GET
    uri: https://api.ukfast.io/safedns/v1/zones/tests.lexicon.com
  response:
    body:
      string: !!python/unicode '{"data":{"name":"tests.lexicon.com","description":"Lexicon
        Test zone"},"meta":{}}'
    headers:
      access-control-allow-origin:
      - https://developers.ukfast.io
      cache-control:
      - no-cache, private
      connection:
      - close
      content-length:
      - '81'
      content-type:
      - application/json
      date:
      - Tue, 25 Jun 2019 19:59:24 GMT
      request-id:
      - ced0df19-7d4e-4b07-88f2-6761efc218a0
      server:
      - UKFast Web Services
      transfer-encoding:
      - chunked
      vary:
      - Origin
    status:
      code: 200
      message: OK
- request:
    body: !!python/unicode '{}'
    headers:
      Accept:
      - application/json
      Accept-Encoding:
      - gzip, deflate
      Connection:
      - keep-alive
      Content-Length:
      - '2'
      Content-Type:
      - application/json
      User-Agent:
      - python-requests/2.22.0
    method: GET
    uri: https://api.ukfast.io/safedns/v1/zones/tests.lexicon.com/records
  response:
    body:
      string: !!python/unicode '{"data":[{"id":3836012,"name":"tests.lexicon.com","type":"NS","content":"ns0.ukfast.net","updated_at":"2019-06-19T17:20:09+00:00","ttl":86400,"priority":0},{"id":3836015,"name":"tests.lexicon.com","type":"NS","content":"ns1.ukfast.net","updated_at":"2019-06-19T17:20:09+00:00","ttl":86400,"priority":0},{"id":3849554,"name":"localhost.tests.lexicon.com","type":"A","content":"127.0.0.1","updated_at":"2019-06-25T19:58:10+00:00","ttl":86400,"priority":0},{"id":3849557,"name":"_acme-challenge.fqdn.tests.lexicon.com","type":"TXT","content":"\"challengetoken\"","updated_at":"2019-06-25T19:58:13+00:00","ttl":86400,"priority":0},{"id":3849560,"name":"_acme-challenge.full.tests.lexicon.com","type":"TXT","content":"\"challengetoken\"","updated_at":"2019-06-25T19:58:17+00:00","ttl":86400,"priority":0},{"id":3849563,"name":"_acme-challenge.test.tests.lexicon.com","type":"TXT","content":"\"challengetoken\"","updated_at":"2019-06-25T19:58:21+00:00","ttl":86400,"priority":0},{"id":3849566,"name":"_acme-challenge.createrecordset.tests.lexicon.com","type":"TXT","content":"\"challengetoken1\"","updated_at":"2019-06-25T19:58:24+00:00","ttl":86400,"priority":0},{"id":3849569,"name":"_acme-challenge.createrecordset.tests.lexicon.com","type":"TXT","content":"\"challengetoken2\"","updated_at":"2019-06-25T19:58:27+00:00","ttl":86400,"priority":0},{"id":3849572,"name":"_acme-challenge.noop.tests.lexicon.com","type":"TXT","content":"\"challengetoken\"","updated_at":"2019-06-25T19:58:30+00:00","ttl":86400,"priority":0},{"id":3849590,"name":"_acme-challenge.deleterecordinset.tests.lexicon.com","type":"TXT","content":"\"challengetoken2\"","updated_at":"2019-06-25T19:59:06+00:00","ttl":86400,"priority":0}],"meta":{"pagination":{"total":10,"count":10,"per_page":10,"current_page":1,"total_pages":1,"links":{}}}}'
    headers:
      access-control-allow-origin:
      - https://developers.ukfast.io
      cache-control:
      - no-cache, private
      connection:
      - close
      content-length:
      - '1808'
      content-type:
      - application/json
      date:
      - Tue, 25 Jun 2019 19:59:25 GMT
      request-id:
      - 873797c1-1068-4cef-a48e-a75433f5de15
      server:
      - UKFast Web Services
      transfer-encoding:
      - chunked
      vary:
      - Origin
    status:
      code: 200
      message: OK
- request:
    body: !!python/unicode '{"content": "\"challengetoken1\"", "type": "TXT", "name":
      "_acme-challenge.listrecordset.tests.lexicon.com"}'
    headers:
      Accept:
      - application/json
      Accept-Encoding:
      - gzip, deflate
      Connection:
      - keep-alive
      Content-Length:
      - '108'
      Content-Type:
      - application/json
      User-Agent:
      - python-requests/2.22.0
    method: POST
    uri: https://api.ukfast.io/safedns/v1/zones/tests.lexicon.com/records
  response:
    body:
      string: !!python/unicode '{"data":{"id":3849599},"meta":{"location":"http:\/\/apio-safedns\/v1\/zones\/tests.lexicon.com\/records\/3849599"}}'
    headers:
      access-control-allow-origin:
      - https://developers.ukfast.io
      cache-control:
      - no-cache, private
      connection:
      - close
      content-type:
      - application/json
      date:
      - Tue, 25 Jun 2019 19:59:26 GMT
      request-id:
      - fce69f49-bf0b-4958-9412-2b08b846aacc
      server:
      - UKFast Web Services
      transfer-encoding:
      - chunked
      vary:
      - Origin
    status:
      code: 201
      message: Created
- request:
    body: !!python/unicode '{}'
    headers:
      Accept:
      - application/json
      Accept-Encoding:
      - gzip, deflate
      Connection:
      - keep-alive
      Content-Length:
      - '2'
      Content-Type:
      - application/json
      User-Agent:
      - python-requests/2.22.0
    method: GET
    uri: https://api.ukfast.io/safedns/v1/zones/tests.lexicon.com/records
  response:
    body:
      string: !!python/unicode '{"data":[{"id":3836012,"name":"tests.lexicon.com","type":"NS","content":"ns0.ukfast.net","updated_at":"2019-06-19T17:20:09+00:00","ttl":86400,"priority":0},{"id":3836015,"name":"tests.lexicon.com","type":"NS","content":"ns1.ukfast.net","updated_at":"2019-06-19T17:20:09+00:00","ttl":86400,"priority":0},{"id":3849554,"name":"localhost.tests.lexicon.com","type":"A","content":"127.0.0.1","updated_at":"2019-06-25T19:58:10+00:00","ttl":86400,"priority":0},{"id":3849557,"name":"_acme-challenge.fqdn.tests.lexicon.com","type":"TXT","content":"\"challengetoken\"","updated_at":"2019-06-25T19:58:13+00:00","ttl":86400,"priority":0},{"id":3849560,"name":"_acme-challenge.full.tests.lexicon.com","type":"TXT","content":"\"challengetoken\"","updated_at":"2019-06-25T19:58:17+00:00","ttl":86400,"priority":0},{"id":3849563,"name":"_acme-challenge.test.tests.lexicon.com","type":"TXT","content":"\"challengetoken\"","updated_at":"2019-06-25T19:58:21+00:00","ttl":86400,"priority":0},{"id":3849566,"name":"_acme-challenge.createrecordset.tests.lexicon.com","type":"TXT","content":"\"challengetoken1\"","updated_at":"2019-06-25T19:58:24+00:00","ttl":86400,"priority":0},{"id":3849569,"name":"_acme-challenge.createrecordset.tests.lexicon.com","type":"TXT","content":"\"challengetoken2\"","updated_at":"2019-06-25T19:58:27+00:00","ttl":86400,"priority":0},{"id":3849572,"name":"_acme-challenge.noop.tests.lexicon.com","type":"TXT","content":"\"challengetoken\"","updated_at":"2019-06-25T19:58:30+00:00","ttl":86400,"priority":0},{"id":3849590,"name":"_acme-challenge.deleterecordinset.tests.lexicon.com","type":"TXT","content":"\"challengetoken2\"","updated_at":"2019-06-25T19:59:06+00:00","ttl":86400,"priority":0}],"meta":{"pagination":{"total":11,"count":10,"per_page":10,"current_page":1,"total_pages":2,"links":{"next":"https:\/\/api.ukfast.io\/safedns\/v1\/zones\/tests.lexicon.com\/records?page=2","last":"https:\/\/api.ukfast.io\/safedns\/v1\/zones\/tests.lexicon.com\/records?page=2"}}}}'
    headers:
      access-control-allow-origin:
      - https://developers.ukfast.io
      cache-control:
      - no-cache, private
      connection:
      - close
      content-length:
      - '1983'
      content-type:
      - application/json
      date:
      - Tue, 25 Jun 2019 19:59:28 GMT
      request-id:
      - a110d277-aa57-4a44-b94c-44ef83e3dbb9
      server:
      - UKFast Web Services
      transfer-encoding:
      - chunked
      vary:
      - Origin
    status:
      code: 200
      message: OK
- request:
    body: !!python/unicode '{}'
    headers:
      Accept:
      - application/json
      Accept-Encoding:
      - gzip, deflate
      Connection:
      - keep-alive
      Content-Length:
      - '2'
      Content-Type:
      - application/json
      User-Agent:
      - python-requests/2.22.0
    method: GET
    uri: https://api.ukfast.io/safedns/v1/zones/tests.lexicon.com/records?page=2
  response:
    body:
      string: !!python/unicode '{"data":[{"id":3849599,"name":"_acme-challenge.listrecordset.tests.lexicon.com","type":"TXT","content":"\"challengetoken1\"","updated_at":"2019-06-25T19:59:26+00:00","ttl":86400,"priority":0}],"meta":{"pagination":{"total":11,"count":1,"per_page":10,"current_page":2,"total_pages":2,"links":{"first":"https:\/\/api.ukfast.io\/safedns\/v1\/zones\/tests.lexicon.com\/records?page=1","previous":"https:\/\/api.ukfast.io\/safedns\/v1\/zones\/tests.lexicon.com\/records?page=1"}}}}'
    headers:
      access-control-allow-origin:
      - https://developers.ukfast.io
      cache-control:
      - no-cache, private
      connection:
      - close
      content-length:
      - '476'
      content-type:
      - application/json
      date:
      - Tue, 25 Jun 2019 19:59:29 GMT
      request-id:
      - c3b16e5f-7747-4561-befd-963855a892a5
      server:
      - UKFast Web Services
      transfer-encoding:
      - chunked
      vary:
      - Origin
    status:
      code: 200
      message: OK
- request:
    body: !!python/unicode '{"content": "\"challengetoken2\"", "type": "TXT", "name":
      "_acme-challenge.listrecordset.tests.lexicon.com"}'
    headers:
      Accept:
      - application/json
      Accept-Encoding:
      - gzip, deflate
      Connection:
      - keep-alive
      Content-Length:
      - '108'
      Content-Type:
      - application/json
      User-Agent:
      - python-requests/2.22.0
    method: POST
    uri: https://api.ukfast.io/safedns/v1/zones/tests.lexicon.com/records
  response:
    body:
      string: !!python/unicode '{"data":{"id":3849602},"meta":{"location":"http:\/\/apio-safedns\/v1\/zones\/tests.lexicon.com\/records\/3849602"}}'
    headers:
      access-control-allow-origin:
      - https://developers.ukfast.io
      cache-control:
      - no-cache, private
      connection:
      - close
      content-type:
      - application/json
      date:
      - Tue, 25 Jun 2019 19:59:30 GMT
      request-id:
      - 4ea17d94-1dcc-4813-81ce-76cca3d8c02a
      server:
      - UKFast Web Services
      transfer-encoding:
      - chunked
      vary:
      - Origin
    status:
      code: 201
      message: Created
- request:
    body: !!python/unicode '{}'
    headers:
      Accept:
      - application/json
      Accept-Encoding:
      - gzip, deflate
      Connection:
      - keep-alive
      Content-Length:
      - '2'
      Content-Type:
      - application/json
      User-Agent:
      - python-requests/2.22.0
    method: GET
    uri: https://api.ukfast.io/safedns/v1/zones/tests.lexicon.com/records
  response:
    body:
      string: !!python/unicode '{"data":[{"id":3836012,"name":"tests.lexicon.com","type":"NS","content":"ns0.ukfast.net","updated_at":"2019-06-19T17:20:09+00:00","ttl":86400,"priority":0},{"id":3836015,"name":"tests.lexicon.com","type":"NS","content":"ns1.ukfast.net","updated_at":"2019-06-19T17:20:09+00:00","ttl":86400,"priority":0},{"id":3849554,"name":"localhost.tests.lexicon.com","type":"A","content":"127.0.0.1","updated_at":"2019-06-25T19:58:10+00:00","ttl":86400,"priority":0},{"id":3849557,"name":"_acme-challenge.fqdn.tests.lexicon.com","type":"TXT","content":"\"challengetoken\"","updated_at":"2019-06-25T19:58:13+00:00","ttl":86400,"priority":0},{"id":3849560,"name":"_acme-challenge.full.tests.lexicon.com","type":"TXT","content":"\"challengetoken\"","updated_at":"2019-06-25T19:58:17+00:00","ttl":86400,"priority":0},{"id":3849563,"name":"_acme-challenge.test.tests.lexicon.com","type":"TXT","content":"\"challengetoken\"","updated_at":"2019-06-25T19:58:21+00:00","ttl":86400,"priority":0},{"id":3849566,"name":"_acme-challenge.createrecordset.tests.lexicon.com","type":"TXT","content":"\"challengetoken1\"","updated_at":"2019-06-25T19:58:24+00:00","ttl":86400,"priority":0},{"id":3849569,"name":"_acme-challenge.createrecordset.tests.lexicon.com","type":"TXT","content":"\"challengetoken2\"","updated_at":"2019-06-25T19:58:27+00:00","ttl":86400,"priority":0},{"id":3849572,"name":"_acme-challenge.noop.tests.lexicon.com","type":"TXT","content":"\"challengetoken\"","updated_at":"2019-06-25T19:58:30+00:00","ttl":86400,"priority":0},{"id":3849590,"name":"_acme-challenge.deleterecordinset.tests.lexicon.com","type":"TXT","content":"\"challengetoken2\"","updated_at":"2019-06-25T19:59:06+00:00","ttl":86400,"priority":0}],"meta":{"pagination":{"total":12,"count":10,"per_page":10,"current_page":1,"total_pages":2,"links":{"next":"https:\/\/api.ukfast.io\/safedns\/v1\/zones\/tests.lexicon.com\/records?page=2","last":"https:\/\/api.ukfast.io\/safedns\/v1\/zones\/tests.lexicon.com\/records?page=2"}}}}'
    headers:
      access-control-allow-origin:
      - https://developers.ukfast.io
      cache-control:
      - no-cache, private
      connection:
      - close
      content-length:
      - '1983'
      content-type:
      - application/json
      date:
      - Tue, 25 Jun 2019 19:59:31 GMT
      request-id:
      - a6d87be7-cbca-48b8-adae-3cd1e0273af8
      server:
      - UKFast Web Services
      transfer-encoding:
      - chunked
      vary:
      - Origin
    status:
      code: 200
      message: OK
- request:
    body: !!python/unicode '{}'
    headers:
      Accept:
      - application/json
      Accept-Encoding:
      - gzip, deflate
      Connection:
      - keep-alive
      Content-Length:
      - '2'
      Content-Type:
      - application/json
      User-Agent:
      - python-requests/2.22.0
    method: GET
    uri: https://api.ukfast.io/safedns/v1/zones/tests.lexicon.com/records?page=2
  response:
    body:
      string: !!python/unicode '{"data":[{"id":3849599,"name":"_acme-challenge.listrecordset.tests.lexicon.com","type":"TXT","content":"\"challengetoken1\"","updated_at":"2019-06-25T19:59:26+00:00","ttl":86400,"priority":0},{"id":3849602,"name":"_acme-challenge.listrecordset.tests.lexicon.com","type":"TXT","content":"\"challengetoken2\"","updated_at":"2019-06-25T19:59:30+00:00","ttl":86400,"priority":0}],"meta":{"pagination":{"total":12,"count":2,"per_page":10,"current_page":2,"total_pages":2,"links":{"first":"https:\/\/api.ukfast.io\/safedns\/v1\/zones\/tests.lexicon.com\/records?page=1","previous":"https:\/\/api.ukfast.io\/safedns\/v1\/zones\/tests.lexicon.com\/records?page=1"}}}}'
    headers:
      access-control-allow-origin:
      - https://developers.ukfast.io
      cache-control:
      - no-cache, private
      connection:
      - close
      content-length:
      - '659'
      content-type:
      - application/json
      date:
      - Tue, 25 Jun 2019 19:59:32 GMT
      request-id:
      - a8bb9319-1cd1-4ec0-9efb-78c23a953455
      server:
      - UKFast Web Services
      transfer-encoding:
      - chunked
      vary:
      - Origin
    status:
      code: 200
      message: OK
version: 1
