interactions:
- request:
    body: !!python/unicode '{}'
    headers:
      Accept:
      - application/json
      Accept-Encoding:
      - gzip, deflate
      Connection:
      - keep-alive
      Content-Length:
      - '2'
      Content-Type:
      - application/json
      User-Agent:
      - python-requests/2.22.0
    method: GET
    uri: https://api.ukfast.io/safedns/v1/zones/tests.lexicon.com
  response:
    body:
      string: !!python/unicode '{"data":{"name":"tests.lexicon.com","description":"Lexicon
        Test zone"},"meta":{}}'
    headers:
      access-control-allow-origin:
      - https://developers.ukfast.io
      cache-control:
      - no-cache, private
      connection:
      - close
      content-length:
      - '81'
      content-type:
      - application/json
      date:
      - Mon, 03 Jun 2019 07:28:17 GMT
      request-id:
      - 1782266f-1224-4f48-b82e-a8cdf786032e
      server:
      - UKFast Web Services
      transfer-encoding:
      - chunked
      vary:
      - Origin
    status:
      code: 200
      message: OK
- request:
    body: !!python/unicode '{}'
    headers:
      Accept:
      - application/json
      Accept-Encoding:
      - gzip, deflate
      Connection:
      - keep-alive
      Content-Length:
      - '2'
      Content-Type:
      - application/json
      User-Agent:
      - python-requests/2.22.0
    method: GET
    uri: https://api.ukfast.io/safedns/v1/zones/tests.lexicon.com/records
  response:
    body:
      string: !!python/unicode '{"data":[{"id":3466895,"name":"localhost.tests.lexicon.com","type":"A","content":"127.0.0.1","updated_at":"2019-06-03T07:19:16+00:00","ttl":86400,"priority":0},{"id":3466898,"name":"_acme-challenge.fqdn.tests.lexicon.com","type":"TXT","content":"\"challengetoken\"","updated_at":"2019-06-03T07:19:18+00:00","ttl":86400,"priority":0},{"id":3466901,"name":"_acme-challenge.full.tests.lexicon.com","type":"TXT","content":"\"challengetoken\"","updated_at":"2019-06-03T07:19:18+00:00","ttl":86400,"priority":0},{"id":3466904,"name":"_acme-challenge.test.tests.lexicon.com","type":"TXT","content":"\"challengetoken\"","updated_at":"2019-06-03T07:19:19+00:00","ttl":86400,"priority":0},{"id":3466907,"name":"_acme-challenge.createrecordset.tests.lexicon.com","type":"TXT","content":"\"challengetoken1\"","updated_at":"2019-06-03T07:19:20+00:00","ttl":86400,"priority":0},{"id":3466910,"name":"_acme-challenge.createrecordset.tests.lexicon.com","type":"TXT","content":"\"challengetoken2\"","updated_at":"2019-06-03T07:19:20+00:00","ttl":86400,"priority":0},{"id":3466913,"name":"_acme-challenge.noop.tests.lexicon.com","type":"TXT","content":"\"challengetoken\"","updated_at":"2019-06-03T07:19:21+00:00","ttl":86400,"priority":0},{"id":3466931,"name":"_acme-challenge.deleterecordinset.tests.lexicon.com","type":"TXT","content":"\"challengetoken2\"","updated_at":"2019-06-03T07:19:30+00:00","ttl":86400,"priority":0},{"id":3466940,"name":"_acme-challenge.listrecordset.tests.lexicon.com","type":"TXT","content":"\"challengetoken1\"","updated_at":"2019-06-03T07:19:35+00:00","ttl":86400,"priority":0},{"id":3466943,"name":"_acme-challenge.listrecordset.tests.lexicon.com","type":"TXT","content":"\"challengetoken2\"","updated_at":"2019-06-03T07:19:35+00:00","ttl":86400,"priority":0}],"meta":{"pagination":{"total":16,"count":10,"per_page":10,"current_page":1,"total_pages":2,"links":{"next":"https:\/\/api.ukfast.io\/safedns\/v1\/zones\/tests.lexicon.com\/records?page=2","last":"https:\/\/api.ukfast.io\/safedns\/v1\/zones\/tests.lexicon.com\/records?page=2"}}}}'
    headers:
      access-control-allow-origin:
      - https://developers.ukfast.io
      cache-control:
      - no-cache, private
      connection:
      - close
      content-length:
      - '2055'
      content-type:
      - application/json
      date:
      - Mon, 03 Jun 2019 07:28:17 GMT
      request-id:
      - 851670e1-7696-416b-8cd4-4eebb8cb7ddd
      server:
      - UKFast Web Services
      transfer-encoding:
      - chunked
      vary:
      - Origin
    status:
      code: 200
      message: OK
- request:
    body: !!python/unicode '{}'
    headers:
      Accept:
      - application/json
      Accept-Encoding:
      - gzip, deflate
      Connection:
      - keep-alive
      Content-Length:
      - '2'
      Content-Type:
      - application/json
      User-Agent:
      - python-requests/2.22.0
    method: GET
    uri: https://api.ukfast.io/safedns/v1/zones/tests.lexicon.com/records?page=2
  response:
    body:
      string: !!python/unicode '{"data":[{"id":3466946,"name":"random.fqdntest.tests.lexicon.com","type":"TXT","content":"\"challengetoken\"","updated_at":"2019-06-03T07:19:36+00:00","ttl":86400,"priority":0},{"id":3466949,"name":"random.fulltest.tests.lexicon.com","type":"TXT","content":"\"challengetoken\"","updated_at":"2019-06-03T07:19:37+00:00","ttl":86400,"priority":0},{"id":3466952,"name":"random.test.tests.lexicon.com","type":"TXT","content":"\"challengetoken\"","updated_at":"2019-06-03T07:19:40+00:00","ttl":86400,"priority":0},{"id":3466955,"name":"updated.test.tests.lexicon.com","type":"TXT","content":"\"challengetoken\"","updated_at":"2019-06-03T07:19:42+00:00","ttl":3600,"priority":0},{"id":3466958,"name":"updated.testfqdn.tests.lexicon.com","type":"TXT","content":"\"challengetoken\"","updated_at":"2019-06-03T07:19:44+00:00","ttl":3600,"priority":0},{"id":3466961,"name":"updated.testfull.tests.lexicon.com","type":"TXT","content":"\"challengetoken\"","updated_at":"2019-06-03T07:19:45+00:00","ttl":3600,"priority":0}],"meta":{"pagination":{"total":16,"count":6,"per_page":10,"current_page":2,"total_pages":2,"links":{"first":"https:\/\/api.ukfast.io\/safedns\/v1\/zones\/tests.lexicon.com\/records?page=1","previous":"https:\/\/api.ukfast.io\/safedns\/v1\/zones\/tests.lexicon.com\/records?page=1"}}}}'
    headers:
      access-control-allow-origin:
      - https://developers.ukfast.io
      cache-control:
      - no-cache, private
      connection:
      - close
      content-length:
      - '1293'
      content-type:
      - application/json
      date:
      - Mon, 03 Jun 2019 07:28:17 GMT
      request-id:
      - 4b92dee0-fde4-4efc-ac4d-432ee83653f8
      server:
      - UKFast Web Services
      transfer-encoding:
      - chunked
      vary:
      - Origin
    status:
      code: 200
      message: OK
- request:
    body: !!python/unicode '{}'
    headers:
      Accept:
      - application/json
      Accept-Encoding:
      - gzip, deflate
      Connection:
      - keep-alive
      Content-Length:
      - '2'
      Content-Type:
      - application/json
      User-Agent:
      - python-requests/2.22.0
    method: GET
    uri: https://api.ukfast.io/safedns/v1/zones/tests.lexicon.com/records
  response:
    body:
      string: !!python/unicode '{"data":[{"id":3466895,"name":"localhost.tests.lexicon.com","type":"A","content":"127.0.0.1","updated_at":"2019-06-03T07:19:16+00:00","ttl":86400,"priority":0},{"id":3466898,"name":"_acme-challenge.fqdn.tests.lexicon.com","type":"TXT","content":"\"challengetoken\"","updated_at":"2019-06-03T07:19:18+00:00","ttl":86400,"priority":0},{"id":3466901,"name":"_acme-challenge.full.tests.lexicon.com","type":"TXT","content":"\"challengetoken\"","updated_at":"2019-06-03T07:19:18+00:00","ttl":86400,"priority":0},{"id":3466904,"name":"_acme-challenge.test.tests.lexicon.com","type":"TXT","content":"\"challengetoken\"","updated_at":"2019-06-03T07:19:19+00:00","ttl":86400,"priority":0},{"id":3466907,"name":"_acme-challenge.createrecordset.tests.lexicon.com","type":"TXT","content":"\"challengetoken1\"","updated_at":"2019-06-03T07:19:20+00:00","ttl":86400,"priority":0},{"id":3466910,"name":"_acme-challenge.createrecordset.tests.lexicon.com","type":"TXT","content":"\"challengetoken2\"","updated_at":"2019-06-03T07:19:20+00:00","ttl":86400,"priority":0},{"id":3466913,"name":"_acme-challenge.noop.tests.lexicon.com","type":"TXT","content":"\"challengetoken\"","updated_at":"2019-06-03T07:19:21+00:00","ttl":86400,"priority":0},{"id":3466931,"name":"_acme-challenge.deleterecordinset.tests.lexicon.com","type":"TXT","content":"\"challengetoken2\"","updated_at":"2019-06-03T07:19:30+00:00","ttl":86400,"priority":0},{"id":3466940,"name":"_acme-challenge.listrecordset.tests.lexicon.com","type":"TXT","content":"\"challengetoken1\"","updated_at":"2019-06-03T07:19:35+00:00","ttl":86400,"priority":0},{"id":3466943,"name":"_acme-challenge.listrecordset.tests.lexicon.com","type":"TXT","content":"\"challengetoken2\"","updated_at":"2019-06-03T07:19:35+00:00","ttl":86400,"priority":0}],"meta":{"pagination":{"total":16,"count":10,"per_page":10,"current_page":1,"total_pages":2,"links":{"next":"https:\/\/api.ukfast.io\/safedns\/v1\/zones\/tests.lexicon.com\/records?page=2","last":"https:\/\/api.ukfast.io\/safedns\/v1\/zones\/tests.lexicon.com\/records?page=2"}}}}'
    headers:
      access-control-allow-origin:
      - https://developers.ukfast.io
      cache-control:
      - no-cache, private
      connection:
      - close
      content-length:
      - '2055'
      content-type:
      - application/json
      date:
      - Mon, 03 Jun 2019 07:28:17 GMT
      request-id:
      - b8f572f3-fd30-41ab-b3bb-2bfa91b534a4
      server:
      - UKFast Web Services
      transfer-encoding:
      - chunked
      vary:
      - Origin
    status:
      code: 200
      message: OK
- request:
    body: !!python/unicode '{}'
    headers:
      Accept:
      - application/json
      Accept-Encoding:
      - gzip, deflate
      Connection:
      - keep-alive
      Content-Length:
      - '2'
      Content-Type:
      - application/json
      User-Agent:
      - python-requests/2.22.0
    method: GET
    uri: https://api.ukfast.io/safedns/v1/zones/tests.lexicon.com/records?page=2
  response:
    body:
      string: !!python/unicode '{"data":[{"id":3466946,"name":"random.fqdntest.tests.lexicon.com","type":"TXT","content":"\"challengetoken\"","updated_at":"2019-06-03T07:19:36+00:00","ttl":86400,"priority":0},{"id":3466949,"name":"random.fulltest.tests.lexicon.com","type":"TXT","content":"\"challengetoken\"","updated_at":"2019-06-03T07:19:37+00:00","ttl":86400,"priority":0},{"id":3466952,"name":"random.test.tests.lexicon.com","type":"TXT","content":"\"challengetoken\"","updated_at":"2019-06-03T07:19:40+00:00","ttl":86400,"priority":0},{"id":3466955,"name":"updated.test.tests.lexicon.com","type":"TXT","content":"\"challengetoken\"","updated_at":"2019-06-03T07:19:42+00:00","ttl":3600,"priority":0},{"id":3466958,"name":"updated.testfqdn.tests.lexicon.com","type":"TXT","content":"\"challengetoken\"","updated_at":"2019-06-03T07:19:44+00:00","ttl":3600,"priority":0},{"id":3466961,"name":"updated.testfull.tests.lexicon.com","type":"TXT","content":"\"challengetoken\"","updated_at":"2019-06-03T07:19:45+00:00","ttl":3600,"priority":0}],"meta":{"pagination":{"total":16,"count":6,"per_page":10,"current_page":2,"total_pages":2,"links":{"first":"https:\/\/api.ukfast.io\/safedns\/v1\/zones\/tests.lexicon.com\/records?page=1","previous":"https:\/\/api.ukfast.io\/safedns\/v1\/zones\/tests.lexicon.com\/records?page=1"}}}}'
    headers:
      access-control-allow-origin:
      - https://developers.ukfast.io
      cache-control:
      - no-cache, private
      connection:
      - close
      content-length:
      - '1293'
      content-type:
      - application/json
      date:
      - Mon, 03 Jun 2019 07:28:17 GMT
      request-id:
      - 80df1a08-8164-49d5-9c90-51fc68ef5bc0
      server:
      - UKFast Web Services
      transfer-encoding:
      - chunked
      vary:
      - Origin
    status:
      code: 200
      message: OK
version: 1
