interactions:
- request:
    body: !!python/unicode '{}'
    headers:
      Accept: [application/json]
      Accept-Encoding: ['gzip, deflate']
      Connection: [keep-alive]
      Content-Length: ['2']
      Content-Type: [application/json]
      User-Agent: [python-requests/2.18.4]
    method: GET
    uri: https://api.nsone.net/v1/zones/lexicon-example.com
  response:
    body: {string: !!python/unicode '{"nx_ttl":3600,"retry":7200,"zone":"lexicon-example.com","dnssec":false,"network_pools":["p08"],"primary":{"enabled":false,"secondaries":[]},"refresh":43200,"expiry":1209600,"dns_servers":["dns1.p08.nsone.net","dns2.p08.nsone.net","dns3.p08.nsone.net","dns4.p08.nsone.net"],"records":[{"domain":"localhost.lexicon-example.com","short_answers":["127.0.0.1"],"link":null,"ttl":3600,"tier":1,"type":"A","id":"5ab7b702a632f60001b0b499"}],"meta":{},"link":null,"serial":1521989378,"ttl":3600,"id":"5ab69dd6bbccf900012ef579","hostmaster":"hostmaster@nsone.net","networks":[0],"pool":"p08"}

'}
    headers:
      cache-control: [no-cache, 'private, max-age=0, no-cache, no-store']
      cf-ray: [40122f707c7d88a2-BOM]
      connection: [keep-alive]
      content-length: ['584']
      content-type: [application/json]
      date: ['Sun, 25 Mar 2018 14:49:38 GMT']
      etag: [W/"5a28d770885332d8761b65a8ff54195aa5bc1a01"]
      expect-ct: ['max-age=604800, report-uri="https://report-uri.cloudflare.com/cdn-cgi/beacon/expect-ct"']
      expires: ['0']
      pragma: [no-cache]
      server: [cloudflare]
      set-cookie: ['__cfduid=d97ce7934798d70c619ec004b3049910f1521989378; expires=Mon,
          25-Mar-19 14:49:38 GMT; path=/; domain=.nsone.net; HttpOnly']
      strict-transport-security: [max-age=63072000; includeSubdomains; preload]
      transfer-encoding: [chunked]
      x-content-type-options: [nosniff]
      x-frame-options: [SAMEORIGIN]
      x-ratelimit-by: [customer]
      x-ratelimit-limit: ['900']
      x-ratelimit-period: ['300']
      x-ratelimit-remaining: ['899']
      x-xss-protection: [1; mode=block]
    status: {code: 200, message: OK}
- request:
    body: !!python/unicode '{}'
    headers:
      Accept: [application/json]
      Accept-Encoding: ['gzip, deflate']
      Connection: [keep-alive]
      Content-Length: ['2']
      Content-Type: [application/json]
      User-Agent: [python-requests/2.18.4]
    method: GET
    uri: https://api.nsone.net/v1/zones/lexicon-example.com/docs.lexicon-example.com/CNAME
  response:
    body: {string: !!python/unicode '{"message":"record not found"}

'}
    headers:
      cache-control: [no-cache]
      cf-ray: [40122f747f042df1-BOM]
      connection: [keep-alive]
      content-length: ['31']
      content-type: [application/json]
      date: ['Sun, 25 Mar 2018 14:49:39 GMT']
      expect-ct: ['max-age=604800, report-uri="https://report-uri.cloudflare.com/cdn-cgi/beacon/expect-ct"']
      expires: ['0']
      pragma: [no-cache]
      server: [cloudflare]
      set-cookie: ['__cfduid=d458ea196579cf3f3dc3f13709def04311521989379; expires=Mon,
          25-Mar-19 14:49:39 GMT; path=/; domain=.nsone.net; HttpOnly']
      x-ratelimit-by: [customer]
      x-ratelimit-limit: ['900']
      x-ratelimit-period: ['300']
      x-ratelimit-remaining: ['899']
    status: {code: 404, message: Not Found}
- request:
    body: !!python/unicode '{"domain": "docs.lexicon-example.com", "type": "CNAME",
      "answers": [{"answer": ["docs.example.com"]}], "zone": "lexicon-example.com"}'
    headers:
      Accept: [application/json]
      Accept-Encoding: ['gzip, deflate']
      Connection: [keep-alive]
      Content-Length: ['133']
      Content-Type: [application/json]
      User-Agent: [python-requests/2.18.4]
    method: PUT
    uri: https://api.nsone.net/v1/zones/lexicon-example.com/docs.lexicon-example.com/CNAME
  response:
    body: {string: !!python/unicode '{"domain":"docs.lexicon-example.com","zone":"lexicon-example.com","use_client_subnet":true,"answers":[{"answer":["docs.example.com"],"id":"5ab7b7050c13a400014ee10b"}],"id":"5ab7b7050c13a400014ee10c","regions":{},"meta":{},"link":null,"filters":[],"ttl":3600,"tier":1,"type":"CNAME","networks":[0]}

'}
    headers:
      cache-control: [no-cache, 'private, max-age=0, no-cache, no-store']
      cf-ray: [40122f7848532dbb-BOM]
      connection: [keep-alive]
      content-length: ['298']
      content-type: [application/json]
      date: ['Sun, 25 Mar 2018 14:49:41 GMT']
      expect-ct: ['max-age=604800, report-uri="https://report-uri.cloudflare.com/cdn-cgi/beacon/expect-ct"']
      expires: ['0']
      pragma: [no-cache]
      server: [cloudflare]
      set-cookie: ['__cfduid=d71993393ffa9747455f55622a70448971521989379; expires=Mon,
          25-Mar-19 14:49:39 GMT; path=/; domain=.nsone.net; HttpOnly']
      strict-transport-security: [max-age=63072000; includeSubdomains; preload]
      transfer-encoding: [chunked]
      x-content-type-options: [nosniff]
      x-frame-options: [SAMEORIGIN]
      x-ratelimit-by: [customer]
      x-ratelimit-limit: ['100']
      x-ratelimit-period: ['200']
      x-ratelimit-remaining: ['99']
      x-xss-protection: [1; mode=block]
    status: {code: 200, message: OK}
version: 1
