interactions:
- request:
    body: null
    headers:
      Accept: ['*/*']
      Accept-Encoding: ['gzip, deflate']
      Connection: [keep-alive]
      User-Agent: [python-requests/2.9.1]
    method: GET
    uri: http://sandbox.namesilo.com/api/getDomainInfo?domain=capsulecdfake.com&type=xml&version=1
  response:
    body: {string: !!python/unicode '<?xml version="1.0"?>

        <namesilo><request><operation>getDomainInfo</operation><ip>208.72.142.184</ip></request><reply><code>300</code><detail>success</detail><created>2016-04-02</created><expires>2018-04-02</expires><status>Active</status><locked>Yes</locked><private>Yes</private><auto_renew>Yes</auto_renew><traffic_type>Parked</traffic_type><forward_url>N/A</forward_url><forward_type>N/A</forward_type><nameservers><nameserver
        position="1">NS1.NAMESILO.COM</nameserver><nameserver position="2">NS2.NAMESILO.COM</nameserver></nameservers><contact_ids><registrant>1321</registrant><administrative>1321</administrative><technical>1321</technical><billing>1321</billing></contact_ids></reply></namesilo>

        '}
    headers:
      cache-control: ['no-store, no-cache, must-revalidate, post-check=0, pre-check=0']
      connection: [keep-alive]
      content-length: ['703']
      content-type: [text/xml]
      date: ['Sun, 03 Apr 2016 03:09:03 GMT']
      expires: ['Thu, 19 Nov 1981 08:52:00 GMT']
      pragma: [no-cache]
      server: [nginx]
      set-cookie: [PHPSESSID=9f270134877c2f94943a282e96fd3343; path=/; domain=dev.namesilo.com]
      vary: [Accept-Encoding]
      x-proxy-cache: [MISS]
    status: {code: 200, message: OK}
- request:
    body: null
    headers:
      Accept: ['*/*']
      Accept-Encoding: ['gzip, deflate']
      Connection: [keep-alive]
      User-Agent: [python-requests/2.9.1]
    method: GET
    uri: http://sandbox.namesilo.com/api/dnsAddRecord?domain=capsulecdfake.com&rrhost=random.test&rrtype=TXT&rrvalue=challengetoken&type=xml&version=1&rrttl=3600
  response:
    body: {string: !!python/unicode '<?xml version="1.0"?>

        <namesilo><request><operation>dnsAddRecord</operation><ip>208.72.142.184</ip></request><reply><code>300</code><detail>success</detail><record_id>0be072e325c133a6404b50d4db16d4eb</record_id></reply></namesilo>

        '}
    headers:
      cache-control: ['no-store, no-cache, must-revalidate, post-check=0, pre-check=0']
      connection: [keep-alive]
      content-length: ['231']
      content-type: [text/xml]
      date: ['Sun, 03 Apr 2016 03:09:05 GMT']
      expires: ['Thu, 19 Nov 1981 08:52:00 GMT']
      pragma: [no-cache]
      server: [nginx]
      set-cookie: [PHPSESSID=07d8a9c6557881097c753c815c37ee9c; path=/; domain=dev.namesilo.com]
      vary: [Accept-Encoding]
      x-proxy-cache: [MISS]
    status: {code: 200, message: OK}
- request:
    body: null
    headers:
      Accept: ['*/*']
      Accept-Encoding: ['gzip, deflate']
      Connection: [keep-alive]
      User-Agent: [python-requests/2.9.1]
    method: GET
    uri: http://sandbox.namesilo.com/api/dnsListRecords?domain=capsulecdfake.com&type=xml&version=1
  response:
    body: {string: !!python/unicode '<?xml version="1.0"?>

        <namesilo><request><operation>dnsListRecords</operation><ip>208.72.142.184</ip></request><reply><code>300</code><detail>success</detail><resource_record><record_id>cf0f5addd6803a7700dbfc60ff8b7675</record_id><type>A</type><host>capsulecdfake.com</host><value>107.161.23.204</value><ttl>3603</ttl><distance>0</distance></resource_record><resource_record><record_id>189b6a5b36251145c060d453f771fb13</record_id><type>A</type><host>capsulecdfake.com</host><value>164.132.212.72</value><ttl>3603</ttl><distance>0</distance></resource_record><resource_record><record_id>df9ad7186be382e37997e8de575cd5a4</record_id><type>A</type><host>capsulecdfake.com</host><value>167.114.213.199</value><ttl>3603</ttl><distance>0</distance></resource_record><resource_record><record_id>b318260397dd3e024bedb73f3eeee938</record_id><type>A</type><host>localhost.capsulecdfake.com</host><value>127.0.0.1</value><ttl>7200</ttl><distance>0</distance></resource_record><resource_record><record_id>f8bcfa159c3386ea456bb083036a10f5</record_id><type>CNAME</type><host>docs.capsulecdfake.com</host><value>docs.example.com</value><ttl>7200</ttl><distance>0</distance></resource_record><resource_record><record_id>b0e7247ef85971ed89284471126b9d5e</record_id><type>CNAME</type><host>www.capsulecdfake.com</host><value>parking.namesilo.com</value><ttl>3603</ttl><distance>0</distance></resource_record><resource_record><record_id>fa0e471f4fa90492c408e48622472ea0</record_id><type>TXT</type><host>random.fqdntest.capsulecdfake.com</host><value>challengetoken</value><ttl>7200</ttl><distance>0</distance></resource_record><resource_record><record_id>8262ed73b91378ddb4619b4bfa8cf0e9</record_id><type>TXT</type><host>random.fulltest.capsulecdfake.com</host><value>challengetoken</value><ttl>7200</ttl><distance>0</distance></resource_record><resource_record><record_id>0be072e325c133a6404b50d4db16d4eb</record_id><type>TXT</type><host>random.test.capsulecdfake.com</host><value>challengetoken</value><ttl>7200</ttl><distance>0</distance></resource_record><resource_record><record_id>8bc1c2ab7721caa67c40464bc715dfd9</record_id><type>TXT</type><host>_acme-challenge.fqdn.capsulecdfake.com</host><value>challengetoken</value><ttl>7200</ttl><distance>0</distance></resource_record><resource_record><record_id>74618129e89eaf753d104e49b2f2f55b</record_id><type>TXT</type><host>_acme-challenge.full.capsulecdfake.com</host><value>challengetoken</value><ttl>7200</ttl><distance>0</distance></resource_record><resource_record><record_id>7ebc06ef3977aef104d2c4133b597bf4</record_id><type>TXT</type><host>_acme-challenge.test.capsulecdfake.com</host><value>challengetoken</value><ttl>7200</ttl><distance>0</distance></resource_record></reply></namesilo>

        '}
    headers:
      cache-control: ['no-store, no-cache, must-revalidate, post-check=0, pre-check=0']
      connection: [keep-alive]
      content-length: ['2728']
      content-type: [text/xml]
      date: ['Sun, 03 Apr 2016 03:09:07 GMT']
      expires: ['Thu, 19 Nov 1981 08:52:00 GMT']
      pragma: [no-cache]
      server: [nginx]
      set-cookie: [PHPSESSID=02c542c789cfb21127c2daca8722b00c; path=/; domain=dev.namesilo.com]
      transfer-encoding: [chunked]
      vary: [Accept-Encoding]
      x-proxy-cache: [MISS]
    status: {code: 200, message: OK}
version: 1
